Archive member included to satisfy reference by file (symbol)

/Applications/STM32CubeIDE.app/Contents/Eclipse/plugins/com.st.stm32cube.ide.mcu.externaltools.gnu-tools-for-stm32.9-2020-q2-update.macos64_1.5.0.202011040924/tools/bin/../lib/gcc/arm-none-eabi/9.3.1/../../../../arm-none-eabi/lib/thumb/v7e-m+fp/hard/libc_nano.a(lib_a-exit.o)
                              /Applications/STM32CubeIDE.app/Contents/Eclipse/plugins/com.st.stm32cube.ide.mcu.externaltools.gnu-tools-for-stm32.9-2020-q2-update.macos64_1.5.0.202011040924/tools/bin/../lib/gcc/arm-none-eabi/9.3.1/../../../../arm-none-eabi/lib/thumb/v7e-m+fp/hard/crt0.o (exit)
/Applications/STM32CubeIDE.app/Contents/Eclipse/plugins/com.st.stm32cube.ide.mcu.externaltools.gnu-tools-for-stm32.9-2020-q2-update.macos64_1.5.0.202011040924/tools/bin/../lib/gcc/arm-none-eabi/9.3.1/../../../../arm-none-eabi/lib/thumb/v7e-m+fp/hard/libc_nano.a(lib_a-impure.o)
                              /Applications/STM32CubeIDE.app/Contents/Eclipse/plugins/com.st.stm32cube.ide.mcu.externaltools.gnu-tools-for-stm32.9-2020-q2-update.macos64_1.5.0.202011040924/tools/bin/../lib/gcc/arm-none-eabi/9.3.1/../../../../arm-none-eabi/lib/thumb/v7e-m+fp/hard/libc_nano.a(lib_a-exit.o) (_global_impure_ptr)
/Applications/STM32CubeIDE.app/Contents/Eclipse/plugins/com.st.stm32cube.ide.mcu.externaltools.gnu-tools-for-stm32.9-2020-q2-update.macos64_1.5.0.202011040924/tools/bin/../lib/gcc/arm-none-eabi/9.3.1/../../../../arm-none-eabi/lib/thumb/v7e-m+fp/hard/libc_nano.a(lib_a-init.o)
                              /Applications/STM32CubeIDE.app/Contents/Eclipse/plugins/com.st.stm32cube.ide.mcu.externaltools.gnu-tools-for-stm32.9-2020-q2-update.macos64_1.5.0.202011040924/tools/bin/../lib/gcc/arm-none-eabi/9.3.1/../../../../arm-none-eabi/lib/thumb/v7e-m+fp/hard/crt0.o (__libc_init_array)
/Applications/STM32CubeIDE.app/Contents/Eclipse/plugins/com.st.stm32cube.ide.mcu.externaltools.gnu-tools-for-stm32.9-2020-q2-update.macos64_1.5.0.202011040924/tools/bin/../lib/gcc/arm-none-eabi/9.3.1/../../../../arm-none-eabi/lib/thumb/v7e-m+fp/hard/libc_nano.a(lib_a-memcpy-stub.o)
                              Core/Src/DMX.o (memcpy)
/Applications/STM32CubeIDE.app/Contents/Eclipse/plugins/com.st.stm32cube.ide.mcu.externaltools.gnu-tools-for-stm32.9-2020-q2-update.macos64_1.5.0.202011040924/tools/bin/../lib/gcc/arm-none-eabi/9.3.1/../../../../arm-none-eabi/lib/thumb/v7e-m+fp/hard/libc_nano.a(lib_a-memset.o)
                              /Applications/STM32CubeIDE.app/Contents/Eclipse/plugins/com.st.stm32cube.ide.mcu.externaltools.gnu-tools-for-stm32.9-2020-q2-update.macos64_1.5.0.202011040924/tools/bin/../lib/gcc/arm-none-eabi/9.3.1/../../../../arm-none-eabi/lib/thumb/v7e-m+fp/hard/crt0.o (memset)
/Applications/STM32CubeIDE.app/Contents/Eclipse/plugins/com.st.stm32cube.ide.mcu.externaltools.gnu-tools-for-stm32.9-2020-q2-update.macos64_1.5.0.202011040924/tools/bin/../lib/gcc/arm-none-eabi/9.3.1/../../../../arm-none-eabi/lib/thumb/v7e-m+fp/hard/libc_nano.a(lib_a-sprintf.o)
                              lcd_lib/lcd.o (sprintf)
/Applications/STM32CubeIDE.app/Contents/Eclipse/plugins/com.st.stm32cube.ide.mcu.externaltools.gnu-tools-for-stm32.9-2020-q2-update.macos64_1.5.0.202011040924/tools/bin/../lib/gcc/arm-none-eabi/9.3.1/../../../../arm-none-eabi/lib/thumb/v7e-m+fp/hard/libc_nano.a(lib_a-strlen.o)
                              lcd_lib/lcd.o (strlen)
/Applications/STM32CubeIDE.app/Contents/Eclipse/plugins/com.st.stm32cube.ide.mcu.externaltools.gnu-tools-for-stm32.9-2020-q2-update.macos64_1.5.0.202011040924/tools/bin/../lib/gcc/arm-none-eabi/9.3.1/../../../../arm-none-eabi/lib/thumb/v7e-m+fp/hard/libc_nano.a(lib_a-nano-svfprintf.o)
                              /Applications/STM32CubeIDE.app/Contents/Eclipse/plugins/com.st.stm32cube.ide.mcu.externaltools.gnu-tools-for-stm32.9-2020-q2-update.macos64_1.5.0.202011040924/tools/bin/../lib/gcc/arm-none-eabi/9.3.1/../../../../arm-none-eabi/lib/thumb/v7e-m+fp/hard/libc_nano.a(lib_a-sprintf.o) (_svfprintf_r)
/Applications/STM32CubeIDE.app/Contents/Eclipse/plugins/com.st.stm32cube.ide.mcu.externaltools.gnu-tools-for-stm32.9-2020-q2-update.macos64_1.5.0.202011040924/tools/bin/../lib/gcc/arm-none-eabi/9.3.1/../../../../arm-none-eabi/lib/thumb/v7e-m+fp/hard/libc_nano.a(lib_a-nano-vfprintf_i.o)
                              /Applications/STM32CubeIDE.app/Contents/Eclipse/plugins/com.st.stm32cube.ide.mcu.externaltools.gnu-tools-for-stm32.9-2020-q2-update.macos64_1.5.0.202011040924/tools/bin/../lib/gcc/arm-none-eabi/9.3.1/../../../../arm-none-eabi/lib/thumb/v7e-m+fp/hard/libc_nano.a(lib_a-nano-svfprintf.o) (_printf_i)
/Applications/STM32CubeIDE.app/Contents/Eclipse/plugins/com.st.stm32cube.ide.mcu.externaltools.gnu-tools-for-stm32.9-2020-q2-update.macos64_1.5.0.202011040924/tools/bin/../lib/gcc/arm-none-eabi/9.3.1/../../../../arm-none-eabi/lib/thumb/v7e-m+fp/hard/libc_nano.a(lib_a-memchr.o)
[...]
Memory Configuration

Name             Origin             Length             Attributes
RAM              0x0000000020000000 0x0000000000020000 xrw
FLASH            0x0000000008000000 0x0000000000080000 xr
*default*        0x0000000000000000 0xffffffffffffffff

Linker script and memory map

LOAD /Applications/STM32CubeIDE.app/Contents/Eclipse/plugins/com.st.stm32cube.ide.mcu.externaltools.gnu-tools-for-stm32.9-2020-q2-update.macos64_1.5.0.202011040924/tools/bin/../lib/gcc/arm-none-eabi/9.3.1/thumb/v7e-m+fp/hard/crti.o
LOAD /Applications/STM32CubeIDE.app/Contents/Eclipse/plugins/com.st.stm32cube.ide.mcu.externaltools.gnu-tools-for-stm32.9-2020-q2-update.macos64_1.5.0.202011040924/tools/bin/../lib/gcc/arm-none-eabi/9.3.1/thumb/v7e-m+fp/hard/crtbegin.o
LOAD /Applications/STM32CubeIDE.app/Contents/Eclipse/plugins/com.st.stm32cube.ide.mcu.externaltools.gnu-tools-for-stm32.9-2020-q2-update.macos64_1.5.0.202011040924/tools/bin/../lib/gcc/arm-none-eabi/9.3.1/../../../../arm-none-eabi/lib/thumb/v7e-m+fp/hard/crt0.o
LOAD Core/Src/Component_test.o
LOAD Core/Src/DMX.o
LOAD Core/Src/Encoder.o
LOAD Core/Src/dma.o
LOAD Core/Src/gpio.o
LOAD Core/Src/main.o
LOAD Core/Src/sdio.o
LOAD Core/Src/stm32f4xx_hal_msp.o
LOAD Core/Src/stm32f4xx_it.o
LOAD Core/Src/system_stm32f4xx.o
LOAD Core/Src/tim.o
LOAD Core/Src/usart.o
LOAD Core/Startup/startup_stm32f446zetx.o
LOAD Drivers/STM32F4xx_HAL_Driver/Src/stm32f4xx_hal.o
LOAD Drivers/STM32F4xx_HAL_Driver/Src/stm32f4xx_hal_cortex.o
LOAD Drivers/STM32F4xx_HAL_Driver/Src/stm32f4xx_hal_dma.o
LOAD Drivers/STM32F4xx_HAL_Driver/Src/stm32f4xx_hal_dma_ex.o
LOAD Drivers/STM32F4xx_HAL_Driver/Src/stm32f4xx_hal_exti.o
LOAD Drivers/STM32F4xx_HAL_Driver/Src/stm32f4xx_hal_flash.o
LOAD Drivers/STM32F4xx_HAL_Driver/Src/stm32f4xx_hal_flash_ex.o
LOAD Drivers/STM32F4xx_HAL_Driver/Src/stm32f4xx_hal_flash_ramfunc.o
LOAD Drivers/STM32F4xx_HAL_Driver/Src/stm32f4xx_hal_gpio.o
LOAD Drivers/STM32F4xx_HAL_Driver/Src/stm32f4xx_hal_pwr.o
LOAD Drivers/STM32F4xx_HAL_Driver/Src/stm32f4xx_hal_pwr_ex.o
LOAD Drivers/STM32F4xx_HAL_Driver/Src/stm32f4xx_hal_rcc.o
LOAD Drivers/STM32F4xx_HAL_Driver/Src/stm32f4xx_hal_rcc_ex.o
LOAD Drivers/STM32F4xx_HAL_Driver/Src/stm32f4xx_hal_sd.o
LOAD Drivers/STM32F4xx_HAL_Driver/Src/stm32f4xx_hal_tim.o
LOAD Drivers/STM32F4xx_HAL_Driver/Src/stm32f4xx_hal_tim_ex.o
LOAD Drivers/STM32F4xx_HAL_Driver/Src/stm32f4xx_hal_uart.o
LOAD Drivers/STM32F4xx_HAL_Driver/Src/stm32f4xx_ll_sdmmc.o
LOAD FATFS/App/fatfs.o
LOAD FATFS/Target/bsp_driver_sd.o
LOAD FATFS/Target/fatfs_platform.o
LOAD FATFS/Target/sd_diskio.o
LOAD Middlewares/Third_Party/FatFs/src/diskio.o
LOAD Middlewares/Third_Party/FatFs/src/ff.o
LOAD Middlewares/Third_Party/FatFs/src/ff_gen_drv.o
LOAD Middlewares/Third_Party/FatFs/src/option/syscall.o
LOAD lcd_lib/lcd.o
START GROUP
LOAD /Applications/STM32CubeIDE.app/Contents/Eclipse/plugins/com.st.stm32cube.ide.mcu.externaltools.gnu-tools-for-stm32.9-2020-q2-update.macos64_1.5.0.202011040924/tools/bin/../lib/gcc/arm-none-eabi/9.3.1/../../../../arm-none-eabi/lib/thumb/v7e-m+fp/hard/libc_nano.a
LOAD /Applications/STM32CubeIDE.app/Contents/Eclipse/plugins/com.st.stm32cube.ide.mcu.externaltools.gnu-tools-for-stm32.9-2020-q2-update.macos64_1.5.0.202011040924/tools/bin/../lib/gcc/arm-none-eabi/9.3.1/../../../../arm-none-eabi/lib/thumb/v7e-m+fp/hard/libm.a
END GROUP
START GROUP
LOAD /Applications/STM32CubeIDE.app/Contents/Eclipse/plugins/com.st.stm32cube.ide.mcu.externaltools.gnu-tools-for-stm32.9-2020-q2-update.macos64_1.5.0.202011040924/tools/bin/../lib/gcc/arm-none-eabi/9.3.1/thumb/v7e-m+fp/hard/libgcc.a
LOAD /Applications/STM32CubeIDE.app/Contents/Eclipse/plugins/com.st.stm32cube.ide.mcu.externaltools.gnu-tools-for-stm32.9-2020-q2-update.macos64_1.5.0.202011040924/tools/bin/../lib/gcc/arm-none-eabi/9.3.1/../../../../arm-none-eabi/lib/thumb/v7e-m+fp/hard/libc_nano.a
END GROUP
START GROUP
LOAD /Applications/STM32CubeIDE.app/Contents/Eclipse/plugins/com.st.stm32cube.ide.mcu.externaltools.gnu-tools-for-stm32.9-2020-q2-update.macos64_1.5.0.202011040924/tools/bin/../lib/gcc/arm-none-eabi/9.3.1/thumb/v7e-m+fp/hard/libgcc.a
LOAD /Applications/STM32CubeIDE.app/Contents/Eclipse/plugins/com.st.stm32cube.ide.mcu.externaltools.gnu-tools-for-stm32.9-2020-q2-update.macos64_1.5.0.202011040924/tools/bin/../lib/gcc/arm-none-eabi/9.3.1/../../../../arm-none-eabi/lib/thumb/v7e-m+fp/hard/libc_nano.a
LOAD /Applications/STM32CubeIDE.app/Contents/Eclipse/plugins/com.st.stm32cube.ide.mcu.externaltools.gnu-tools-for-stm32.9-2020-q2-update.macos64_1.5.0.202011040924/tools/bin/../lib/gcc/arm-none-eabi/9.3.1/../../../../arm-none-eabi/lib/thumb/v7e-m+fp/hard/libnosys.a
END GROUP
START GROUP
LOAD /Applications/STM32CubeIDE.app/Contents/Eclipse/plugins/com.st.stm32cube.ide.mcu.externaltools.gnu-tools-for-stm32.9-2020-q2-update.macos64_1.5.0.202011040924/tools/bin/../lib/gcc/arm-none-eabi/9.3.1/thumb/v7e-m+fp/hard/libgcc.a
LOAD /Applications/STM32CubeIDE.app/Contents/Eclipse/plugins/com.st.stm32cube.ide.mcu.externaltools.gnu-tools-for-stm32.9-2020-q2-update.macos64_1.5.0.202011040924/tools/bin/../lib/gcc/arm-none-eabi/9.3.1/../../../../arm-none-eabi/lib/thumb/v7e-m+fp/hard/libc_nano.a
LOAD /Applications/STM32CubeIDE.app/Contents/Eclipse/plugins/com.st.stm32cube.ide.mcu.externaltools.gnu-tools-for-stm32.9-2020-q2-update.macos64_1.5.0.202011040924/tools/bin/../lib/gcc/arm-none-eabi/9.3.1/../../../../arm-none-eabi/lib/thumb/v7e-m+fp/hard/libnosys.a
END GROUP
LOAD /Applications/STM32CubeIDE.app/Contents/Eclipse/plugins/com.st.stm32cube.ide.mcu.externaltools.gnu-tools-for-stm32.9-2020-q2-update.macos64_1.5.0.202011040924/tools/bin/../lib/gcc/arm-none-eabi/9.3.1/thumb/v7e-m+fp/hard/crtend.o
LOAD /Applications/STM32CubeIDE.app/Contents/Eclipse/plugins/com.st.stm32cube.ide.mcu.externaltools.gnu-tools-for-stm32.9-2020-q2-update.macos64_1.5.0.202011040924/tools/bin/../lib/gcc/arm-none-eabi/9.3.1/thumb/v7e-m+fp/hard/crtn.o
                0x0000000020020000                _estack = (ORIGIN (RAM) + LENGTH (RAM))
                0x0000000000000200                _Min_Heap_Size = 0x200
                0x0000000000000400                _Min_Stack_Size = 0x400

.isr_vector     0x0000000008000000      0x1c4
                0x0000000008000000                . = ALIGN (0x4)
 *(.isr_vector)
 .isr_vector    0x0000000008000000      0x1c4 Core/Startup/startup_stm32f446zetx.o
                0x0000000008000000                g_pfnVectors
                0x00000000080001c4                . = ALIGN (0x4)

.text           0x00000000080001c4     0x76cc
                0x00000000080001c4                . = ALIGN (0x4)
 *(.text)
 .text          0x00000000080001c4       0x40 /Applications/STM32CubeIDE.app/Contents/Eclipse/plugins/com.st.stm32cube.ide.mcu.externaltools.gnu-tools-for-stm32.9-2020-q2-update.macos64_1.5.0.202011040924/tools/bin/../lib/gcc/arm-none-eabi/9.3.1/thumb/v7e-m+fp/hard/crtbegin.o
 .text          0x0000000008000204       0x10 /Applications/STM32CubeIDE.app/Contents/Eclipse/plugins/com.st.stm32cube.ide.mcu.externaltools.gnu-tools-for-stm32.9-2020-q2-update.macos64_1.5.0.202011040924/tools/bin/../lib/gcc/arm-none-eabi/9.3.1/../../../../arm-none-eabi/lib/thumb/v7e-m+fp/hard/libc_nano.a(lib_a-strlen.o)
                0x0000000008000204                strlen
 .text          0x0000000008000214       0x30 /Applications/STM32CubeIDE.app/Contents/Eclipse/plugins/com.st.stm32cube.ide.mcu.externaltools.gnu-tools-for-stm32.9-2020-q2-update.macos64_1.5.0.202011040924/tools/bin/../lib/gcc/arm-none-eabi/9.3.1/thumb/v7e-m+fp/hard/libgcc.a(_aeabi_uldivmod.o)
                0x0000000008000214                __aeabi_uldivmod
 .text          0x0000000008000244      0x2c4 /Applications/STM32CubeIDE.app/Contents/Eclipse/plugins/com.st.stm32cube.ide.mcu.externaltools.gnu-tools-for-stm32.9-2020-q2-update.macos64_1.5.0.202011040924/tools/bin/../lib/gcc/arm-none-eabi/9.3.1/thumb/v7e-m+fp/hard/libgcc.a(_udivmoddi4.o)
                0x0000000008000244                __udivmoddi4
 .text          0x0000000008000508        0x4 /Applications/STM32CubeIDE.app/Contents/Eclipse/plugins/com.st.stm32cube.ide.mcu.externaltools.gnu-tools-for-stm32.9-2020-q2-update.macos64_1.5.0.202011040924/tools/bin/../lib/gcc/arm-none-eabi/9.3.1/thumb/v7e-m+fp/hard/libgcc.a(_dvmd_tls.o)
                0x0000000008000508                __aeabi_ldiv0
                0x0000000008000508                __aeabi_idiv0
 *(.text*)
 .text.test_LCD
                0x000000000800050c       0xcc Core/Src/Component_test.o
                0x000000000800050c                test_LCD
 .text.DMX_Init
                0x00000000080005d8       0x94 Core/Src/DMX.o
                0x00000000080005d8                DMX_Init
 .text.DMX_zeroes
                0x000000000800066c       0x34 Core/Src/DMX.o
 .text.MX_DMA_Init
                0x00000000080006a0       0x50 Core/Src/dma.o
                0x00000000080006a0                MX_DMA_Init
 .text.MX_GPIO_Init
                0x00000000080006f0      0x2bc Core/Src/gpio.o
                0x00000000080006f0                MX_GPIO_Init
 .text.main     0x00000000080009ac       0x9c Core/Src/main.o
                0x00000000080009ac                main
 .text.SystemClock_Config
                0x0000000008000a48      0x124 Core/Src/main.o
                0x0000000008000a48                SystemClock_Config
 .text.notify   0x0000000008000b6c       0x4c Core/Src/main.o
                0x0000000008000b6c                notify
 .text.HAL_TIM_PeriodElapsedCallback
                0x0000000008000bb8       0x84 Core/Src/main.o
                0x0000000008000bb8                HAL_TIM_PeriodElapsedCallback
 .text.HAL_UART_RxCpltCallback
                0x0000000008000c3c       0x3c Core/Src/main.o
                0x0000000008000c3c                HAL_UART_RxCpltCallback
 .text.HAL_UART_TxCpltCallback
                0x0000000008000c78       0x2c Core/Src/main.o
                0x0000000008000c78                HAL_UART_TxCpltCallback
 .text.Error_Handler
                0x0000000008000ca4        0xe Core/Src/main.o
                0x0000000008000ca4                Error_Handler
 *fill*         0x0000000008000cb2        0x2 
 .text.MX_SDIO_SD_Init
                0x0000000008000cb4       0x40 Core/Src/sdio.o
                0x0000000008000cb4                MX_SDIO_SD_Init
 .text.HAL_SD_MspInit
                0x0000000008000cf4      0x220 Core/Src/sdio.o
                0x0000000008000cf4                HAL_SD_MspInit
 .text.HAL_MspInit
                0x0000000008000f14       0x50 Core/Src/stm32f4xx_hal_msp.o
                0x0000000008000f14                HAL_MspInit
 .text.NMI_Handler
                0x0000000008000f64        0xe Core/Src/stm32f4xx_it.o
                0x0000000008000f64                NMI_Handler
 .text.HardFault_Handler
                0x0000000008000f72        0x6 Core/Src/stm32f4xx_it.o
                0x0000000008000f72                HardFault_Handler
 .text.MemManage_Handler
                0x0000000008000f78        0x6 Core/Src/stm32f4xx_it.o
                0x0000000008000f78                MemManage_Handler
 .text.BusFault_Handler
                0x0000000008000f7e        0x6 Core/Src/stm32f4xx_it.o
                0x0000000008000f7e                BusFault_Handler
 .text.UsageFault_Handler
                0x0000000008000f84        0x6 Core/Src/stm32f4xx_it.o
                0x0000000008000f84                UsageFault_Handler
 .text.SVC_Handler
                0x0000000008000f8a        0xe Core/Src/stm32f4xx_it.o
                0x0000000008000f8a                SVC_Handler
 .text.DebugMon_Handler
                0x0000000008000f98        0xe Core/Src/stm32f4xx_it.o
                0x0000000008000f98                DebugMon_Handler
 .text.PendSV_Handler
                0x0000000008000fa6        0xe Core/Src/stm32f4xx_it.o
                0x0000000008000fa6                PendSV_Handler
 .text.SysTick_Handler
                0x0000000008000fb4       0x10 Core/Src/stm32f4xx_it.o
                0x0000000008000fb4                SysTick_Handler
 .text.TIM1_TRG_COM_TIM11_IRQHandler
                0x0000000008000fc4       0x1c Core/Src/stm32f4xx_it.o
                0x0000000008000fc4                TIM1_TRG_COM_TIM11_IRQHandler
 .text.TIM8_UP_TIM13_IRQHandler
                0x0000000008000fe0       0x14 Core/Src/stm32f4xx_it.o
                0x0000000008000fe0                TIM8_UP_TIM13_IRQHandler
 .text.TIM8_TRG_COM_TIM14_IRQHandler
                0x0000000008000ff4       0x14 Core/Src/stm32f4xx_it.o
                0x0000000008000ff4                TIM8_TRG_COM_TIM14_IRQHandler
 .text.SDIO_IRQHandler
                0x0000000008001008       0x14 Core/Src/stm32f4xx_it.o
                0x0000000008001008                SDIO_IRQHandler
 .text.UART4_IRQHandler
                0x000000000800101c       0x14 Core/Src/stm32f4xx_it.o
                0x000000000800101c                UART4_IRQHandler
 .text.DMA2_Stream3_IRQHandler
                0x0000000008001030       0x14 Core/Src/stm32f4xx_it.o
                0x0000000008001030                DMA2_Stream3_IRQHandler
 .text.DMA2_Stream6_IRQHandler
                0x0000000008001044       0x14 Core/Src/stm32f4xx_it.o
                0x0000000008001044                DMA2_Stream6_IRQHandler
 .text.SystemInit
                0x0000000008001058       0x2c Core/Src/system_stm32f4xx.o
                0x0000000008001058                SystemInit
 .text.MX_TIM1_Init
                0x0000000008001084      0x100 Core/Src/tim.o
                0x0000000008001084                MX_TIM1_Init
 .text.MX_TIM7_Init
                0x0000000008001184       0x6c Core/Src/tim.o
                0x0000000008001184                MX_TIM7_Init
 .text.MX_TIM9_Init
                0x00000000080011f0       0xd4 Core/Src/tim.o
                0x00000000080011f0                MX_TIM9_Init
 .text.MX_TIM10_Init
                0x00000000080012c4       0x58 Core/Src/tim.o
                0x00000000080012c4                MX_TIM10_Init
 .text.MX_TIM11_Init
                0x000000000800131c       0x44 Core/Src/tim.o
                0x000000000800131c                MX_TIM11_Init
 .text.MX_TIM13_Init
                0x0000000008001360       0x4c Core/Src/tim.o
                0x0000000008001360                MX_TIM13_Init
 .text.MX_TIM14_Init
                0x00000000080013ac       0x58 Core/Src/tim.o
                0x00000000080013ac                MX_TIM14_Init
 .text.HAL_TIM_PWM_MspInit
                0x0000000008001404       0x50 Core/Src/tim.o
                0x0000000008001404                HAL_TIM_PWM_MspInit
 .text.HAL_TIM_Base_MspInit
                0x0000000008001454      0x14c Core/Src/tim.o
                0x0000000008001454                HAL_TIM_Base_MspInit
 .text.HAL_TIM_MspPostInit
                0x00000000080015a0       0xc4 Core/Src/tim.o
                0x00000000080015a0                HAL_TIM_MspPostInit
 .text.MX_UART4_Init
                0x0000000008001664       0x58 Core/Src/usart.o
                0x0000000008001664                MX_UART4_Init
 .text.HAL_UART_MspInit
                0x00000000080016bc       0xa0 Core/Src/usart.o
                0x00000000080016bc                HAL_UART_MspInit
 .text.Reset_Handler
                0x000000000800175c       0x50 Core/Startup/startup_stm32f446zetx.o
                0x000000000800175c                Reset_Handler
 .text.Default_Handler
                0x00000000080017ac        0x2 Core/Startup/startup_stm32f446zetx.o
                0x00000000080017ac                DMA1_Stream3_IRQHandler
                0x00000000080017ac                EXTI2_IRQHandler
                0x00000000080017ac                TIM8_CC_IRQHandler
                0x00000000080017ac                FMPI2C1_EV_IRQHandler
                0x00000000080017ac                SPI4_IRQHandler
                0x00000000080017ac                TIM1_CC_IRQHandler
                0x00000000080017ac                DMA2_Stream5_IRQHandler
                0x00000000080017ac                DMA1_Stream5_IRQHandler
                0x00000000080017ac                PVD_IRQHandler
                0x00000000080017ac                TAMP_STAMP_IRQHandler
                0x00000000080017ac                CAN2_RX1_IRQHandler
                0x00000000080017ac                EXTI3_IRQHandler
                0x00000000080017ac                TIM1_UP_TIM10_IRQHandler
                0x00000000080017ac                I2C3_ER_IRQHandler
                0x00000000080017ac                EXTI0_IRQHandler
                0x00000000080017ac                I2C2_EV_IRQHandler
                0x00000000080017ac                DMA1_Stream2_IRQHandler
                0x00000000080017ac                CAN1_RX0_IRQHandler
                0x00000000080017ac                FPU_IRQHandler
                0x00000000080017ac                OTG_HS_WKUP_IRQHandler
                0x00000000080017ac                CAN2_SCE_IRQHandler
                0x00000000080017ac                DMA2_Stream2_IRQHandler
                0x00000000080017ac                SPI1_IRQHandler
                0x00000000080017ac                TIM6_DAC_IRQHandler
                0x00000000080017ac                TIM1_BRK_TIM9_IRQHandler
                0x00000000080017ac                DCMI_IRQHandler
                0x00000000080017ac                CAN2_RX0_IRQHandler
                0x00000000080017ac                SAI2_IRQHandler
                0x00000000080017ac                USART6_IRQHandler
                0x00000000080017ac                USART3_IRQHandler
                0x00000000080017ac                CAN1_RX1_IRQHandler
                0x00000000080017ac                UART5_IRQHandler
                0x00000000080017ac                DMA2_Stream0_IRQHandler
                0x00000000080017ac                TIM4_IRQHandler
                0x00000000080017ac                QUADSPI_IRQHandler
                0x00000000080017ac                I2C1_EV_IRQHandler
                0x00000000080017ac                DMA1_Stream6_IRQHandler
                0x00000000080017ac                DMA1_Stream1_IRQHandler
                0x00000000080017ac                TIM3_IRQHandler
                0x00000000080017ac                RCC_IRQHandler
                0x00000000080017ac                TIM8_BRK_TIM12_IRQHandler
                0x00000000080017ac                Default_Handler
                0x00000000080017ac                CEC_IRQHandler
                0x00000000080017ac                EXTI15_10_IRQHandler
                0x00000000080017ac                ADC_IRQHandler
                0x00000000080017ac                DMA1_Stream7_IRQHandler
                0x00000000080017ac                TIM7_IRQHandler
                0x00000000080017ac                CAN2_TX_IRQHandler
                0x00000000080017ac                TIM5_IRQHandler
                0x00000000080017ac                DMA2_Stream7_IRQHandler
                0x00000000080017ac                I2C3_EV_IRQHandler
                0x00000000080017ac                EXTI9_5_IRQHandler
                0x00000000080017ac                RTC_WKUP_IRQHandler
                0x00000000080017ac                SPDIF_RX_IRQHandler
                0x00000000080017ac                SPI2_IRQHandler
                0x00000000080017ac                OTG_HS_EP1_IN_IRQHandler
                0x00000000080017ac                DMA1_Stream0_IRQHandler
                0x00000000080017ac                CAN1_TX_IRQHandler
                0x00000000080017ac                FMPI2C1_ER_IRQHandler
                0x00000000080017ac                EXTI4_IRQHandler
                0x00000000080017ac                OTG_HS_EP1_OUT_IRQHandler
                0x00000000080017ac                WWDG_IRQHandler
                0x00000000080017ac                TIM2_IRQHandler
                0x00000000080017ac                OTG_FS_WKUP_IRQHandler
                0x00000000080017ac                OTG_HS_IRQHandler
                0x00000000080017ac                EXTI1_IRQHandler
                0x00000000080017ac                USART2_IRQHandler
                0x00000000080017ac                I2C2_ER_IRQHandler
                0x00000000080017ac                DMA2_Stream1_IRQHandler
                0x00000000080017ac                CAN1_SCE_IRQHandler
                0x00000000080017ac                FLASH_IRQHandler
                0x00000000080017ac                DMA2_Stream4_IRQHandler
                0x00000000080017ac                USART1_IRQHandler
                0x00000000080017ac                OTG_FS_IRQHandler
                0x00000000080017ac                SPI3_IRQHandler
                0x00000000080017ac                DMA1_Stream4_IRQHandler
                0x00000000080017ac                I2C1_ER_IRQHandler
                0x00000000080017ac                FMC_IRQHandler
                0x00000000080017ac                SAI1_IRQHandler
                0x00000000080017ac                RTC_Alarm_IRQHandler
 *fill*         0x00000000080017ae        0x2 
 .text.HAL_Init
                0x00000000080017b0       0x44 Drivers/STM32F4xx_HAL_Driver/Src/stm32f4xx_hal.o
                0x00000000080017b0                HAL_Init
 .text.HAL_InitTick
                0x00000000080017f4       0x60 Drivers/STM32F4xx_HAL_Driver/Src/stm32f4xx_hal.o
                0x00000000080017f4                HAL_InitTick
 .text.HAL_IncTick
                0x0000000008001854       0x28 Drivers/STM32F4xx_HAL_Driver/Src/stm32f4xx_hal.o
                0x0000000008001854                HAL_IncTick
 .text.HAL_GetTick
                0x000000000800187c       0x18 Drivers/STM32F4xx_HAL_Driver/Src/stm32f4xx_hal.o
                0x000000000800187c                HAL_GetTick
 .text.HAL_Delay
                0x0000000008001894       0x48 Drivers/STM32F4xx_HAL_Driver/Src/stm32f4xx_hal.o
                0x0000000008001894                HAL_Delay
 .text.__NVIC_SetPriorityGrouping
                0x00000000080018dc       0x48 Drivers/STM32F4xx_HAL_Driver/Src/stm32f4xx_hal_cortex.o
 .text.__NVIC_GetPriorityGrouping
                0x0000000008001924       0x1c Drivers/STM32F4xx_HAL_Driver/Src/stm32f4xx_hal_cortex.o
 .text.__NVIC_EnableIRQ
                0x0000000008001940       0x3c Drivers/STM32F4xx_HAL_Driver/Src/stm32f4xx_hal_cortex.o
 .text.__NVIC_SetPriority
                0x000000000800197c       0x54 Drivers/STM32F4xx_HAL_Driver/Src/stm32f4xx_hal_cortex.o
 .text.NVIC_EncodePriority
                0x00000000080019d0       0x66 Drivers/STM32F4xx_HAL_Driver/Src/stm32f4xx_hal_cortex.o
 *fill*         0x0000000008001a36        0x2 
 .text.SysTick_Config
                0x0000000008001a38       0x44 Drivers/STM32F4xx_HAL_Driver/Src/stm32f4xx_hal_cortex.o
 .text.HAL_NVIC_SetPriorityGrouping
                0x0000000008001a7c       0x16 Drivers/STM32F4xx_HAL_Driver/Src/stm32f4xx_hal_cortex.o
                0x0000000008001a7c                HAL_NVIC_SetPriorityGrouping
 .text.HAL_NVIC_SetPriority
                0x0000000008001a92       0x38 Drivers/STM32F4xx_HAL_Driver/Src/stm32f4xx_hal_cortex.o
                0x0000000008001a92                HAL_NVIC_SetPriority
 .text.HAL_NVIC_EnableIRQ
                0x0000000008001aca       0x1c Drivers/STM32F4xx_HAL_Driver/Src/stm32f4xx_hal_cortex.o
                0x0000000008001aca                HAL_NVIC_EnableIRQ
 .text.HAL_SYSTICK_Config
                0x0000000008001ae6       0x18 Drivers/STM32F4xx_HAL_Driver/Src/stm32f4xx_hal_cortex.o
                0x0000000008001ae6                HAL_SYSTICK_Config
 *fill*         0x0000000008001afe        0x2 
 .text.HAL_DMA_Init
                0x0000000008001b00      0x15c Drivers/STM32F4xx_HAL_Driver/Src/stm32f4xx_hal_dma.o
                0x0000000008001b00                HAL_DMA_Init
 .text.HAL_DMA_Abort
                0x0000000008001c5c       0xe0 Drivers/STM32F4xx_HAL_Driver/Src/stm32f4xx_hal_dma.o
                0x0000000008001c5c                HAL_DMA_Abort
 .text.HAL_DMA_Abort_IT
                0x0000000008001d3c       0x44 Drivers/STM32F4xx_HAL_Driver/Src/stm32f4xx_hal_dma.o
                0x0000000008001d3c                HAL_DMA_Abort_IT
 .text.HAL_DMA_IRQHandler
                0x0000000008001d80      0x314 Drivers/STM32F4xx_HAL_Driver/Src/stm32f4xx_hal_dma.o
                0x0000000008001d80                HAL_DMA_IRQHandler
 .text.DMA_CalcBaseAndBitshift
                0x0000000008002094       0x6c Drivers/STM32F4xx_HAL_Driver/Src/stm32f4xx_hal_dma.o
 .text.DMA_CheckFifoParam
                0x0000000008002100       0xf8 Drivers/STM32F4xx_HAL_Driver/Src/stm32f4xx_hal_dma.o
 .text.HAL_GPIO_Init
                0x00000000080021f8      0x328 Drivers/STM32F4xx_HAL_Driver/Src/stm32f4xx_hal_gpio.o
                0x00000000080021f8                HAL_GPIO_Init
 .text.HAL_GPIO_ReadPin
                0x0000000008002520       0x30 Drivers/STM32F4xx_HAL_Driver/Src/stm32f4xx_hal_gpio.o
                0x0000000008002520                HAL_GPIO_ReadPin
 .text.HAL_GPIO_WritePin
                0x0000000008002550       0x32 Drivers/STM32F4xx_HAL_Driver/Src/stm32f4xx_hal_gpio.o
                0x0000000008002550                HAL_GPIO_WritePin
 .text.HAL_GPIO_TogglePin
                0x0000000008002582       0x34 Drivers/STM32F4xx_HAL_Driver/Src/stm32f4xx_hal_gpio.o
                0x0000000008002582                HAL_GPIO_TogglePin
 *fill*         0x00000000080025b6        0x2 
 .text.HAL_PWREx_EnableOverDrive
                0x00000000080025b8       0xa0 Drivers/STM32F4xx_HAL_Driver/Src/stm32f4xx_hal_pwr_ex.o
                0x00000000080025b8                HAL_PWREx_EnableOverDrive
 .text.HAL_RCC_ClockConfig
                0x0000000008002658      0x1cc Drivers/STM32F4xx_HAL_Driver/Src/stm32f4xx_hal_rcc.o
                0x0000000008002658                HAL_RCC_ClockConfig
 .text.HAL_RCC_GetHCLKFreq
                0x0000000008002824       0x18 Drivers/STM32F4xx_HAL_Driver/Src/stm32f4xx_hal_rcc.o
                0x0000000008002824                HAL_RCC_GetHCLKFreq
 .text.HAL_RCC_GetPCLK1Freq
                0x000000000800283c       0x28 Drivers/STM32F4xx_HAL_Driver/Src/stm32f4xx_hal_rcc.o
                0x000000000800283c                HAL_RCC_GetPCLK1Freq
 .text.HAL_RCC_GetPCLK2Freq
                0x0000000008002864       0x28 Drivers/STM32F4xx_HAL_Driver/Src/stm32f4xx_hal_rcc.o
                0x0000000008002864                HAL_RCC_GetPCLK2Freq
 .text.HAL_RCCEx_PeriphCLKConfig
                0x000000000800288c      0x654 Drivers/STM32F4xx_HAL_Driver/Src/stm32f4xx_hal_rcc_ex.o
                0x000000000800288c                HAL_RCCEx_PeriphCLKConfig
 .text.HAL_RCC_GetSysClockFreq
                0x0000000008002ee0      0x2b8 Drivers/STM32F4xx_HAL_Driver/Src/stm32f4xx_hal_rcc_ex.o
                0x0000000008002ee0                HAL_RCC_GetSysClockFreq
 .text.HAL_RCC_OscConfig
                0x0000000008003198      0x53c Drivers/STM32F4xx_HAL_Driver/Src/stm32f4xx_hal_rcc_ex.o
                0x0000000008003198                HAL_RCC_OscConfig
 .text.HAL_SD_Init
                0x00000000080036d4       0x60 Drivers/STM32F4xx_HAL_Driver/Src/stm32f4xx_hal_sd.o
                0x00000000080036d4                HAL_SD_Init
 .text.HAL_SD_InitCard
                0x0000000008003734       0xfc Drivers/STM32F4xx_HAL_Driver/Src/stm32f4xx_hal_sd.o
                0x0000000008003734                HAL_SD_InitCard
 .text.HAL_SD_ReadBlocks
                0x0000000008003830      0x3bc Drivers/STM32F4xx_HAL_Driver/Src/stm32f4xx_hal_sd.o
                0x0000000008003830                HAL_SD_ReadBlocks
 .text.HAL_SD_WriteBlocks
                0x0000000008003bec      0x30c Drivers/STM32F4xx_HAL_Driver/Src/stm32f4xx_hal_sd.o
                0x0000000008003bec                HAL_SD_WriteBlocks
 .text.HAL_SD_IRQHandler
                0x0000000008003ef8      0x2ec Drivers/STM32F4xx_HAL_Driver/Src/stm32f4xx_hal_sd.o
                0x0000000008003ef8                HAL_SD_IRQHandler
 .text.HAL_SD_ErrorCallback
                0x00000000080041e4       0x14 Drivers/STM32F4xx_HAL_Driver/Src/stm32f4xx_hal_sd.o
                0x00000000080041e4                HAL_SD_ErrorCallback
 .text.HAL_SD_GetCardCSD
                0x00000000080041f8      0x348 Drivers/STM32F4xx_HAL_Driver/Src/stm32f4xx_hal_sd.o
                0x00000000080041f8                HAL_SD_GetCardCSD
 .text.HAL_SD_GetCardInfo
                0x0000000008004540       0x58 Drivers/STM32F4xx_HAL_Driver/Src/stm32f4xx_hal_sd.o
                0x0000000008004540                HAL_SD_GetCardInfo
 .text.HAL_SD_GetCardState
                0x0000000008004598       0x40 Drivers/STM32F4xx_HAL_Driver/Src/stm32f4xx_hal_sd.o
                0x0000000008004598                HAL_SD_GetCardState
 .text.SD_DMATxAbort
                0x00000000080045d8       0x6e Drivers/STM32F4xx_HAL_Driver/Src/stm32f4xx_hal_sd.o
 .text.SD_DMARxAbort
                0x0000000008004646       0x6e Drivers/STM32F4xx_HAL_Driver/Src/stm32f4xx_hal_sd.o
 .text.SD_InitCard
                0x00000000080046b4      0x198 Drivers/STM32F4xx_HAL_Driver/Src/stm32f4xx_hal_sd.o
 .text.SD_PowerON
                0x000000000800484c      0x11c Drivers/STM32F4xx_HAL_Driver/Src/stm32f4xx_hal_sd.o
 .text.SD_SendStatus
                0x0000000008004968       0x50 Drivers/STM32F4xx_HAL_Driver/Src/stm32f4xx_hal_sd.o
 .text.SD_Read_IT
                0x00000000080049b8       0xa2 Drivers/STM32F4xx_HAL_Driver/Src/stm32f4xx_hal_sd.o
 .text.SD_Write_IT
                0x0000000008004a5a       0xaa Drivers/STM32F4xx_HAL_Driver/Src/stm32f4xx_hal_sd.o
 .text.HAL_TIM_Base_Init
                0x0000000008004b04       0x9e Drivers/STM32F4xx_HAL_Driver/Src/stm32f4xx_hal_tim.o
                0x0000000008004b04                HAL_TIM_Base_Init
 .text.HAL_TIM_Base_Stop_IT
                0x0000000008004ba2       0x5e Drivers/STM32F4xx_HAL_Driver/Src/stm32f4xx_hal_tim.o
                0x0000000008004ba2                HAL_TIM_Base_Stop_IT
 .text.HAL_TIM_PWM_Init
                0x0000000008004c00       0x9e Drivers/STM32F4xx_HAL_Driver/Src/stm32f4xx_hal_tim.o
                0x0000000008004c00                HAL_TIM_PWM_Init
 *fill*         0x0000000008004c9e        0x2 
 .text.HAL_TIM_PWM_Start
                0x0000000008004ca0      0x190 Drivers/STM32F4xx_HAL_Driver/Src/stm32f4xx_hal_tim.o
                0x0000000008004ca0                HAL_TIM_PWM_Start
 .text.HAL_TIM_OnePulse_Init
                0x0000000008004e30       0xa0 Drivers/STM32F4xx_HAL_Driver/Src/stm32f4xx_hal_tim.o
                0x0000000008004e30                HAL_TIM_OnePulse_Init
 .text.HAL_TIM_OnePulse_MspInit
                0x0000000008004ed0       0x14 Drivers/STM32F4xx_HAL_Driver/Src/stm32f4xx_hal_tim.o
                0x0000000008004ed0                HAL_TIM_OnePulse_MspInit
 .text.HAL_TIM_IRQHandler
                0x0000000008004ee4      0x210 Drivers/STM32F4xx_HAL_Driver/Src/stm32f4xx_hal_tim.o
                0x0000000008004ee4                HAL_TIM_IRQHandler
 .text.HAL_TIM_PWM_ConfigChannel
                0x00000000080050f4      0x17c Drivers/STM32F4xx_HAL_Driver/Src/stm32f4xx_hal_tim.o
                0x00000000080050f4                HAL_TIM_PWM_ConfigChannel
 .text.HAL_TIM_ConfigClockSource
                0x0000000008005270      0x188 Drivers/STM32F4xx_HAL_Driver/Src/stm32f4xx_hal_tim.o
                0x0000000008005270                HAL_TIM_ConfigClockSource
 .text.HAL_TIM_OC_DelayElapsedCallback
                0x00000000080053f8       0x14 Drivers/STM32F4xx_HAL_Driver/Src/stm32f4xx_hal_tim.o
                0x00000000080053f8                HAL_TIM_OC_DelayElapsedCallback
 .text.HAL_TIM_IC_CaptureCallback
                0x000000000800540c       0x14 Drivers/STM32F4xx_HAL_Driver/Src/stm32f4xx_hal_tim.o
                0x000000000800540c                HAL_TIM_IC_CaptureCallback
 .text.HAL_TIM_PWM_PulseFinishedCallback
                0x0000000008005420       0x14 Drivers/STM32F4xx_HAL_Driver/Src/stm32f4xx_hal_tim.o
                0x0000000008005420                HAL_TIM_PWM_PulseFinishedCallback
 .text.HAL_TIM_TriggerCallback
                0x0000000008005434       0x14 Drivers/STM32F4xx_HAL_Driver/Src/stm32f4xx_hal_tim.o
                0x0000000008005434                HAL_TIM_TriggerCallback
 .text.TIM_Base_SetConfig
                0x0000000008005448      0x140 Drivers/STM32F4xx_HAL_Driver/Src/stm32f4xx_hal_tim.o
                0x0000000008005448                TIM_Base_SetConfig
 .text.TIM_OC1_SetConfig
                0x0000000008005588       0xe0 Drivers/STM32F4xx_HAL_Driver/Src/stm32f4xx_hal_tim.o
 .text.TIM_OC2_SetConfig
                0x0000000008005668       0xec Drivers/STM32F4xx_HAL_Driver/Src/stm32f4xx_hal_tim.o
                0x0000000008005668                TIM_OC2_SetConfig
 .text.TIM_OC3_SetConfig
                0x0000000008005754       0xe8 Drivers/STM32F4xx_HAL_Driver/Src/stm32f4xx_hal_tim.o
 .text.TIM_OC4_SetConfig
                0x000000000800583c       0xac Drivers/STM32F4xx_HAL_Driver/Src/stm32f4xx_hal_tim.o
 .text.TIM_TI1_ConfigInputStage
                0x00000000080058e8       0x5e Drivers/STM32F4xx_HAL_Driver/Src/stm32f4xx_hal_tim.o
 .text.TIM_TI2_ConfigInputStage
                0x0000000008005946       0x60 Drivers/STM32F4xx_HAL_Driver/Src/stm32f4xx_hal_tim.o
 .text.TIM_ITRx_SetConfig
                0x00000000080059a6       0x36 Drivers/STM32F4xx_HAL_Driver/Src/stm32f4xx_hal_tim.o
 .text.TIM_ETR_SetConfig
                0x00000000080059dc       0x40 Drivers/STM32F4xx_HAL_Driver/Src/stm32f4xx_hal_tim.o
                0x00000000080059dc                TIM_ETR_SetConfig
 .text.TIM_CCxChannelCmd
                0x0000000008005a1c       0x4a Drivers/STM32F4xx_HAL_Driver/Src/stm32f4xx_hal_tim.o
                0x0000000008005a1c                TIM_CCxChannelCmd
 *fill*         0x0000000008005a66        0x2 
 .text.HAL_TIMEx_MasterConfigSynchronization
                0x0000000008005a68       0xf8 Drivers/STM32F4xx_HAL_Driver/Src/stm32f4xx_hal_tim_ex.o
                0x0000000008005a68                HAL_TIMEx_MasterConfigSynchronization
 .text.HAL_TIMEx_ConfigBreakDeadTime
                0x0000000008005b60       0xa4 Drivers/STM32F4xx_HAL_Driver/Src/stm32f4xx_hal_tim_ex.o
                0x0000000008005b60                HAL_TIMEx_ConfigBreakDeadTime
 .text.HAL_TIMEx_CommutCallback
                0x0000000008005c04       0x14 Drivers/STM32F4xx_HAL_Driver/Src/stm32f4xx_hal_tim_ex.o
                0x0000000008005c04                HAL_TIMEx_CommutCallback
 .text.HAL_TIMEx_BreakCallback
                0x0000000008005c18       0x14 Drivers/STM32F4xx_HAL_Driver/Src/stm32f4xx_hal_tim_ex.o
                0x0000000008005c18                HAL_TIMEx_BreakCallback
 .text.HAL_UART_Init
                0x0000000008005c2c       0x9a Drivers/STM32F4xx_HAL_Driver/Src/stm32f4xx_hal_uart.o
                0x0000000008005c2c                HAL_UART_Init
 .text.HAL_UART_Transmit_IT
                0x0000000008005cc6       0x8a Drivers/STM32F4xx_HAL_Driver/Src/stm32f4xx_hal_uart.o
                0x0000000008005cc6                HAL_UART_Transmit_IT
 .text.HAL_UART_IRQHandler
                0x0000000008005d50      0x358 Drivers/STM32F4xx_HAL_Driver/Src/stm32f4xx_hal_uart.o
                0x0000000008005d50                HAL_UART_IRQHandler
 .text.HAL_UART_ErrorCallback
                0x00000000080060a8       0x14 Drivers/STM32F4xx_HAL_Driver/Src/stm32f4xx_hal_uart.o
                0x00000000080060a8                HAL_UART_ErrorCallback
 .text.HAL_UARTEx_RxEventCallback
                0x00000000080060bc       0x18 Drivers/STM32F4xx_HAL_Driver/Src/stm32f4xx_hal_uart.o
                0x00000000080060bc                HAL_UARTEx_RxEventCallback
 .text.UART_EndRxTransfer
                0x00000000080060d4       0x5a Drivers/STM32F4xx_HAL_Driver/Src/stm32f4xx_hal_uart.o
 .text.UART_DMAAbortOnError
                0x000000000800612e       0x28 Drivers/STM32F4xx_HAL_Driver/Src/stm32f4xx_hal_uart.o
 .text.UART_Transmit_IT
                0x0000000008006156       0xa0 Drivers/STM32F4xx_HAL_Driver/Src/stm32f4xx_hal_uart.o
 .text.UART_EndTransmit_IT
                0x00000000080061f6       0x30 Drivers/STM32F4xx_HAL_Driver/Src/stm32f4xx_hal_uart.o
 .text.UART_Receive_IT
                0x0000000008006226      0x12e Drivers/STM32F4xx_HAL_Driver/Src/stm32f4xx_hal_uart.o
 .text.UART_SetConfig
                0x0000000008006354      0x390 Drivers/STM32F4xx_HAL_Driver/Src/stm32f4xx_hal_uart.o
 .text.SDIO_Init
                0x00000000080066e4       0x56 Drivers/STM32F4xx_HAL_Driver/Src/stm32f4xx_ll_sdmmc.o
                0x00000000080066e4                SDIO_Init
 .text.SDIO_ReadFIFO
                0x000000000800673a       0x1a Drivers/STM32F4xx_HAL_Driver/Src/stm32f4xx_ll_sdmmc.o
                0x000000000800673a                SDIO_ReadFIFO
 .text.SDIO_WriteFIFO
                0x0000000008006754       0x22 Drivers/STM32F4xx_HAL_Driver/Src/stm32f4xx_ll_sdmmc.o
                0x0000000008006754                SDIO_WriteFIFO
 .text.SDIO_PowerState_ON
                0x0000000008006776       0x1e Drivers/STM32F4xx_HAL_Driver/Src/stm32f4xx_ll_sdmmc.o
                0x0000000008006776                SDIO_PowerState_ON
 .text.SDIO_GetPowerState
                0x0000000008006794       0x1c Drivers/STM32F4xx_HAL_Driver/Src/stm32f4xx_ll_sdmmc.o
                0x0000000008006794                SDIO_GetPowerState
 .text.SDIO_SendCommand
                0x00000000080067b0       0x54 Drivers/STM32F4xx_HAL_Driver/Src/stm32f4xx_ll_sdmmc.o
                0x00000000080067b0                SDIO_SendCommand
 .text.SDIO_GetCommandResponse
                0x0000000008006804       0x1a Drivers/STM32F4xx_HAL_Driver/Src/stm32f4xx_ll_sdmmc.o
                0x0000000008006804                SDIO_GetCommandResponse
 .text.SDIO_GetResponse
                0x000000000800681e       0x26 Drivers/STM32F4xx_HAL_Driver/Src/stm32f4xx_ll_sdmmc.o
                0x000000000800681e                SDIO_GetResponse
 .text.SDIO_ConfigData
                0x0000000008006844       0x58 Drivers/STM32F4xx_HAL_Driver/Src/stm32f4xx_ll_sdmmc.o
                0x0000000008006844                SDIO_ConfigData
 .text.SDMMC_CmdBlockLength
                0x000000000800689c       0x44 Drivers/STM32F4xx_HAL_Driver/Src/stm32f4xx_ll_sdmmc.o
                0x000000000800689c                SDMMC_CmdBlockLength
 .text.SDMMC_CmdReadSingleBlock
                0x00000000080068e0       0x44 Drivers/STM32F4xx_HAL_Driver/Src/stm32f4xx_ll_sdmmc.o
                0x00000000080068e0                SDMMC_CmdReadSingleBlock
 .text.SDMMC_CmdReadMultiBlock
                0x0000000008006924       0x44 Drivers/STM32F4xx_HAL_Driver/Src/stm32f4xx_ll_sdmmc.o
                0x0000000008006924                SDMMC_CmdReadMultiBlock
 .text.SDMMC_CmdWriteSingleBlock
                0x0000000008006968       0x44 Drivers/STM32F4xx_HAL_Driver/Src/stm32f4xx_ll_sdmmc.o
                0x0000000008006968                SDMMC_CmdWriteSingleBlock
 .text.SDMMC_CmdWriteMultiBlock
                0x00000000080069ac       0x44 Drivers/STM32F4xx_HAL_Driver/Src/stm32f4xx_ll_sdmmc.o
                0x00000000080069ac                SDMMC_CmdWriteMultiBlock
 .text.SDMMC_CmdStopTransfer
                0x00000000080069f0       0x44 Drivers/STM32F4xx_HAL_Driver/Src/stm32f4xx_ll_sdmmc.o
                0x00000000080069f0                SDMMC_CmdStopTransfer
 .text.SDMMC_CmdSelDesel
                0x0000000008006a34       0x46 Drivers/STM32F4xx_HAL_Driver/Src/stm32f4xx_ll_sdmmc.o
                0x0000000008006a34                SDMMC_CmdSelDesel
 .text.SDMMC_CmdGoIdleState
                0x0000000008006a7a       0x3c Drivers/STM32F4xx_HAL_Driver/Src/stm32f4xx_ll_sdmmc.o
                0x0000000008006a7a                SDMMC_CmdGoIdleState
 .text.SDMMC_CmdOperCond
                0x0000000008006ab6       0x3e Drivers/STM32F4xx_HAL_Driver/Src/stm32f4xx_ll_sdmmc.o
                0x0000000008006ab6                SDMMC_CmdOperCond
 .text.SDMMC_CmdAppCommand
                0x0000000008006af4       0x44 Drivers/STM32F4xx_HAL_Driver/Src/stm32f4xx_ll_sdmmc.o
                0x0000000008006af4                SDMMC_CmdAppCommand
 .text.SDMMC_CmdAppOperCommand
                0x0000000008006b38       0x46 Drivers/STM32F4xx_HAL_Driver/Src/stm32f4xx_ll_sdmmc.o
                0x0000000008006b38                SDMMC_CmdAppOperCommand
 .text.SDMMC_CmdSendCID
                0x0000000008006b7e       0x3c Drivers/STM32F4xx_HAL_Driver/Src/stm32f4xx_ll_sdmmc.o
                0x0000000008006b7e                SDMMC_CmdSendCID
 .text.SDMMC_CmdSendCSD
                0x0000000008006bba       0x3e Drivers/STM32F4xx_HAL_Driver/Src/stm32f4xx_ll_sdmmc.o
                0x0000000008006bba                SDMMC_CmdSendCSD
 .text.SDMMC_CmdSetRelAdd
                0x0000000008006bf8       0x42 Drivers/STM32F4xx_HAL_Driver/Src/stm32f4xx_ll_sdmmc.o
                0x0000000008006bf8                SDMMC_CmdSetRelAdd
 .text.SDMMC_CmdSendStatus
                0x0000000008006c3a       0x44 Drivers/STM32F4xx_HAL_Driver/Src/stm32f4xx_ll_sdmmc.o
                0x0000000008006c3a                SDMMC_CmdSendStatus
 *fill*         0x0000000008006c7e        0x2 
 .text.SDMMC_GetCmdError
                0x0000000008006c80       0x58 Drivers/STM32F4xx_HAL_Driver/Src/stm32f4xx_ll_sdmmc.o
 .text.SDMMC_GetCmdResp1
                0x0000000008006cd8      0x1dc Drivers/STM32F4xx_HAL_Driver/Src/stm32f4xx_ll_sdmmc.o
 .text.SDMMC_GetCmdResp2
                0x0000000008006eb4       0x90 Drivers/STM32F4xx_HAL_Driver/Src/stm32f4xx_ll_sdmmc.o
 .text.SDMMC_GetCmdResp3
                0x0000000008006f44       0x7c Drivers/STM32F4xx_HAL_Driver/Src/stm32f4xx_ll_sdmmc.o
 .text.SDMMC_GetCmdResp6
                0x0000000008006fc0       0xec Drivers/STM32F4xx_HAL_Driver/Src/stm32f4xx_ll_sdmmc.o
 .text.SDMMC_GetCmdResp7
                0x00000000080070ac       0x9c Drivers/STM32F4xx_HAL_Driver/Src/stm32f4xx_ll_sdmmc.o
 .text.MX_FATFS_Init
                0x0000000008007148       0x24 FATFS/App/fatfs.o
                0x0000000008007148                MX_FATFS_Init
 .text.BSP_SD_Init
                0x000000000800716c       0x30 FATFS/Target/bsp_driver_sd.o
                0x000000000800716c                BSP_SD_Init
 .text.BSP_SD_ReadBlocks
                0x000000000800719c       0x3c FATFS/Target/bsp_driver_sd.o
                0x000000000800719c                BSP_SD_ReadBlocks
 .text.BSP_SD_WriteBlocks
                0x00000000080071d8       0x3c FATFS/Target/bsp_driver_sd.o
                0x00000000080071d8                BSP_SD_WriteBlocks
 .text.BSP_SD_GetCardState
                0x0000000008007214       0x20 FATFS/Target/bsp_driver_sd.o
                0x0000000008007214                BSP_SD_GetCardState
 .text.BSP_SD_GetCardInfo
                0x0000000008007234       0x1c FATFS/Target/bsp_driver_sd.o
                0x0000000008007234                BSP_SD_GetCardInfo
 .text.HAL_SD_AbortCallback
                0x0000000008007250       0x14 FATFS/Target/bsp_driver_sd.o
                0x0000000008007250                HAL_SD_AbortCallback
 .text.HAL_SD_TxCpltCallback
                0x0000000008007264       0x14 FATFS/Target/bsp_driver_sd.o
                0x0000000008007264                HAL_SD_TxCpltCallback
 .text.HAL_SD_RxCpltCallback
                0x0000000008007278       0x14 FATFS/Target/bsp_driver_sd.o
                0x0000000008007278                HAL_SD_RxCpltCallback
 .text.BSP_SD_AbortCallback
                0x000000000800728c        0xe FATFS/Target/bsp_driver_sd.o
                0x000000000800728c                BSP_SD_AbortCallback
 .text.BSP_SD_WriteCpltCallback
                0x000000000800729a        0xe FATFS/Target/bsp_driver_sd.o
                0x000000000800729a                BSP_SD_WriteCpltCallback
 .text.BSP_SD_ReadCpltCallback
                0x00000000080072a8        0xe FATFS/Target/bsp_driver_sd.o
                0x00000000080072a8                BSP_SD_ReadCpltCallback
 .text.BSP_SD_IsDetected
                0x00000000080072b6       0x24 FATFS/Target/bsp_driver_sd.o
                0x00000000080072b6                BSP_SD_IsDetected
 *fill*         0x00000000080072da        0x2 
 .text.BSP_PlatformIsDetected
                0x00000000080072dc       0x2c FATFS/Target/fatfs_platform.o
                0x00000000080072dc                BSP_PlatformIsDetected
 .text.SD_CheckStatus
                0x0000000008007308       0x3c FATFS/Target/sd_diskio.o
 .text.SD_initialize
                0x0000000008007344       0x3c FATFS/Target/sd_diskio.o
                0x0000000008007344                SD_initialize
 .text.SD_status
                0x0000000008007380       0x1c FATFS/Target/sd_diskio.o
                0x0000000008007380                SD_status
 .text.SD_read  0x000000000800739c       0x42 FATFS/Target/sd_diskio.o
                0x000000000800739c                SD_read
 .text.SD_write
                0x00000000080073de       0x42 FATFS/Target/sd_diskio.o
                0x00000000080073de                SD_write
 .text.SD_ioctl
                0x0000000008007420       0xb0 FATFS/Target/sd_diskio.o
                0x0000000008007420                SD_ioctl
 .text.FATFS_LinkDriverEx
                0x00000000080074d0       0x98 Middlewares/Third_Party/FatFs/src/ff_gen_drv.o
                0x00000000080074d0                FATFS_LinkDriverEx
 .text.FATFS_LinkDriver
                0x0000000008007568       0x1e Middlewares/Third_Party/FatFs/src/ff_gen_drv.o
                0x0000000008007568                FATFS_LinkDriver
 .text.Lcd_create
                0x0000000008007586       0x56 lcd_lib/lcd.o
                0x0000000008007586                Lcd_create
 .text.Lcd_init
                0x00000000080075dc       0x64 lcd_lib/lcd.o
                0x00000000080075dc                Lcd_init
 .text.Lcd_string
                0x0000000008007640       0x3e lcd_lib/lcd.o
                0x0000000008007640                Lcd_string
 *fill*         0x000000000800767e        0x2 
 .text.Lcd_cursor
                0x0000000008007680       0x34 lcd_lib/lcd.o
                0x0000000008007680                Lcd_cursor
 .text.Lcd_clear
                0x00000000080076b4       0x18 lcd_lib/lcd.o
                0x00000000080076b4                Lcd_clear
 .text.lcd_write_command
                0x00000000080076cc       0x5c lcd_lib/lcd.o
 .text.lcd_write_data
                0x0000000008007728       0x5c lcd_lib/lcd.o
 .text.lcd_write
                0x0000000008007784       0x80 lcd_lib/lcd.o
 .text.__libc_init_array
                0x0000000008007804       0x48 /Applications/STM32CubeIDE.app/Contents/Eclipse/plugins/com.st.stm32cube.ide.mcu.externaltools.gnu-tools-for-stm32.9-2020-q2-update.macos64_1.5.0.202011040924/tools/bin/../lib/gcc/arm-none-eabi/9.3.1/../../../../arm-none-eabi/lib/thumb/v7e-m+fp/hard/libc_nano.a(lib_a-init.o)
                0x0000000008007804                __libc_init_array
 .text.memcpy   0x000000000800784c       0x1c /Applications/STM32CubeIDE.app/Contents/Eclipse/plugins/com.st.stm32cube.ide.mcu.externaltools.gnu-tools-for-stm32.9-2020-q2-update.macos64_1.5.0.202011040924/tools/bin/../lib/gcc/arm-none-eabi/9.3.1/../../../../arm-none-eabi/lib/thumb/v7e-m+fp/hard/libc_nano.a(lib_a-memcpy-stub.o)
                0x000000000800784c                memcpy
 .text.memset   0x0000000008007868       0x10 /Applications/STM32CubeIDE.app/Contents/Eclipse/plugins/com.st.stm32cube.ide.mcu.externaltools.gnu-tools-for-stm32.9-2020-q2-update.macos64_1.5.0.202011040924/tools/bin/../lib/gcc/arm-none-eabi/9.3.1/../../../../arm-none-eabi/lib/thumb/v7e-m+fp/hard/libc_nano.a(lib_a-memset.o)
                0x0000000008007868                memset
 *(.glue_7)
 .glue_7        0x0000000008007878        0x0 linker stubs
 *(.glue_7t)
 .glue_7t       0x0000000008007878        0x0 linker stubs
 *(.eh_frame)
 .eh_frame      0x0000000008007878        0x0 /Applications/STM32CubeIDE.app/Contents/Eclipse/plugins/com.st.stm32cube.ide.mcu.externaltools.gnu-tools-for-stm32.9-2020-q2-update.macos64_1.5.0.202011040924/tools/bin/../lib/gcc/arm-none-eabi/9.3.1/thumb/v7e-m+fp/hard/crtbegin.o
 *(.init)
 .init          0x0000000008007878        0x4 /Applications/STM32CubeIDE.app/Contents/Eclipse/plugins/com.st.stm32cube.ide.mcu.externaltools.gnu-tools-for-stm32.9-2020-q2-update.macos64_1.5.0.202011040924/tools/bin/../lib/gcc/arm-none-eabi/9.3.1/thumb/v7e-m+fp/hard/crti.o
                0x0000000008007878                _init
 .init          0x000000000800787c        0x8 /Applications/STM32CubeIDE.app/Contents/Eclipse/plugins/com.st.stm32cube.ide.mcu.externaltools.gnu-tools-for-stm32.9-2020-q2-update.macos64_1.5.0.202011040924/tools/bin/../lib/gcc/arm-none-eabi/9.3.1/thumb/v7e-m+fp/hard/crtn.o
 *(.fini)
 .fini          0x0000000008007884        0x4 /Applications/STM32CubeIDE.app/Contents/Eclipse/plugins/com.st.stm32cube.ide.mcu.externaltools.gnu-tools-for-stm32.9-2020-q2-update.macos64_1.5.0.202011040924/tools/bin/../lib/gcc/arm-none-eabi/9.3.1/thumb/v7e-m+fp/hard/crti.o
                0x0000000008007884                _fini
 .fini          0x0000000008007888        0x8 /Applications/STM32CubeIDE.app/Contents/Eclipse/plugins/com.st.stm32cube.ide.mcu.externaltools.gnu-tools-for-stm32.9-2020-q2-update.macos64_1.5.0.202011040924/tools/bin/../lib/gcc/arm-none-eabi/9.3.1/thumb/v7e-m+fp/hard/crtn.o
                0x0000000008007890                . = ALIGN (0x4)
                0x0000000008007890                _etext = .

.vfp11_veneer   0x0000000008007890        0x0
 .vfp11_veneer  0x0000000008007890        0x0 linker stubs

.v4_bx          0x0000000008007890        0x0
 .v4_bx         0x0000000008007890        0x0 linker stubs

.iplt           0x0000000008007890        0x0
 .iplt          0x0000000008007890        0x0 /Applications/STM32CubeIDE.app/Contents/Eclipse/plugins/com.st.stm32cube.ide.mcu.externaltools.gnu-tools-for-stm32.9-2020-q2-update.macos64_1.5.0.202011040924/tools/bin/../lib/gcc/arm-none-eabi/9.3.1/thumb/v7e-m+fp/hard/crtbegin.o

.rodata         0x0000000008007890       0xd4
                0x0000000008007890                . = ALIGN (0x4)
 *(.rodata)
 .rodata        0x0000000008007890       0x80 Core/Src/Component_test.o
 .rodata        0x0000000008007910       0x19 Core/Src/main.o
 *(.rodata*)
 *fill*         0x0000000008007929        0x3 
 .rodata.AHBPrescTable
                0x000000000800792c       0x10 Core/Src/system_stm32f4xx.o
                0x000000000800792c                AHBPrescTable
 .rodata.APBPrescTable
                0x000000000800793c        0x8 Core/Src/system_stm32f4xx.o
                0x000000000800793c                APBPrescTable
 .rodata.flagBitshiftOffset.8676
                0x0000000008007944        0x8 Drivers/STM32F4xx_HAL_Driver/Src/stm32f4xx_hal_dma.o
 .rodata.SD_Driver
                0x000000000800794c       0x14 FATFS/Target/sd_diskio.o
                0x000000000800794c                SD_Driver
 .rodata.ROW_20
                0x0000000008007960        0x4 lcd_lib/lcd.o
                0x0000000008007960                ROW_20
                0x0000000008007964                . = ALIGN (0x4)

.ARM.extab      0x0000000008007964        0x0
                0x0000000008007964                . = ALIGN (0x4)
 *(.ARM.extab* .gnu.linkonce.armextab.*)
                0x0000000008007964                . = ALIGN (0x4)

.ARM            0x0000000008007964        0x8
                0x0000000008007964                . = ALIGN (0x4)
                0x0000000008007964                __exidx_start = .
 *(.ARM.exidx*)
 .ARM.exidx     0x0000000008007964        0x8 /Applications/STM32CubeIDE.app/Contents/Eclipse/plugins/com.st.stm32cube.ide.mcu.externaltools.gnu-tools-for-stm32.9-2020-q2-update.macos64_1.5.0.202011040924/tools/bin/../lib/gcc/arm-none-eabi/9.3.1/thumb/v7e-m+fp/hard/libgcc.a(_udivmoddi4.o)
                0x000000000800796c                __exidx_end = .
                0x000000000800796c                . = ALIGN (0x4)

.rel.dyn        0x000000000800796c        0x0
 .rel.iplt      0x000000000800796c        0x0 /Applications/STM32CubeIDE.app/Contents/Eclipse/plugins/com.st.stm32cube.ide.mcu.externaltools.gnu-tools-for-stm32.9-2020-q2-update.macos64_1.5.0.202011040924/tools/bin/../lib/gcc/arm-none-eabi/9.3.1/thumb/v7e-m+fp/hard/crtbegin.o

.preinit_array  0x000000000800796c        0x0
                0x000000000800796c                . = ALIGN (0x4)
                0x000000000800796c                PROVIDE (__preinit_array_start = .)
 *(.preinit_array*)
                0x000000000800796c                PROVIDE (__preinit_array_end = .)
                0x000000000800796c                . = ALIGN (0x4)

.init_array     0x000000000800796c        0x4
                0x000000000800796c                . = ALIGN (0x4)
                0x000000000800796c                PROVIDE (__init_array_start = .)
 *(SORT_BY_NAME(.init_array.*))
 *(.init_array*)
 .init_array    0x000000000800796c        0x4 /Applications/STM32CubeIDE.app/Contents/Eclipse/plugins/com.st.stm32cube.ide.mcu.externaltools.gnu-tools-for-stm32.9-2020-q2-update.macos64_1.5.0.202011040924/tools/bin/../lib/gcc/arm-none-eabi/9.3.1/thumb/v7e-m+fp/hard/crtbegin.o
                0x0000000008007970                PROVIDE (__init_array_end = .)
                0x0000000008007970                . = ALIGN (0x4)

.fini_array     0x0000000008007970        0x4
                0x0000000008007970                . = ALIGN (0x4)
                [!provide]                        PROVIDE (__fini_array_start = .)
 *(SORT_BY_NAME(.fini_array.*))
 *(.fini_array*)
 .fini_array    0x0000000008007970        0x4 /Applications/STM32CubeIDE.app/Contents/Eclipse/plugins/com.st.stm32cube.ide.mcu.externaltools.gnu-tools-for-stm32.9-2020-q2-update.macos64_1.5.0.202011040924/tools/bin/../lib/gcc/arm-none-eabi/9.3.1/thumb/v7e-m+fp/hard/crtbegin.o
                [!provide]                        PROVIDE (__fini_array_end = .)
                0x0000000008007974                . = ALIGN (0x4)
                0x0000000008007974                _sidata = LOADADDR (.data)

.data           0x0000000020000000        0xc load address 0x0000000008007974
                0x0000000020000000                . = ALIGN (0x4)
                0x0000000020000000                _sdata = .
 *(.data)
 *(.data*)
 .data.SystemCoreClock
                0x0000000020000000        0x4 Core/Src/system_stm32f4xx.o
                0x0000000020000000                SystemCoreClock
 .data.uwTickPrio
                0x0000000020000004        0x4 Drivers/STM32F4xx_HAL_Driver/Src/stm32f4xx_hal.o
                0x0000000020000004                uwTickPrio
 .data.uwTickFreq
                0x0000000020000008        0x1 Drivers/STM32F4xx_HAL_Driver/Src/stm32f4xx_hal.o
                0x0000000020000008                uwTickFreq
 .data.Stat     0x0000000020000009        0x1 FATFS/Target/sd_diskio.o
 *(.RamFunc)
 *(.RamFunc*)
                0x000000002000000c                . = ALIGN (0x4)
 *fill*         0x000000002000000a        0x2 
                0x000000002000000c                _edata = .

.igot.plt       0x000000002000000c        0x0 load address 0x0000000008007980
 .igot.plt      0x000000002000000c        0x0 /Applications/STM32CubeIDE.app/Contents/Eclipse/plugins/com.st.stm32cube.ide.mcu.externaltools.gnu-tools-for-stm32.9-2020-q2-update.macos64_1.5.0.202011040924/tools/bin/../lib/gcc/arm-none-eabi/9.3.1/thumb/v7e-m+fp/hard/crtbegin.o
                0x000000002000000c                . = ALIGN (0x4)

.bss            0x000000002000000c     0x10a0 load address 0x0000000008007980
                0x000000002000000c                _sbss = .
                0x000000002000000c                __bss_start__ = _sbss
 *(.bss)
 .bss           0x000000002000000c       0x1c /Applications/STM32CubeIDE.app/Contents/Eclipse/plugins/com.st.stm32cube.ide.mcu.externaltools.gnu-tools-for-stm32.9-2020-q2-update.macos64_1.5.0.202011040924/tools/bin/../lib/gcc/arm-none-eabi/9.3.1/thumb/v7e-m+fp/hard/crtbegin.o
 *(.bss*)
 .bss.seconds_passed
                0x0000000020000028        0x2 Core/Src/main.o
 .bss.m_seconds_passed
                0x000000002000002a        0x2 Core/Src/main.o
 .bss.Univers   0x000000002000002c      0x888 Core/Src/main.o
                0x000000002000002c                Univers
 .bss.disk      0x00000000200008b4        0xc Middlewares/Third_Party/FatFs/src/ff_gen_drv.o
                0x00000000200008b4                disk
 *(COMMON)
 COMMON         0x00000000200008c0      0x144 Core/Src/sdio.o
                0x00000000200008c0                hdma_sdio_rx
                0x0000000020000920                hdma_sdio_tx
                0x0000000020000980                hsd
 COMMON         0x0000000020000a04      0x1f8 Core/Src/tim.o
                0x0000000020000a04                htim10
                0x0000000020000a4c                htim13
                0x0000000020000a94                htim11
                0x0000000020000adc                htim1
                0x0000000020000b24                htim9
                0x0000000020000b6c                htim14
                0x0000000020000bb4                htim7
 COMMON         0x0000000020000bfc       0x44 Core/Src/usart.o
                0x0000000020000bfc                huart4
 COMMON         0x0000000020000c40        0x4 Drivers/STM32F4xx_HAL_Driver/Src/stm32f4xx_hal.o
                0x0000000020000c40                uwTick
 COMMON         0x0000000020000c44      0x468 FATFS/App/fatfs.o
                0x0000000020000c44                retSD
                0x0000000020000c48                SDPath
                0x0000000020000c4c                SDFile
                0x0000000020000e7c                SDFatFS
                0x00000000200010ac                . = ALIGN (0x4)
                0x00000000200010ac                _ebss = .
                0x00000000200010ac                __bss_end__ = _ebss

._user_heap_stack
                0x00000000200010ac      0x604 load address 0x0000000008007980
                0x00000000200010b0                . = ALIGN (0x8)
 *fill*         0x00000000200010ac        0x4 
                0x00000000200010b0                PROVIDE (end = .)
                [!provide]                        PROVIDE (_end = .)
                0x00000000200012b0                . = (. + _Min_Heap_Size)
 *fill*         0x00000000200010b0      0x200 
                0x00000000200016b0                . = (. + _Min_Stack_Size)
 *fill*         0x00000000200012b0      0x400 
                0x00000000200016b0                . = ALIGN (0x8)

/DISCARD/
 libc.a(*)
 libm.a(*)
 libgcc.a(*)

.ARM.attributes
                0x0000000000000000       0x30
 *(.ARM.attributes)
 .ARM.attributes
                0x0000000000000000       0x1e /Applications/STM32CubeIDE.app/Contents/Eclipse/plugins/com.st.stm32cube.ide.mcu.externaltools.gnu-tools-for-stm32.9-2020-q2-update.macos64_1.5.0.202011040924/tools/bin/../lib/gcc/arm-none-eabi/9.3.1/thumb/v7e-m+fp/hard/crti.o
 .ARM.attributes
                0x000000000000001e       0x34 /Applications/STM32CubeIDE.app/Contents/Eclipse/plugins/com.st.stm32cube.ide.mcu.externaltools.gnu-tools-for-stm32.9-2020-q2-update.macos64_1.5.0.202011040924/tools/bin/../lib/gcc/arm-none-eabi/9.3.1/thumb/v7e-m+fp/hard/crtbegin.o
 .ARM.attributes
                0x0000000000000052       0x34 Core/Src/Component_test.o
 .ARM.attributes
                0x0000000000000086       0x34 Core/Src/DMX.o
 .ARM.attributes
                0x00000000000000ba       0x34 Core/Src/dma.o
 .ARM.attributes
                0x00000000000000ee       0x34 Core/Src/gpio.o
 .ARM.attributes
                0x0000000000000122       0x34 Core/Src/main.o
 .ARM.attributes
                0x0000000000000156       0x34 Core/Src/sdio.o
 .ARM.attributes
                0x000000000000018a       0x34 Core/Src/stm32f4xx_hal_msp.o
 .ARM.attributes
                0x00000000000001be       0x34 Core/Src/stm32f4xx_it.o
 .ARM.attributes
                0x00000000000001f2       0x34 Core/Src/system_stm32f4xx.o
 .ARM.attributes
                0x0000000000000226       0x34 Core/Src/tim.o
 .ARM.attributes
                0x000000000000025a       0x34 Core/Src/usart.o
 .ARM.attributes
                0x000000000000028e       0x21 Core/Startup/startup_stm32f446zetx.o
 .ARM.attributes
                0x00000000000002af       0x34 Drivers/STM32F4xx_HAL_Driver/Src/stm32f4xx_hal.o
 .ARM.attributes
                0x00000000000002e3       0x34 Drivers/STM32F4xx_HAL_Driver/Src/stm32f4xx_hal_cortex.o
 .ARM.attributes
                0x0000000000000317       0x34 Drivers/STM32F4xx_HAL_Driver/Src/stm32f4xx_hal_dma.o
 .ARM.attributes
                0x000000000000034b       0x34 Drivers/STM32F4xx_HAL_Driver/Src/stm32f4xx_hal_gpio.o
 .ARM.attributes
                0x000000000000037f       0x34 Drivers/STM32F4xx_HAL_Driver/Src/stm32f4xx_hal_pwr_ex.o
 .ARM.attributes
                0x00000000000003b3       0x34 Drivers/STM32F4xx_HAL_Driver/Src/stm32f4xx_hal_rcc.o
 .ARM.attributes
                0x00000000000003e7       0x34 Drivers/STM32F4xx_HAL_Driver/Src/stm32f4xx_hal_rcc_ex.o
 .ARM.attributes
                0x000000000000041b       0x34 Drivers/STM32F4xx_HAL_Driver/Src/stm32f4xx_hal_sd.o
 .ARM.attributes
                0x000000000000044f       0x34 Drivers/STM32F4xx_HAL_Driver/Src/stm32f4xx_hal_tim.o
 .ARM.attributes
                0x0000000000000483       0x34 Drivers/STM32F4xx_HAL_Driver/Src/stm32f4xx_hal_tim_ex.o
 .ARM.attributes
                0x00000000000004b7       0x34 Drivers/STM32F4xx_HAL_Driver/Src/stm32f4xx_hal_uart.o
 .ARM.attributes
                0x00000000000004eb       0x34 Drivers/STM32F4xx_HAL_Driver/Src/stm32f4xx_ll_sdmmc.o
 .ARM.attributes
                0x000000000000051f       0x34 FATFS/App/fatfs.o
 .ARM.attributes
                0x0000000000000553       0x34 FATFS/Target/bsp_driver_sd.o
 .ARM.attributes
                0x0000000000000587       0x34 FATFS/Target/fatfs_platform.o
 .ARM.attributes
                0x00000000000005bb       0x34 FATFS/Target/sd_diskio.o
 .ARM.attributes
                0x00000000000005ef       0x34 Middlewares/Third_Party/FatFs/src/ff_gen_drv.o
 .ARM.attributes
                0x0000000000000623       0x34 lcd_lib/lcd.o
 .ARM.attributes
                0x0000000000000657       0x34 /Applications/STM32CubeIDE.app/Contents/Eclipse/plugins/com.st.stm32cube.ide.mcu.externaltools.gnu-tools-for-stm32.9-2020-q2-update.macos64_1.5.0.202011040924/tools/bin/../lib/gcc/arm-none-eabi/9.3.1/../../../../arm-none-eabi/lib/thumb/v7e-m+fp/hard/libc_nano.a(lib_a-init.o)
 .ARM.attributes
                0x000000000000068b       0x34 /Applications/STM32CubeIDE.app/Contents/Eclipse/plugins/com.st.stm32cube.ide.mcu.externaltools.gnu-tools-for-stm32.9-2020-q2-update.macos64_1.5.0.202011040924/tools/bin/../lib/gcc/arm-none-eabi/9.3.1/../../../../arm-none-eabi/lib/thumb/v7e-m+fp/hard/libc_nano.a(lib_a-memcpy-stub.o)
 .ARM.attributes
                0x00000000000006bf       0x34 /Applications/STM32CubeIDE.app/Contents/Eclipse/plugins/com.st.stm32cube.ide.mcu.externaltools.gnu-tools-for-stm32.9-2020-q2-update.macos64_1.5.0.202011040924/tools/bin/../lib/gcc/arm-none-eabi/9.3.1/../../../../arm-none-eabi/lib/thumb/v7e-m+fp/hard/libc_nano.a(lib_a-memset.o)
 .ARM.attributes
                0x00000000000006f3       0x17 /Applications/STM32CubeIDE.app/Contents/Eclipse/plugins/com.st.stm32cube.ide.mcu.externaltools.gnu-tools-for-stm32.9-2020-q2-update.macos64_1.5.0.202011040924/tools/bin/../lib/gcc/arm-none-eabi/9.3.1/../../../../arm-none-eabi/lib/thumb/v7e-m+fp/hard/libc_nano.a(lib_a-strlen.o)
 .ARM.attributes
                0x000000000000070a       0x1e /Applications/STM32CubeIDE.app/Contents/Eclipse/plugins/com.st.stm32cube.ide.mcu.externaltools.gnu-tools-for-stm32.9-2020-q2-update.macos64_1.5.0.202011040924/tools/bin/../lib/gcc/arm-none-eabi/9.3.1/thumb/v7e-m+fp/hard/libgcc.a(_aeabi_uldivmod.o)
 .ARM.attributes
                0x0000000000000728       0x34 /Applications/STM32CubeIDE.app/Contents/Eclipse/plugins/com.st.stm32cube.ide.mcu.externaltools.gnu-tools-for-stm32.9-2020-q2-update.macos64_1.5.0.202011040924/tools/bin/../lib/gcc/arm-none-eabi/9.3.1/thumb/v7e-m+fp/hard/libgcc.a(_udivmoddi4.o)
 .ARM.attributes
                0x000000000000075c       0x1e /Applications/STM32CubeIDE.app/Contents/Eclipse/plugins/com.st.stm32cube.ide.mcu.externaltools.gnu-tools-for-stm32.9-2020-q2-update.macos64_1.5.0.202011040924/tools/bin/../lib/gcc/arm-none-eabi/9.3.1/thumb/v7e-m+fp/hard/libgcc.a(_dvmd_tls.o)
 .ARM.attributes
                0x000000000000077a       0x1e /Applications/STM32CubeIDE.app/Contents/Eclipse/plugins/com.st.stm32cube.ide.mcu.externaltools.gnu-tools-for-stm32.9-2020-q2-update.macos64_1.5.0.202011040924/tools/bin/../lib/gcc/arm-none-eabi/9.3.1/thumb/v7e-m+fp/hard/crtn.o
OUTPUT(BA_F446ZE.elf elf32-littlearm)
LOAD linker stubs
LOAD /Applications/STM32CubeIDE.app/Contents/Eclipse/plugins/com.st.stm32cube.ide.mcu.externaltools.gnu-tools-for-stm32.9-2020-q2-update.macos64_1.5.0.202011040924/tools/bin/../lib/gcc/arm-none-eabi/9.3.1/../../../../arm-none-eabi/lib/thumb/v7e-m+fp/hard/libc.a
LOAD /Applications/STM32CubeIDE.app/Contents/Eclipse/plugins/com.st.stm32cube.ide.mcu.externaltools.gnu-tools-for-stm32.9-2020-q2-update.macos64_1.5.0.202011040924/tools/bin/../lib/gcc/arm-none-eabi/9.3.1/../../../../arm-none-eabi/lib/thumb/v7e-m+fp/hard/libm.a
LOAD /Applications/STM32CubeIDE.app/Contents/Eclipse/plugins/com.st.stm32cube.ide.mcu.externaltools.gnu-tools-for-stm32.9-2020-q2-update.macos64_1.5.0.202011040924/tools/bin/../lib/gcc/arm-none-eabi/9.3.1/thumb/v7e-m+fp/hard/libgcc.a

.debug_info     0x0000000000000000    0x1b714
 .debug_info    0x0000000000000000     0x15c3 Core/Src/Component_test.o
 .debug_info    0x00000000000015c3     0x1a1d Core/Src/DMX.o
 .debug_info    0x0000000000002fe0      0x60f Core/Src/dma.o
 .debug_info    0x00000000000035ef      0x5db Core/Src/gpio.o
 .debug_info    0x0000000000003bca     0x24d3 Core/Src/main.o
 .debug_info    0x000000000000609d      0xe2e Core/Src/sdio.o
 .debug_info    0x0000000000006ecb      0x3e9 Core/Src/stm32f4xx_hal_msp.o
 .debug_info    0x00000000000072b4      0xf5d Core/Src/stm32f4xx_it.o
 .debug_info    0x0000000000008211      0x5dc Core/Src/system_stm32f4xx.o
 .debug_info    0x00000000000087ed     0x11d3 Core/Src/tim.o
 .debug_info    0x00000000000099c0      0xc9c Core/Src/usart.o
 .debug_info    0x000000000000a65c       0x22 Core/Startup/startup_stm32f446zetx.o
 .debug_info    0x000000000000a67e      0xa08 Drivers/STM32F4xx_HAL_Driver/Src/stm32f4xx_hal.o
 .debug_info    0x000000000000b086      0xef5 Drivers/STM32F4xx_HAL_Driver/Src/stm32f4xx_hal_cortex.o
 .debug_info    0x000000000000bf7b      0x9f1 Drivers/STM32F4xx_HAL_Driver/Src/stm32f4xx_hal_dma.o
 .debug_info    0x000000000000c96c      0x892 Drivers/STM32F4xx_HAL_Driver/Src/stm32f4xx_hal_gpio.o
 .debug_info    0x000000000000d1fe      0x7ca Drivers/STM32F4xx_HAL_Driver/Src/stm32f4xx_hal_pwr_ex.o
 .debug_info    0x000000000000d9c8      0x9db Drivers/STM32F4xx_HAL_Driver/Src/stm32f4xx_hal_rcc.o
 .debug_info    0x000000000000e3a3      0xa86 Drivers/STM32F4xx_HAL_Driver/Src/stm32f4xx_hal_rcc_ex.o
 .debug_info    0x000000000000ee29     0x1a66 Drivers/STM32F4xx_HAL_Driver/Src/stm32f4xx_hal_sd.o
 .debug_info    0x000000000001088f     0x2a90 Drivers/STM32F4xx_HAL_Driver/Src/stm32f4xx_hal_tim.o
 .debug_info    0x000000000001331f     0x1522 Drivers/STM32F4xx_HAL_Driver/Src/stm32f4xx_hal_tim_ex.o
 .debug_info    0x0000000000014841     0x1665 Drivers/STM32F4xx_HAL_Driver/Src/stm32f4xx_hal_uart.o
 .debug_info    0x0000000000015ea6     0x1249 Drivers/STM32F4xx_HAL_Driver/Src/stm32f4xx_ll_sdmmc.o
 .debug_info    0x00000000000170ef      0xe86 FATFS/App/fatfs.o
 .debug_info    0x0000000000017f75      0xae6 FATFS/Target/bsp_driver_sd.o
 .debug_info    0x0000000000018a5b      0x284 FATFS/Target/fatfs_platform.o
 .debug_info    0x0000000000018cdf      0xe04 FATFS/Target/sd_diskio.o
 .debug_info    0x0000000000019ae3      0xd56 Middlewares/Third_Party/FatFs/src/ff_gen_drv.o
 .debug_info    0x000000000001a839      0xedb lcd_lib/lcd.o

.debug_abbrev   0x0000000000000000     0x3d06
 .debug_abbrev  0x0000000000000000      0x23c Core/Src/Component_test.o
 .debug_abbrev  0x000000000000023c      0x28c Core/Src/DMX.o
 .debug_abbrev  0x00000000000004c8      0x124 Core/Src/dma.o
 .debug_abbrev  0x00000000000005ec      0x157 Core/Src/gpio.o
 .debug_abbrev  0x0000000000000743      0x322 Core/Src/main.o
 .debug_abbrev  0x0000000000000a65      0x1f3 Core/Src/sdio.o
 .debug_abbrev  0x0000000000000c58      0x126 Core/Src/stm32f4xx_hal_msp.o
 .debug_abbrev  0x0000000000000d7e      0x226 Core/Src/stm32f4xx_it.o
 .debug_abbrev  0x0000000000000fa4      0x145 Core/Src/system_stm32f4xx.o
 .debug_abbrev  0x00000000000010e9      0x25d Core/Src/tim.o
 .debug_abbrev  0x0000000000001346      0x1cd Core/Src/usart.o
 .debug_abbrev  0x0000000000001513       0x12 Core/Startup/startup_stm32f446zetx.o
 .debug_abbrev  0x0000000000001525      0x1ed Drivers/STM32F4xx_HAL_Driver/Src/stm32f4xx_hal.o
 .debug_abbrev  0x0000000000001712      0x33c Drivers/STM32F4xx_HAL_Driver/Src/stm32f4xx_hal_cortex.o
 .debug_abbrev  0x0000000000001a4e      0x259 Drivers/STM32F4xx_HAL_Driver/Src/stm32f4xx_hal_dma.o
 .debug_abbrev  0x0000000000001ca7      0x1f1 Drivers/STM32F4xx_HAL_Driver/Src/stm32f4xx_hal_gpio.o
 .debug_abbrev  0x0000000000001e98      0x1da Drivers/STM32F4xx_HAL_Driver/Src/stm32f4xx_hal_pwr_ex.o
 .debug_abbrev  0x0000000000002072      0x275 Drivers/STM32F4xx_HAL_Driver/Src/stm32f4xx_hal_rcc.o
 .debug_abbrev  0x00000000000022e7      0x1e2 Drivers/STM32F4xx_HAL_Driver/Src/stm32f4xx_hal_rcc_ex.o
 .debug_abbrev  0x00000000000024c9      0x26d Drivers/STM32F4xx_HAL_Driver/Src/stm32f4xx_hal_sd.o
 .debug_abbrev  0x0000000000002736      0x25e Drivers/STM32F4xx_HAL_Driver/Src/stm32f4xx_hal_tim.o
 .debug_abbrev  0x0000000000002994      0x266 Drivers/STM32F4xx_HAL_Driver/Src/stm32f4xx_hal_tim_ex.o
 .debug_abbrev  0x0000000000002bfa      0x28b Drivers/STM32F4xx_HAL_Driver/Src/stm32f4xx_hal_uart.o
 .debug_abbrev  0x0000000000002e85      0x1ec Drivers/STM32F4xx_HAL_Driver/Src/stm32f4xx_ll_sdmmc.o
 .debug_abbrev  0x0000000000003071      0x209 FATFS/App/fatfs.o
 .debug_abbrev  0x000000000000327a      0x277 FATFS/Target/bsp_driver_sd.o
 .debug_abbrev  0x00000000000034f1      0x10b FATFS/Target/fatfs_platform.o
 .debug_abbrev  0x00000000000035fc      0x231 FATFS/Target/sd_diskio.o
 .debug_abbrev  0x000000000000382d      0x271 Middlewares/Third_Party/FatFs/src/ff_gen_drv.o
 .debug_abbrev  0x0000000000003a9e      0x268 lcd_lib/lcd.o

.debug_aranges  0x0000000000000000     0x1368
 .debug_aranges
                0x0000000000000000       0x38 Core/Src/Component_test.o
 .debug_aranges
                0x0000000000000038       0x50 Core/Src/DMX.o
 .debug_aranges
                0x0000000000000088       0x20 Core/Src/dma.o
 .debug_aranges
                0x00000000000000a8       0x20 Core/Src/gpio.o
 .debug_aranges
                0x00000000000000c8       0x68 Core/Src/main.o
 .debug_aranges
                0x0000000000000130       0x30 Core/Src/sdio.o
 .debug_aranges
                0x0000000000000160       0x20 Core/Src/stm32f4xx_hal_msp.o
 .debug_aranges
                0x0000000000000180       0xa8 Core/Src/stm32f4xx_it.o
 .debug_aranges
                0x0000000000000228       0x28 Core/Src/system_stm32f4xx.o
 .debug_aranges
                0x0000000000000250       0x78 Core/Src/tim.o
 .debug_aranges
                0x00000000000002c8       0x30 Core/Src/usart.o
 .debug_aranges
                0x00000000000002f8       0x28 Core/Startup/startup_stm32f446zetx.o
 .debug_aranges
                0x0000000000000320       0xf0 Drivers/STM32F4xx_HAL_Driver/Src/stm32f4xx_hal.o
 .debug_aranges
                0x0000000000000410      0x118 Drivers/STM32F4xx_HAL_Driver/Src/stm32f4xx_hal_cortex.o
 .debug_aranges
                0x0000000000000528       0x90 Drivers/STM32F4xx_HAL_Driver/Src/stm32f4xx_hal_dma.o
 .debug_aranges
                0x00000000000005b8       0x58 Drivers/STM32F4xx_HAL_Driver/Src/stm32f4xx_hal_gpio.o
 .debug_aranges
                0x0000000000000610       0x60 Drivers/STM32F4xx_HAL_Driver/Src/stm32f4xx_hal_pwr_ex.o
 .debug_aranges
                0x0000000000000670       0x88 Drivers/STM32F4xx_HAL_Driver/Src/stm32f4xx_hal_rcc.o
 .debug_aranges
                0x00000000000006f8       0x78 Drivers/STM32F4xx_HAL_Driver/Src/stm32f4xx_hal_rcc_ex.o
 .debug_aranges
                0x0000000000000770      0x168 Drivers/STM32F4xx_HAL_Driver/Src/stm32f4xx_hal_sd.o
 .debug_aranges
                0x00000000000008d8      0x3d0 Drivers/STM32F4xx_HAL_Driver/Src/stm32f4xx_hal_tim.o
 .debug_aranges
                0x0000000000000ca8      0x168 Drivers/STM32F4xx_HAL_Driver/Src/stm32f4xx_hal_tim_ex.o
 .debug_aranges
                0x0000000000000e10      0x200 Drivers/STM32F4xx_HAL_Driver/Src/stm32f4xx_hal_uart.o
 .debug_aranges
                0x0000000000001010      0x180 Drivers/STM32F4xx_HAL_Driver/Src/stm32f4xx_ll_sdmmc.o
 .debug_aranges
                0x0000000000001190       0x28 FATFS/App/fatfs.o
 .debug_aranges
                0x00000000000011b8       0xa0 FATFS/Target/bsp_driver_sd.o
 .debug_aranges
                0x0000000000001258       0x20 FATFS/Target/fatfs_platform.o
 .debug_aranges
                0x0000000000001278       0x48 FATFS/Target/sd_diskio.o
 .debug_aranges
                0x00000000000012c0       0x40 Middlewares/Third_Party/FatFs/src/ff_gen_drv.o
 .debug_aranges
                0x0000000000001300       0x68 lcd_lib/lcd.o

.debug_ranges   0x0000000000000000     0x11c0
 .debug_ranges  0x0000000000000000       0x28 Core/Src/Component_test.o
 .debug_ranges  0x0000000000000028       0x40 Core/Src/DMX.o
 .debug_ranges  0x0000000000000068       0x10 Core/Src/dma.o
 .debug_ranges  0x0000000000000078       0x10 Core/Src/gpio.o
 .debug_ranges  0x0000000000000088       0x58 Core/Src/main.o
 .debug_ranges  0x00000000000000e0       0x20 Core/Src/sdio.o
 .debug_ranges  0x0000000000000100       0x10 Core/Src/stm32f4xx_hal_msp.o
 .debug_ranges  0x0000000000000110       0x98 Core/Src/stm32f4xx_it.o
 .debug_ranges  0x00000000000001a8       0x18 Core/Src/system_stm32f4xx.o
 .debug_ranges  0x00000000000001c0       0x68 Core/Src/tim.o
 .debug_ranges  0x0000000000000228       0x20 Core/Src/usart.o
 .debug_ranges  0x0000000000000248       0x20 Core/Startup/startup_stm32f446zetx.o
 .debug_ranges  0x0000000000000268       0xe0 Drivers/STM32F4xx_HAL_Driver/Src/stm32f4xx_hal.o
 .debug_ranges  0x0000000000000348      0x108 Drivers/STM32F4xx_HAL_Driver/Src/stm32f4xx_hal_cortex.o
 .debug_ranges  0x0000000000000450       0x80 Drivers/STM32F4xx_HAL_Driver/Src/stm32f4xx_hal_dma.o
 .debug_ranges  0x00000000000004d0       0x48 Drivers/STM32F4xx_HAL_Driver/Src/stm32f4xx_hal_gpio.o
 .debug_ranges  0x0000000000000518       0x50 Drivers/STM32F4xx_HAL_Driver/Src/stm32f4xx_hal_pwr_ex.o
 .debug_ranges  0x0000000000000568       0x78 Drivers/STM32F4xx_HAL_Driver/Src/stm32f4xx_hal_rcc.o
 .debug_ranges  0x00000000000005e0       0x68 Drivers/STM32F4xx_HAL_Driver/Src/stm32f4xx_hal_rcc_ex.o
 .debug_ranges  0x0000000000000648      0x158 Drivers/STM32F4xx_HAL_Driver/Src/stm32f4xx_hal_sd.o
 .debug_ranges  0x00000000000007a0      0x3c0 Drivers/STM32F4xx_HAL_Driver/Src/stm32f4xx_hal_tim.o
 .debug_ranges  0x0000000000000b60      0x158 Drivers/STM32F4xx_HAL_Driver/Src/stm32f4xx_hal_tim_ex.o
 .debug_ranges  0x0000000000000cb8      0x220 Drivers/STM32F4xx_HAL_Driver/Src/stm32f4xx_hal_uart.o
 .debug_ranges  0x0000000000000ed8      0x170 Drivers/STM32F4xx_HAL_Driver/Src/stm32f4xx_ll_sdmmc.o
 .debug_ranges  0x0000000000001048       0x18 FATFS/App/fatfs.o
 .debug_ranges  0x0000000000001060       0x90 FATFS/Target/bsp_driver_sd.o
 .debug_ranges  0x00000000000010f0       0x10 FATFS/Target/fatfs_platform.o
 .debug_ranges  0x0000000000001100       0x38 FATFS/Target/sd_diskio.o
 .debug_ranges  0x0000000000001138       0x30 Middlewares/Third_Party/FatFs/src/ff_gen_drv.o
 .debug_ranges  0x0000000000001168       0x58 lcd_lib/lcd.o

.debug_macro    0x0000000000000000    0x258cd
 .debug_macro   0x0000000000000000      0x44b Core/Src/Component_test.o
 .debug_macro   0x000000000000044b      0xaa8 Core/Src/Component_test.o
 .debug_macro   0x0000000000000ef3      0x2a1 Core/Src/Component_test.o
 .debug_macro   0x0000000000001194       0x2e Core/Src/Component_test.o
 .debug_macro   0x00000000000011c2       0x28 Core/Src/Component_test.o
 .debug_macro   0x00000000000011ea       0x22 Core/Src/Component_test.o
 .debug_macro   0x000000000000120c       0x8e Core/Src/Component_test.o
 .debug_macro   0x000000000000129a       0x51 Core/Src/Component_test.o
 .debug_macro   0x00000000000012eb      0x103 Core/Src/Component_test.o
 .debug_macro   0x00000000000013ee       0x6a Core/Src/Component_test.o
 .debug_macro   0x0000000000001458      0x1df Core/Src/Component_test.o
 .debug_macro   0x0000000000001637       0x1c Core/Src/Component_test.o
 .debug_macro   0x0000000000001653       0x22 Core/Src/Component_test.o
 .debug_macro   0x0000000000001675       0xdf Core/Src/Component_test.o
 .debug_macro   0x0000000000001754     0x102d Core/Src/Component_test.o
 .debug_macro   0x0000000000002781      0x11f Core/Src/Component_test.o
 .debug_macro   0x00000000000028a0    0x1672d Core/Src/Component_test.o
 .debug_macro   0x0000000000018fcd       0x43 Core/Src/Component_test.o
 .debug_macro   0x0000000000019010     0x3659 Core/Src/Component_test.o
 .debug_macro   0x000000000001c669      0x174 Core/Src/Component_test.o
 .debug_macro   0x000000000001c7dd       0x5c Core/Src/Component_test.o
 .debug_macro   0x000000000001c839      0xc90 Core/Src/Component_test.o
 .debug_macro   0x000000000001d4c9      0x9fe Core/Src/Component_test.o
 .debug_macro   0x000000000001dec7      0x117 Core/Src/Component_test.o
 .debug_macro   0x000000000001dfde      0x1a0 Core/Src/Component_test.o
 .debug_macro   0x000000000001e17e       0x82 Core/Src/Component_test.o
 .debug_macro   0x000000000001e200      0x16d Core/Src/Component_test.o
 .debug_macro   0x000000000001e36d      0x287 Core/Src/Component_test.o
 .debug_macro   0x000000000001e5f4       0x5f Core/Src/Component_test.o
 .debug_macro   0x000000000001e653      0x236 Core/Src/Component_test.o
 .debug_macro   0x000000000001e889      0x132 Core/Src/Component_test.o
 .debug_macro   0x000000000001e9bb      0x29c Core/Src/Component_test.o
 .debug_macro   0x000000000001ec57       0x2e Core/Src/Component_test.o
 .debug_macro   0x000000000001ec85      0x11a Core/Src/Component_test.o
 .debug_macro   0x000000000001ed9f       0xe8 Core/Src/Component_test.o
 .debug_macro   0x000000000001ee87       0x89 Core/Src/Component_test.o
 .debug_macro   0x000000000001ef10      0x81b Core/Src/Component_test.o
 .debug_macro   0x000000000001f72b      0x1d5 Core/Src/Component_test.o
 .debug_macro   0x000000000001f900      0x8d1 Core/Src/Component_test.o
 .debug_macro   0x00000000000201d1       0x4d Core/Src/Component_test.o
 .debug_macro   0x000000000002021e      0x295 Core/Src/Component_test.o
 .debug_macro   0x00000000000204b3      0x126 Core/Src/Component_test.o
 .debug_macro   0x00000000000205d9      0x148 Core/Src/Component_test.o
 .debug_macro   0x0000000000020721       0x52 Core/Src/Component_test.o
 .debug_macro   0x0000000000020773       0x18 Core/Src/Component_test.o
 .debug_macro   0x000000000002078b       0x3c Core/Src/Component_test.o
 .debug_macro   0x00000000000207c7       0x34 Core/Src/Component_test.o
 .debug_macro   0x00000000000207fb       0x16 Core/Src/Component_test.o
 .debug_macro   0x0000000000020811       0x43 Core/Src/Component_test.o
 .debug_macro   0x0000000000020854       0x34 Core/Src/Component_test.o
 .debug_macro   0x0000000000020888       0x10 Core/Src/Component_test.o
 .debug_macro   0x0000000000020898       0x58 Core/Src/Component_test.o
 .debug_macro   0x00000000000208f0       0x71 Core/Src/Component_test.o
 .debug_macro   0x0000000000020961       0x1c Core/Src/Component_test.o
 .debug_macro   0x000000000002097d      0x12a Core/Src/Component_test.o
 .debug_macro   0x0000000000020aa7      0x333 Core/Src/Component_test.o
 .debug_macro   0x0000000000020dda       0x10 Core/Src/Component_test.o
 .debug_macro   0x0000000000020dea       0x35 Core/Src/Component_test.o
 .debug_macro   0x0000000000020e1f       0x20 Core/Src/Component_test.o
 .debug_macro   0x0000000000020e3f       0x1c Core/Src/Component_test.o
 .debug_macro   0x0000000000020e5b       0x10 Core/Src/Component_test.o
 .debug_macro   0x0000000000020e6b       0x10 Core/Src/Component_test.o
 .debug_macro   0x0000000000020e7b       0x1c Core/Src/Component_test.o
 .debug_macro   0x0000000000020e97       0x52 Core/Src/Component_test.o
 .debug_macro   0x0000000000020ee9       0x22 Core/Src/Component_test.o
 .debug_macro   0x0000000000020f0b       0x10 Core/Src/Component_test.o
 .debug_macro   0x0000000000020f1b       0x40 Core/Src/Component_test.o
 .debug_macro   0x0000000000020f5b       0xd5 Core/Src/Component_test.o
 .debug_macro   0x0000000000021030       0x1c Core/Src/Component_test.o
 .debug_macro   0x000000000002104c       0x3d Core/Src/Component_test.o
 .debug_macro   0x0000000000021089       0x16 Core/Src/Component_test.o
 .debug_macro   0x000000000002109f      0x145 Core/Src/Component_test.o
 .debug_macro   0x00000000000211e4       0xa0 Core/Src/Component_test.o
 .debug_macro   0x0000000000021284       0x1c Core/Src/Component_test.o
 .debug_macro   0x00000000000212a0       0x34 Core/Src/Component_test.o
 .debug_macro   0x00000000000212d4       0xe5 Core/Src/Component_test.o
 .debug_macro   0x00000000000213b9       0x16 Core/Src/Component_test.o
 .debug_macro   0x00000000000213cf       0x16 Core/Src/Component_test.o
 .debug_macro   0x00000000000213e5       0x29 Core/Src/Component_test.o
 .debug_macro   0x000000000002140e       0x12 Core/Src/Component_test.o
 .debug_macro   0x0000000000021420       0xdb Core/Src/Component_test.o
 .debug_macro   0x00000000000214fb       0x8e Core/Src/Component_test.o
 .debug_macro   0x0000000000021589      0x379 Core/Src/DMX.o
 .debug_macro   0x0000000000021902      0x14e Core/Src/DMX.o
 .debug_macro   0x0000000000021a50       0xe2 Core/Src/DMX.o
 .debug_macro   0x0000000000021b32       0x16 Core/Src/DMX.o
 .debug_macro   0x0000000000021b48      0x200 Core/Src/dma.o
 .debug_macro   0x0000000000021d48      0x200 Core/Src/gpio.o
 .debug_macro   0x0000000000021f48      0x486 Core/Src/main.o
 .debug_macro   0x00000000000223ce      0x200 Core/Src/sdio.o
 .debug_macro   0x00000000000225ce      0x1f6 Core/Src/stm32f4xx_hal_msp.o
 .debug_macro   0x00000000000227c4      0x204 Core/Src/stm32f4xx_it.o
 .debug_macro   0x00000000000229c8      0x1ed Core/Src/system_stm32f4xx.o
 .debug_macro   0x0000000000022bb5      0x200 Core/Src/tim.o
 .debug_macro   0x0000000000022db5      0x200 Core/Src/usart.o
 .debug_macro   0x0000000000022fb5      0x247 Drivers/STM32F4xx_HAL_Driver/Src/stm32f4xx_hal.o
 .debug_macro   0x00000000000231fc      0x1e7 Drivers/STM32F4xx_HAL_Driver/Src/stm32f4xx_hal_cortex.o
 .debug_macro   0x00000000000233e3      0x1ed Drivers/STM32F4xx_HAL_Driver/Src/stm32f4xx_hal_dma.o
 .debug_macro   0x00000000000235d0      0x1ed Drivers/STM32F4xx_HAL_Driver/Src/stm32f4xx_hal_gpio.o
 .debug_macro   0x00000000000237bd      0x1ff Drivers/STM32F4xx_HAL_Driver/Src/stm32f4xx_hal_pwr_ex.o
 .debug_macro   0x00000000000239bc      0x20b Drivers/STM32F4xx_HAL_Driver/Src/stm32f4xx_hal_rcc.o
 .debug_macro   0x0000000000023bc7      0x1e7 Drivers/STM32F4xx_HAL_Driver/Src/stm32f4xx_hal_rcc_ex.o
 .debug_macro   0x0000000000023dae      0x1e8 Drivers/STM32F4xx_HAL_Driver/Src/stm32f4xx_hal_sd.o
 .debug_macro   0x0000000000023f96      0x1e8 Drivers/STM32F4xx_HAL_Driver/Src/stm32f4xx_hal_tim.o
 .debug_macro   0x000000000002417e      0x1e7 Drivers/STM32F4xx_HAL_Driver/Src/stm32f4xx_hal_tim_ex.o
 .debug_macro   0x0000000000024365      0x1e8 Drivers/STM32F4xx_HAL_Driver/Src/stm32f4xx_hal_uart.o
 .debug_macro   0x000000000002454d      0x1e8 Drivers/STM32F4xx_HAL_Driver/Src/stm32f4xx_ll_sdmmc.o
 .debug_macro   0x0000000000024735      0x333 FATFS/App/fatfs.o
 .debug_macro   0x0000000000024a68      0x1ff FATFS/Target/bsp_driver_sd.o
 .debug_macro   0x0000000000024c67      0x1f0 FATFS/Target/fatfs_platform.o
 .debug_macro   0x0000000000024e57      0x336 FATFS/Target/sd_diskio.o
 .debug_macro   0x000000000002518d       0x16 FATFS/Target/sd_diskio.o
 .debug_macro   0x00000000000251a3       0x7c FATFS/Target/sd_diskio.o
 .debug_macro   0x000000000002521f      0x320 Middlewares/Third_Party/FatFs/src/ff_gen_drv.o
 .debug_macro   0x000000000002553f      0x38e lcd_lib/lcd.o

.debug_line     0x0000000000000000    0x1925a
 .debug_line    0x0000000000000000      0xb34 Core/Src/Component_test.o
 .debug_line    0x0000000000000b34      0xa81 Core/Src/DMX.o
 .debug_line    0x00000000000015b5      0x722 Core/Src/dma.o
 .debug_line    0x0000000000001cd7      0x7c6 Core/Src/gpio.o
 .debug_line    0x000000000000249d      0xd87 Core/Src/main.o
 .debug_line    0x0000000000003224      0x807 Core/Src/sdio.o
 .debug_line    0x0000000000003a2b      0x725 Core/Src/stm32f4xx_hal_msp.o
 .debug_line    0x0000000000004150      0x90b Core/Src/stm32f4xx_it.o
 .debug_line    0x0000000000004a5b      0x7ac Core/Src/system_stm32f4xx.o
 .debug_line    0x0000000000005207      0xa74 Core/Src/tim.o
 .debug_line    0x0000000000005c7b      0x791 Core/Src/usart.o
 .debug_line    0x000000000000640c       0x88 Core/Startup/startup_stm32f446zetx.o
 .debug_line    0x0000000000006494      0xa0c Drivers/STM32F4xx_HAL_Driver/Src/stm32f4xx_hal.o
 .debug_line    0x0000000000006ea0      0xcbb Drivers/STM32F4xx_HAL_Driver/Src/stm32f4xx_hal_cortex.o
 .debug_line    0x0000000000007b5b      0xf75 Drivers/STM32F4xx_HAL_Driver/Src/stm32f4xx_hal_dma.o
 .debug_line    0x0000000000008ad0      0xb70 Drivers/STM32F4xx_HAL_Driver/Src/stm32f4xx_hal_gpio.o
 .debug_line    0x0000000000009640      0x93b Drivers/STM32F4xx_HAL_Driver/Src/stm32f4xx_hal_pwr_ex.o
 .debug_line    0x0000000000009f7b      0xd92 Drivers/STM32F4xx_HAL_Driver/Src/stm32f4xx_hal_rcc.o
 .debug_line    0x000000000000ad0d     0x1416 Drivers/STM32F4xx_HAL_Driver/Src/stm32f4xx_hal_rcc_ex.o
 .debug_line    0x000000000000c123     0x1e2d Drivers/STM32F4xx_HAL_Driver/Src/stm32f4xx_hal_sd.o
 .debug_line    0x000000000000df50     0x3638 Drivers/STM32F4xx_HAL_Driver/Src/stm32f4xx_hal_tim.o
 .debug_line    0x0000000000011588     0x19d9 Drivers/STM32F4xx_HAL_Driver/Src/stm32f4xx_hal_tim_ex.o
 .debug_line    0x0000000000012f61     0x1ad2 Drivers/STM32F4xx_HAL_Driver/Src/stm32f4xx_hal_uart.o
 .debug_line    0x0000000000014a33      0xf77 Drivers/STM32F4xx_HAL_Driver/Src/stm32f4xx_ll_sdmmc.o
 .debug_line    0x00000000000159aa      0x943 FATFS/App/fatfs.o
 .debug_line    0x00000000000162ed      0x906 FATFS/Target/bsp_driver_sd.o
 .debug_line    0x0000000000016bf3      0x73a FATFS/Target/fatfs_platform.o
 .debug_line    0x000000000001732d      0xa27 FATFS/Target/sd_diskio.o
 .debug_line    0x0000000000017d54      0x9d2 Middlewares/Third_Party/FatFs/src/ff_gen_drv.o
 .debug_line    0x0000000000018726      0xb34 lcd_lib/lcd.o

.debug_str      0x0000000000000000    0xd72f9
 .debug_str     0x0000000000000000    0xd2286 Core/Src/Component_test.o
                                      0xd2638 (size before relaxing)
 .debug_str     0x00000000000d2286      0x3c3 Core/Src/DMX.o
                                      0xd18cf (size before relaxing)
 .debug_str     0x00000000000d2649      0x64e Core/Src/dma.o
                                      0xcda6e (size before relaxing)
 .debug_str     0x00000000000d2c97       0x62 Core/Src/gpio.o
                                      0xcd5df (size before relaxing)
 .debug_str     0x00000000000d2cf9      0x6f6 Core/Src/main.o
                                      0xd320b (size before relaxing)
 .debug_str     0x00000000000d33ef       0x66 Core/Src/sdio.o
                                      0xcdfe1 (size before relaxing)
 .debug_str     0x00000000000d3455       0x2c Core/Src/stm32f4xx_hal_msp.o
                                      0xcd542 (size before relaxing)
 .debug_str     0x00000000000d3481      0x179 Core/Src/stm32f4xx_it.o
                                      0xcdf10 (size before relaxing)
 .debug_str     0x00000000000d35fa       0xc4 Core/Src/system_stm32f4xx.o
                                      0xcd0c6 (size before relaxing)
 .debug_str     0x00000000000d36be      0x298 Core/Src/tim.o
                                      0xce2ee (size before relaxing)
 .debug_str     0x00000000000d3956       0x51 Core/Src/usart.o
                                      0xcdf6d (size before relaxing)
 .debug_str     0x00000000000d39a7       0x36 Core/Startup/startup_stm32f446zetx.o
                                         0x63 (size before relaxing)
 .debug_str     0x00000000000d39dd      0x576 Drivers/STM32F4xx_HAL_Driver/Src/stm32f4xx_hal.o
                                      0xcdbd4 (size before relaxing)
 .debug_str     0x00000000000d3f53      0x399 Drivers/STM32F4xx_HAL_Driver/Src/stm32f4xx_hal_cortex.o
                                      0xcd99e (size before relaxing)
 .debug_str     0x00000000000d42ec      0x31d Drivers/STM32F4xx_HAL_Driver/Src/stm32f4xx_hal_dma.o
                                      0xcd4b6 (size before relaxing)
 .debug_str     0x00000000000d4609      0x15a Drivers/STM32F4xx_HAL_Driver/Src/stm32f4xx_hal_gpio.o
                                      0xcd258 (size before relaxing)
 .debug_str     0x00000000000d4763      0x135 Drivers/STM32F4xx_HAL_Driver/Src/stm32f4xx_hal_pwr_ex.o
                                      0xcd2a9 (size before relaxing)
 .debug_str     0x00000000000d4898      0x259 Drivers/STM32F4xx_HAL_Driver/Src/stm32f4xx_hal_rcc.o
                                      0xcd4b8 (size before relaxing)
 .debug_str     0x00000000000d4af1      0x1af Drivers/STM32F4xx_HAL_Driver/Src/stm32f4xx_hal_rcc_ex.o
                                      0xcd515 (size before relaxing)
 .debug_str     0x00000000000d4ca0      0x6e1 Drivers/STM32F4xx_HAL_Driver/Src/stm32f4xx_hal_sd.o
                                      0xcdb8d (size before relaxing)
 .debug_str     0x00000000000d5381      0xd38 Drivers/STM32F4xx_HAL_Driver/Src/stm32f4xx_hal_tim.o
                                      0xce3b4 (size before relaxing)
 .debug_str     0x00000000000d60b9      0x45a Drivers/STM32F4xx_HAL_Driver/Src/stm32f4xx_hal_tim_ex.o
                                      0xcdb65 (size before relaxing)
 .debug_str     0x00000000000d6513      0x5a4 Drivers/STM32F4xx_HAL_Driver/Src/stm32f4xx_hal_uart.o
                                      0xcd9f0 (size before relaxing)
 .debug_str     0x00000000000d6ab7      0x44a Drivers/STM32F4xx_HAL_Driver/Src/stm32f4xx_ll_sdmmc.o
                                      0xcd519 (size before relaxing)
 .debug_str     0x00000000000d6f01       0x2f FATFS/App/fatfs.o
                                      0xd0f8f (size before relaxing)
 .debug_str     0x00000000000d6f30      0x164 FATFS/Target/bsp_driver_sd.o
                                      0xcd6a0 (size before relaxing)
 .debug_str     0x00000000000d7094       0x38 FATFS/Target/fatfs_platform.o
                                      0xccfef (size before relaxing)
 .debug_str     0x00000000000d70cc       0xa0 FATFS/Target/sd_diskio.o
                                      0xd0f7c (size before relaxing)
 .debug_str     0x00000000000d716c       0xc6 Middlewares/Third_Party/FatFs/src/ff_gen_drv.o
                                      0xd0f0c (size before relaxing)
 .debug_str     0x00000000000d7232       0xc7 lcd_lib/lcd.o
                                      0xd1883 (size before relaxing)

.comment        0x0000000000000000       0x53
 .comment       0x0000000000000000       0x53 Core/Src/Component_test.o
                                         0x54 (size before relaxing)
 .comment       0x0000000000000053       0x54 Core/Src/DMX.o
 .comment       0x0000000000000053       0x54 Core/Src/dma.o
 .comment       0x0000000000000053       0x54 Core/Src/gpio.o
 .comment       0x0000000000000053       0x54 Core/Src/main.o
 .comment       0x0000000000000053       0x54 Core/Src/sdio.o
 .comment       0x0000000000000053       0x54 Core/Src/stm32f4xx_hal_msp.o
 .comment       0x0000000000000053       0x54 Core/Src/stm32f4xx_it.o
 .comment       0x0000000000000053       0x54 Core/Src/system_stm32f4xx.o
 .comment       0x0000000000000053       0x54 Core/Src/tim.o
 .comment       0x0000000000000053       0x54 Core/Src/usart.o
 .comment       0x0000000000000053       0x54 Drivers/STM32F4xx_HAL_Driver/Src/stm32f4xx_hal.o
 .comment       0x0000000000000053       0x54 Drivers/STM32F4xx_HAL_Driver/Src/stm32f4xx_hal_cortex.o
 .comment       0x0000000000000053       0x54 Drivers/STM32F4xx_HAL_Driver/Src/stm32f4xx_hal_dma.o
 .comment       0x0000000000000053       0x54 Drivers/STM32F4xx_HAL_Driver/Src/stm32f4xx_hal_gpio.o
 .comment       0x0000000000000053       0x54 Drivers/STM32F4xx_HAL_Driver/Src/stm32f4xx_hal_pwr_ex.o
 .comment       0x0000000000000053       0x54 Drivers/STM32F4xx_HAL_Driver/Src/stm32f4xx_hal_rcc.o
 .comment       0x0000000000000053       0x54 Drivers/STM32F4xx_HAL_Driver/Src/stm32f4xx_hal_rcc_ex.o
 .comment       0x0000000000000053       0x54 Drivers/STM32F4xx_HAL_Driver/Src/stm32f4xx_hal_sd.o
 .comment       0x0000000000000053       0x54 Drivers/STM32F4xx_HAL_Driver/Src/stm32f4xx_hal_tim.o
 .comment       0x0000000000000053       0x54 Drivers/STM32F4xx_HAL_Driver/Src/stm32f4xx_hal_tim_ex.o
 .comment       0x0000000000000053       0x54 Drivers/STM32F4xx_HAL_Driver/Src/stm32f4xx_hal_uart.o
 .comment       0x0000000000000053       0x54 Drivers/STM32F4xx_HAL_Driver/Src/stm32f4xx_ll_sdmmc.o
 .comment       0x0000000000000053       0x54 FATFS/App/fatfs.o
 .comment       0x0000000000000053       0x54 FATFS/Target/bsp_driver_sd.o
 .comment       0x0000000000000053       0x54 FATFS/Target/fatfs_platform.o
 .comment       0x0000000000000053       0x54 FATFS/Target/sd_diskio.o
 .comment       0x0000000000000053       0x54 Middlewares/Third_Party/FatFs/src/ff_gen_drv.o
 .comment       0x0000000000000053       0x54 lcd_lib/lcd.o

.debug_frame    0x0000000000000000     0x4e78
 .debug_frame   0x0000000000000000       0x9c Core/Src/Component_test.o
 .debug_frame   0x000000000000009c      0x110 Core/Src/DMX.o
 .debug_frame   0x00000000000001ac       0x34 Core/Src/dma.o
 .debug_frame   0x00000000000001e0       0x38 Core/Src/gpio.o
 .debug_frame   0x0000000000000218      0x174 Core/Src/main.o
 .debug_frame   0x000000000000038c       0x78 Core/Src/sdio.o
 .debug_frame   0x0000000000000404       0x38 Core/Src/stm32f4xx_hal_msp.o
 .debug_frame   0x000000000000043c      0x21c Core/Src/stm32f4xx_it.o
 .debug_frame   0x0000000000000658       0x58 Core/Src/system_stm32f4xx.o
 .debug_frame   0x00000000000006b0      0x1a4 Core/Src/tim.o