Archive member included to satisfy reference by file (symbol)

/Applications/STM32CubeIDE.app/Contents/Eclipse/plugins/com.st.stm32cube.ide.mcu.externaltools.gnu-tools-for-stm32.9-2020-q2-update.macos64_1.5.0.202011040924/tools/bin/../lib/gcc/arm-none-eabi/9.3.1/../../../../arm-none-eabi/lib/thumb/v7e-m+fp/hard/libc_nano.a(lib_a-exit.o)
                              /Applications/STM32CubeIDE.app/Contents/Eclipse/plugins/com.st.stm32cube.ide.mcu.externaltools.gnu-tools-for-stm32.9-2020-q2-update.macos64_1.5.0.202011040924/tools/bin/../lib/gcc/arm-none-eabi/9.3.1/../../../../arm-none-eabi/lib/thumb/v7e-m+fp/hard/crt0.o (exit)
/Applications/STM32CubeIDE.app/Contents/Eclipse/plugins/com.st.stm32cube.ide.mcu.externaltools.gnu-tools-for-stm32.9-2020-q2-update.macos64_1.5.0.202011040924/tools/bin/../lib/gcc/arm-none-eabi/9.3.1/../../../../arm-none-eabi/lib/thumb/v7e-m+fp/hard/libc_nano.a(lib_a-impure.o)
                              /Applications/STM32CubeIDE.app/Contents/Eclipse/plugins/com.st.stm32cube.ide.mcu.externaltools.gnu-tools-for-stm32.9-2020-q2-update.macos64_1.5.0.202011040924/tools/bin/../lib/gcc/arm-none-eabi/9.3.1/../../../../arm-none-eabi/lib/thumb/v7e-m+fp/hard/libc_nano.a(lib_a-exit.o) (_global_impure_ptr)
/Applications/STM32CubeIDE.app/Contents/Eclipse/plugins/com.st.stm32cube.ide.mcu.externaltools.gnu-tools-for-stm32.9-2020-q2-update.macos64_1.5.0.202011040924/tools/bin/../lib/gcc/arm-none-eabi/9.3.1/../../../../arm-none-eabi/lib/thumb/v7e-m+fp/hard/libc_nano.a(lib_a-init.o)
                              /Applications/STM32CubeIDE.app/Contents/Eclipse/plugins/com.st.stm32cube.ide.mcu.externaltools.gnu-tools-for-stm32.9-2020-q2-update.macos64_1.5.0.202011040924/tools/bin/../lib/gcc/arm-none-eabi/9.3.1/../../../../arm-none-eabi/lib/thumb/v7e-m+fp/hard/crt0.o (__libc_init_array)
/Applications/STM32CubeIDE.app/Contents/Eclipse/plugins/com.st.stm32cube.ide.mcu.externaltools.gnu-tools-for-stm32.9-2020-q2-update.macos64_1.5.0.202011040924/tools/bin/../lib/gcc/arm-none-eabi/9.3.1/../../../../arm-none-eabi/lib/thumb/v7e-m+fp/hard/libc_nano.a(lib_a-memset.o)
                              /Applications/STM32CubeIDE.app/Contents/Eclipse/plugins/com.st.stm32cube.ide.mcu.externaltools.gnu-tools-for-stm32.9-2020-q2-update.macos64_1.5.0.202011040924/tools/bin/../lib/gcc/arm-none-eabi/9.3.1/../../../../arm-none-eabi/lib/thumb/v7e-m+fp/hard/crt0.o (memset)
/Applications/STM32CubeIDE.app/Contents/Eclipse/plugins/com.st.stm32cube.ide.mcu.externaltools.gnu-tools-for-stm32.9-2020-q2-update.macos64_1.5.0.202011040924/tools/bin/../lib/gcc/arm-none-eabi/9.3.1/../../../../arm-none-eabi/lib/thumb/v7e-m+fp/hard/libc_nano.a(lib_a-strlen.o)
                              Core/Src/LCD.o (strlen)
/Applications/STM32CubeIDE.app/Contents/Eclipse/plugins/com.st.stm32cube.ide.mcu.externaltools.gnu-tools-for-stm32.9-2020-q2-update.macos64_1.5.0.202011040924/tools/bin/../lib/gcc/arm-none-eabi/9.3.1/thumb/v7e-m+fp/hard/libgcc.a(_aeabi_uldivmod.o)
                              Drivers/STM32F4xx_HAL_Driver/Src/stm32f4xx_hal_rcc.o (__aeabi_uldivmod)
/Applications/STM32CubeIDE.app/Contents/Eclipse/plugins/com.st.stm32cube.ide.mcu.externaltools.gnu-tools-for-stm32.9-2020-q2-update.macos64_1.5.0.202011040924/tools/bin/../lib/gcc/arm-none-eabi/9.3.1/thumb/v7e-m+fp/hard/libgcc.a(_udivmoddi4.o)
                              /Applications/STM32CubeIDE.app/Contents/Eclipse/plugins/com.st.stm32cube.ide.mcu.externaltools.gnu-tools-for-stm32.9-2020-q2-update.macos64_1.5.0.202011040924/tools/bin/../lib/gcc/arm-none-eabi/9.3.1/thumb/v7e-m+fp/hard/libgcc.a(_aeabi_uldivmod.o) (__udivmoddi4)
/Applications/STM32CubeIDE.app/Contents/Eclipse/plugins/com.st.stm32cube.ide.mcu.externaltools.gnu-tools-for-stm32.9-2020-q2-update.macos64_1.5.0.202011040924/tools/bin/../lib/gcc/arm-none-eabi/9.3.1/thumb/v7e-m+fp/hard/libgcc.a(_dvmd_tls.o)
                              /Applications/STM32CubeIDE.app/Contents/Eclipse/plugins/com.st.stm32cube.ide.mcu.externaltools.gnu-tools-for-stm32.9-2020-q2-update.macos64_1.5.0.202011040924/tools/bin/../lib/gcc/arm-none-eabi/9.3.1/thumb/v7e-m+fp/hard/libgcc.a(_aeabi_uldivmod.o) (__aeabi_ldiv0)
/Applications/STM32CubeIDE.app/Contents/Eclipse/plugins/com.st.stm32cube.ide.mcu.externaltools.gnu-tools-for-stm32.9-2020-q2-update.macos64_1.5.0.202011040924/tools/bin/../lib/gcc/arm-none-eabi/9.3.1/../../../../arm-none-eabi/lib/thumb/v7e-m+fp/hard/libnosys.a(_exit.o)
                              /Applications/STM32CubeIDE.app/Contents/Eclipse/plugins/com.st.stm32cube.ide.mcu.externaltools.gnu-tools-for-stm32.9-2020-q2-update.macos64_1.5.0.202011040924/tools/bin/../lib/gcc/arm-none-eabi/9.3.1/../../../../arm-none-eabi/lib/thumb/v7e-m+fp/hard/libc_nano.a(lib_a-exit.o) (_exit)

Allocating common symbols
Common symbol       size              file

hdma_sdio_rx        0x60              Core/Src/sdio.o
_data_ports         0x20              Core/Src/LCD.o
retSD               0x1               FATFS/App/fatfs.o
[...]
Memory Configuration

Name             Origin             Length             Attributes
RAM              0x0000000020000000 0x0000000000020000 xrw
FLASH            0x0000000008000000 0x0000000000080000 xr
*default*        0x0000000000000000 0xffffffffffffffff

Linker script and memory map

LOAD /Applications/STM32CubeIDE.app/Contents/Eclipse/plugins/com.st.stm32cube.ide.mcu.externaltools.gnu-tools-for-stm32.9-2020-q2-update.macos64_1.5.0.202011040924/tools/bin/../lib/gcc/arm-none-eabi/9.3.1/thumb/v7e-m+fp/hard/crti.o
LOAD /Applications/STM32CubeIDE.app/Contents/Eclipse/plugins/com.st.stm32cube.ide.mcu.externaltools.gnu-tools-for-stm32.9-2020-q2-update.macos64_1.5.0.202011040924/tools/bin/../lib/gcc/arm-none-eabi/9.3.1/thumb/v7e-m+fp/hard/crtbegin.o
LOAD /Applications/STM32CubeIDE.app/Contents/Eclipse/plugins/com.st.stm32cube.ide.mcu.externaltools.gnu-tools-for-stm32.9-2020-q2-update.macos64_1.5.0.202011040924/tools/bin/../lib/gcc/arm-none-eabi/9.3.1/../../../../arm-none-eabi/lib/thumb/v7e-m+fp/hard/crt0.o
LOAD Core/Src/Component_test.o
LOAD Core/Src/DMX.o
LOAD Core/Src/LCD.o
LOAD Core/Src/dma.o
LOAD Core/Src/gpio.o
LOAD Core/Src/main.o
LOAD Core/Src/sdio.o
LOAD Core/Src/stm32f4xx_hal_msp.o
LOAD Core/Src/stm32f4xx_it.o
LOAD Core/Src/system_stm32f4xx.o
LOAD Core/Src/tim.o
LOAD Core/Src/usart.o
LOAD Core/Startup/startup_stm32f446zetx.o
LOAD Drivers/STM32F4xx_HAL_Driver/Src/stm32f4xx_hal.o
LOAD Drivers/STM32F4xx_HAL_Driver/Src/stm32f4xx_hal_cortex.o
LOAD Drivers/STM32F4xx_HAL_Driver/Src/stm32f4xx_hal_dma.o
LOAD Drivers/STM32F4xx_HAL_Driver/Src/stm32f4xx_hal_dma_ex.o
LOAD Drivers/STM32F4xx_HAL_Driver/Src/stm32f4xx_hal_exti.o
LOAD Drivers/STM32F4xx_HAL_Driver/Src/stm32f4xx_hal_flash.o
LOAD Drivers/STM32F4xx_HAL_Driver/Src/stm32f4xx_hal_flash_ex.o
LOAD Drivers/STM32F4xx_HAL_Driver/Src/stm32f4xx_hal_flash_ramfunc.o
LOAD Drivers/STM32F4xx_HAL_Driver/Src/stm32f4xx_hal_gpio.o
LOAD Drivers/STM32F4xx_HAL_Driver/Src/stm32f4xx_hal_pwr.o
LOAD Drivers/STM32F4xx_HAL_Driver/Src/stm32f4xx_hal_pwr_ex.o
LOAD Drivers/STM32F4xx_HAL_Driver/Src/stm32f4xx_hal_rcc.o
LOAD Drivers/STM32F4xx_HAL_Driver/Src/stm32f4xx_hal_rcc_ex.o
LOAD Drivers/STM32F4xx_HAL_Driver/Src/stm32f4xx_hal_sd.o
LOAD Drivers/STM32F4xx_HAL_Driver/Src/stm32f4xx_hal_tim.o
LOAD Drivers/STM32F4xx_HAL_Driver/Src/stm32f4xx_hal_tim_ex.o
LOAD Drivers/STM32F4xx_HAL_Driver/Src/stm32f4xx_hal_uart.o
LOAD Drivers/STM32F4xx_HAL_Driver/Src/stm32f4xx_ll_sdmmc.o
LOAD FATFS/App/fatfs.o
LOAD FATFS/Target/bsp_driver_sd.o
LOAD FATFS/Target/fatfs_platform.o
LOAD FATFS/Target/sd_diskio.o
LOAD Middlewares/Third_Party/FatFs/src/diskio.o
LOAD Middlewares/Third_Party/FatFs/src/ff.o
LOAD Middlewares/Third_Party/FatFs/src/ff_gen_drv.o
LOAD Middlewares/Third_Party/FatFs/src/option/syscall.o
START GROUP
LOAD /Applications/STM32CubeIDE.app/Contents/Eclipse/plugins/com.st.stm32cube.ide.mcu.externaltools.gnu-tools-for-stm32.9-2020-q2-update.macos64_1.5.0.202011040924/tools/bin/../lib/gcc/arm-none-eabi/9.3.1/../../../../arm-none-eabi/lib/thumb/v7e-m+fp/hard/libc_nano.a
LOAD /Applications/STM32CubeIDE.app/Contents/Eclipse/plugins/com.st.stm32cube.ide.mcu.externaltools.gnu-tools-for-stm32.9-2020-q2-update.macos64_1.5.0.202011040924/tools/bin/../lib/gcc/arm-none-eabi/9.3.1/../../../../arm-none-eabi/lib/thumb/v7e-m+fp/hard/libm.a
END GROUP
START GROUP
LOAD /Applications/STM32CubeIDE.app/Contents/Eclipse/plugins/com.st.stm32cube.ide.mcu.externaltools.gnu-tools-for-stm32.9-2020-q2-update.macos64_1.5.0.202011040924/tools/bin/../lib/gcc/arm-none-eabi/9.3.1/thumb/v7e-m+fp/hard/libgcc.a
LOAD /Applications/STM32CubeIDE.app/Contents/Eclipse/plugins/com.st.stm32cube.ide.mcu.externaltools.gnu-tools-for-stm32.9-2020-q2-update.macos64_1.5.0.202011040924/tools/bin/../lib/gcc/arm-none-eabi/9.3.1/../../../../arm-none-eabi/lib/thumb/v7e-m+fp/hard/libc_nano.a
END GROUP
START GROUP
LOAD /Applications/STM32CubeIDE.app/Contents/Eclipse/plugins/com.st.stm32cube.ide.mcu.externaltools.gnu-tools-for-stm32.9-2020-q2-update.macos64_1.5.0.202011040924/tools/bin/../lib/gcc/arm-none-eabi/9.3.1/thumb/v7e-m+fp/hard/libgcc.a
LOAD /Applications/STM32CubeIDE.app/Contents/Eclipse/plugins/com.st.stm32cube.ide.mcu.externaltools.gnu-tools-for-stm32.9-2020-q2-update.macos64_1.5.0.202011040924/tools/bin/../lib/gcc/arm-none-eabi/9.3.1/../../../../arm-none-eabi/lib/thumb/v7e-m+fp/hard/libc_nano.a
LOAD /Applications/STM32CubeIDE.app/Contents/Eclipse/plugins/com.st.stm32cube.ide.mcu.externaltools.gnu-tools-for-stm32.9-2020-q2-update.macos64_1.5.0.202011040924/tools/bin/../lib/gcc/arm-none-eabi/9.3.1/../../../../arm-none-eabi/lib/thumb/v7e-m+fp/hard/libnosys.a
END GROUP
START GROUP
LOAD /Applications/STM32CubeIDE.app/Contents/Eclipse/plugins/com.st.stm32cube.ide.mcu.externaltools.gnu-tools-for-stm32.9-2020-q2-update.macos64_1.5.0.202011040924/tools/bin/../lib/gcc/arm-none-eabi/9.3.1/thumb/v7e-m+fp/hard/libgcc.a
LOAD /Applications/STM32CubeIDE.app/Contents/Eclipse/plugins/com.st.stm32cube.ide.mcu.externaltools.gnu-tools-for-stm32.9-2020-q2-update.macos64_1.5.0.202011040924/tools/bin/../lib/gcc/arm-none-eabi/9.3.1/../../../../arm-none-eabi/lib/thumb/v7e-m+fp/hard/libc_nano.a
LOAD /Applications/STM32CubeIDE.app/Contents/Eclipse/plugins/com.st.stm32cube.ide.mcu.externaltools.gnu-tools-for-stm32.9-2020-q2-update.macos64_1.5.0.202011040924/tools/bin/../lib/gcc/arm-none-eabi/9.3.1/../../../../arm-none-eabi/lib/thumb/v7e-m+fp/hard/libnosys.a
END GROUP
LOAD /Applications/STM32CubeIDE.app/Contents/Eclipse/plugins/com.st.stm32cube.ide.mcu.externaltools.gnu-tools-for-stm32.9-2020-q2-update.macos64_1.5.0.202011040924/tools/bin/../lib/gcc/arm-none-eabi/9.3.1/thumb/v7e-m+fp/hard/crtend.o
LOAD /Applications/STM32CubeIDE.app/Contents/Eclipse/plugins/com.st.stm32cube.ide.mcu.externaltools.gnu-tools-for-stm32.9-2020-q2-update.macos64_1.5.0.202011040924/tools/bin/../lib/gcc/arm-none-eabi/9.3.1/thumb/v7e-m+fp/hard/crtn.o
                0x0000000020020000                _estack = (ORIGIN (RAM) + LENGTH (RAM))
                0x0000000000000200                _Min_Heap_Size = 0x200
                0x0000000000000400                _Min_Stack_Size = 0x400

.isr_vector     0x0000000008000000      0x1c4
                0x0000000008000000                . = ALIGN (0x4)
 *(.isr_vector)
 .isr_vector    0x0000000008000000      0x1c4 Core/Startup/startup_stm32f446zetx.o
                0x0000000008000000                g_pfnVectors
                0x00000000080001c4                . = ALIGN (0x4)

.text           0x00000000080001c4     0x913c
                0x00000000080001c4                . = ALIGN (0x4)
 *(.text)
 .text          0x00000000080001c4       0x40 /Applications/STM32CubeIDE.app/Contents/Eclipse/plugins/com.st.stm32cube.ide.mcu.externaltools.gnu-tools-for-stm32.9-2020-q2-update.macos64_1.5.0.202011040924/tools/bin/../lib/gcc/arm-none-eabi/9.3.1/thumb/v7e-m+fp/hard/crtbegin.o
 .text          0x0000000008000204       0x30 /Applications/STM32CubeIDE.app/Contents/Eclipse/plugins/com.st.stm32cube.ide.mcu.externaltools.gnu-tools-for-stm32.9-2020-q2-update.macos64_1.5.0.202011040924/tools/bin/../lib/gcc/arm-none-eabi/9.3.1/thumb/v7e-m+fp/hard/libgcc.a(_aeabi_uldivmod.o)
                0x0000000008000204                __aeabi_uldivmod
 .text          0x0000000008000234      0x2c4 /Applications/STM32CubeIDE.app/Contents/Eclipse/plugins/com.st.stm32cube.ide.mcu.externaltools.gnu-tools-for-stm32.9-2020-q2-update.macos64_1.5.0.202011040924/tools/bin/../lib/gcc/arm-none-eabi/9.3.1/thumb/v7e-m+fp/hard/libgcc.a(_udivmoddi4.o)
                0x0000000008000234                __udivmoddi4
 .text          0x00000000080004f8        0x4 /Applications/STM32CubeIDE.app/Contents/Eclipse/plugins/com.st.stm32cube.ide.mcu.externaltools.gnu-tools-for-stm32.9-2020-q2-update.macos64_1.5.0.202011040924/tools/bin/../lib/gcc/arm-none-eabi/9.3.1/thumb/v7e-m+fp/hard/libgcc.a(_dvmd_tls.o)
                0x00000000080004f8                __aeabi_ldiv0
                0x00000000080004f8                __aeabi_idiv0
 *(.text*)
 .text.MX_DMA_Init
                0x00000000080004fc       0x50 Core/Src/dma.o
                0x00000000080004fc                MX_DMA_Init
 .text.MX_GPIO_Init
                0x000000000800054c      0x2d8 Core/Src/gpio.o
                0x000000000800054c                MX_GPIO_Init
 .text.main     0x0000000008000824       0xf0 Core/Src/main.o
                0x0000000008000824                main
 .text.SystemClock_Config
                0x0000000008000914      0x11c Core/Src/main.o
                0x0000000008000914                SystemClock_Config
 .text.Error_Handler
                0x0000000008000a30        0xe Core/Src/main.o
                0x0000000008000a30                Error_Handler
 *fill*         0x0000000008000a3e        0x2 
 .text.MX_SDIO_SD_Init
                0x0000000008000a40       0x40 Core/Src/sdio.o
                0x0000000008000a40                MX_SDIO_SD_Init
 .text.HAL_SD_MspInit
                0x0000000008000a80      0x220 Core/Src/sdio.o
                0x0000000008000a80                HAL_SD_MspInit
 .text.HAL_MspInit
                0x0000000008000ca0       0x50 Core/Src/stm32f4xx_hal_msp.o
                0x0000000008000ca0                HAL_MspInit
 .text.NMI_Handler
                0x0000000008000cf0        0xe Core/Src/stm32f4xx_it.o
                0x0000000008000cf0                NMI_Handler
 .text.HardFault_Handler
                0x0000000008000cfe        0x6 Core/Src/stm32f4xx_it.o
                0x0000000008000cfe                HardFault_Handler
 .text.MemManage_Handler
                0x0000000008000d04        0x6 Core/Src/stm32f4xx_it.o
                0x0000000008000d04                MemManage_Handler
 .text.BusFault_Handler
                0x0000000008000d0a        0x6 Core/Src/stm32f4xx_it.o
                0x0000000008000d0a                BusFault_Handler
 .text.UsageFault_Handler
                0x0000000008000d10        0x6 Core/Src/stm32f4xx_it.o
                0x0000000008000d10                UsageFault_Handler
 .text.SVC_Handler
                0x0000000008000d16        0xe Core/Src/stm32f4xx_it.o
                0x0000000008000d16                SVC_Handler
 .text.DebugMon_Handler
                0x0000000008000d24        0xe Core/Src/stm32f4xx_it.o
                0x0000000008000d24                DebugMon_Handler
 .text.PendSV_Handler
                0x0000000008000d32        0xe Core/Src/stm32f4xx_it.o
                0x0000000008000d32                PendSV_Handler
 .text.SysTick_Handler
                0x0000000008000d40       0x10 Core/Src/stm32f4xx_it.o
                0x0000000008000d40                SysTick_Handler
 .text.TIM8_TRG_COM_TIM14_IRQHandler
                0x0000000008000d50       0x14 Core/Src/stm32f4xx_it.o
                0x0000000008000d50                TIM8_TRG_COM_TIM14_IRQHandler
 .text.SDIO_IRQHandler
                0x0000000008000d64       0x14 Core/Src/stm32f4xx_it.o
                0x0000000008000d64                SDIO_IRQHandler
 .text.UART4_IRQHandler
                0x0000000008000d78       0x14 Core/Src/stm32f4xx_it.o
                0x0000000008000d78                UART4_IRQHandler
 .text.DMA2_Stream3_IRQHandler
                0x0000000008000d8c       0x14 Core/Src/stm32f4xx_it.o
                0x0000000008000d8c                DMA2_Stream3_IRQHandler
 .text.DMA2_Stream6_IRQHandler
                0x0000000008000da0       0x14 Core/Src/stm32f4xx_it.o
                0x0000000008000da0                DMA2_Stream6_IRQHandler
 .text.SystemInit
                0x0000000008000db4       0x2c Core/Src/system_stm32f4xx.o
                0x0000000008000db4                SystemInit
 .text.MX_TIM1_Init
                0x0000000008000de0      0x104 Core/Src/tim.o
                0x0000000008000de0                MX_TIM1_Init
 .text.MX_TIM9_Init
                0x0000000008000ee4       0xd8 Core/Src/tim.o
                0x0000000008000ee4                MX_TIM9_Init
 .text.MX_TIM10_Init
                0x0000000008000fbc       0x58 Core/Src/tim.o
                0x0000000008000fbc                MX_TIM10_Init
 .text.MX_TIM14_Init
                0x0000000008001014       0x58 Core/Src/tim.o
                0x0000000008001014                MX_TIM14_Init
 .text.HAL_TIM_PWM_MspInit
                0x000000000800106c       0x44 Core/Src/tim.o
                0x000000000800106c                HAL_TIM_PWM_MspInit
 .text.HAL_TIM_Base_MspInit
                0x00000000080010b0       0xa8 Core/Src/tim.o
                0x00000000080010b0                HAL_TIM_Base_MspInit
 .text.HAL_TIM_MspPostInit
                0x0000000008001158       0xc4 Core/Src/tim.o
                0x0000000008001158                HAL_TIM_MspPostInit
 .text.MX_UART4_Init
                0x000000000800121c       0x58 Core/Src/usart.o
                0x000000000800121c                MX_UART4_Init
 .text.HAL_UART_MspInit
                0x0000000008001274       0xa0 Core/Src/usart.o
                0x0000000008001274                HAL_UART_MspInit
 .text.Reset_Handler
                0x0000000008001314       0x50 Core/Startup/startup_stm32f446zetx.o
                0x0000000008001314                Reset_Handler
 .text.Default_Handler
                0x0000000008001364        0x2 Core/Startup/startup_stm32f446zetx.o
                0x0000000008001364                DMA1_Stream3_IRQHandler
                0x0000000008001364                EXTI2_IRQHandler
                0x0000000008001364                TIM8_CC_IRQHandler
                0x0000000008001364                FMPI2C1_EV_IRQHandler
                0x0000000008001364                SPI4_IRQHandler
                0x0000000008001364                TIM1_CC_IRQHandler
                0x0000000008001364                DMA2_Stream5_IRQHandler
                0x0000000008001364                DMA1_Stream5_IRQHandler
                0x0000000008001364                PVD_IRQHandler
                0x0000000008001364                TAMP_STAMP_IRQHandler
                0x0000000008001364                CAN2_RX1_IRQHandler
                0x0000000008001364                EXTI3_IRQHandler
                0x0000000008001364                TIM1_UP_TIM10_IRQHandler
                0x0000000008001364                TIM8_UP_TIM13_IRQHandler
                0x0000000008001364                I2C3_ER_IRQHandler
                0x0000000008001364                EXTI0_IRQHandler
                0x0000000008001364                I2C2_EV_IRQHandler
                0x0000000008001364                DMA1_Stream2_IRQHandler
                0x0000000008001364                CAN1_RX0_IRQHandler
                0x0000000008001364                FPU_IRQHandler
                0x0000000008001364                OTG_HS_WKUP_IRQHandler
                0x0000000008001364                CAN2_SCE_IRQHandler
                0x0000000008001364                DMA2_Stream2_IRQHandler
                0x0000000008001364                SPI1_IRQHandler
                0x0000000008001364                TIM6_DAC_IRQHandler
                0x0000000008001364                TIM1_BRK_TIM9_IRQHandler
                0x0000000008001364                DCMI_IRQHandler
                0x0000000008001364                CAN2_RX0_IRQHandler
                0x0000000008001364                SAI2_IRQHandler
                0x0000000008001364                USART6_IRQHandler
                0x0000000008001364                USART3_IRQHandler
                0x0000000008001364                CAN1_RX1_IRQHandler
                0x0000000008001364                UART5_IRQHandler
                0x0000000008001364                DMA2_Stream0_IRQHandler
                0x0000000008001364                TIM4_IRQHandler
                0x0000000008001364                QUADSPI_IRQHandler
                0x0000000008001364                I2C1_EV_IRQHandler
                0x0000000008001364                DMA1_Stream6_IRQHandler
                0x0000000008001364                DMA1_Stream1_IRQHandler
                0x0000000008001364                TIM3_IRQHandler
                0x0000000008001364                RCC_IRQHandler
                0x0000000008001364                TIM8_BRK_TIM12_IRQHandler
                0x0000000008001364                Default_Handler
                0x0000000008001364                CEC_IRQHandler
                0x0000000008001364                EXTI15_10_IRQHandler
                0x0000000008001364                ADC_IRQHandler
                0x0000000008001364                DMA1_Stream7_IRQHandler
                0x0000000008001364                TIM7_IRQHandler
                0x0000000008001364                CAN2_TX_IRQHandler
                0x0000000008001364                TIM5_IRQHandler
                0x0000000008001364                DMA2_Stream7_IRQHandler
                0x0000000008001364                I2C3_EV_IRQHandler
                0x0000000008001364                EXTI9_5_IRQHandler
                0x0000000008001364                RTC_WKUP_IRQHandler
                0x0000000008001364                SPDIF_RX_IRQHandler
                0x0000000008001364                SPI2_IRQHandler
                0x0000000008001364                OTG_HS_EP1_IN_IRQHandler
                0x0000000008001364                DMA1_Stream0_IRQHandler
                0x0000000008001364                CAN1_TX_IRQHandler
                0x0000000008001364                FMPI2C1_ER_IRQHandler
                0x0000000008001364                EXTI4_IRQHandler
                0x0000000008001364                OTG_HS_EP1_OUT_IRQHandler
                0x0000000008001364                WWDG_IRQHandler
                0x0000000008001364                TIM2_IRQHandler
                0x0000000008001364                OTG_FS_WKUP_IRQHandler
                0x0000000008001364                TIM1_TRG_COM_TIM11_IRQHandler
                0x0000000008001364                OTG_HS_IRQHandler
                0x0000000008001364                EXTI1_IRQHandler
                0x0000000008001364                USART2_IRQHandler
                0x0000000008001364                I2C2_ER_IRQHandler
                0x0000000008001364                DMA2_Stream1_IRQHandler
                0x0000000008001364                CAN1_SCE_IRQHandler
                0x0000000008001364                FLASH_IRQHandler
                0x0000000008001364                DMA2_Stream4_IRQHandler
                0x0000000008001364                USART1_IRQHandler
                0x0000000008001364                OTG_FS_IRQHandler
                0x0000000008001364                SPI3_IRQHandler
                0x0000000008001364                DMA1_Stream4_IRQHandler
                0x0000000008001364                I2C1_ER_IRQHandler
                0x0000000008001364                FMC_IRQHandler
                0x0000000008001364                SAI1_IRQHandler
                0x0000000008001364                RTC_Alarm_IRQHandler
 *fill*         0x0000000008001366        0x2 
 .text.HAL_Init
                0x0000000008001368       0x44 Drivers/STM32F4xx_HAL_Driver/Src/stm32f4xx_hal.o
                0x0000000008001368                HAL_Init
 .text.HAL_InitTick
                0x00000000080013ac       0x60 Drivers/STM32F4xx_HAL_Driver/Src/stm32f4xx_hal.o
                0x00000000080013ac                HAL_InitTick
 .text.HAL_IncTick
                0x000000000800140c       0x28 Drivers/STM32F4xx_HAL_Driver/Src/stm32f4xx_hal.o
                0x000000000800140c                HAL_IncTick
 .text.HAL_GetTick
                0x0000000008001434       0x18 Drivers/STM32F4xx_HAL_Driver/Src/stm32f4xx_hal.o
                0x0000000008001434                HAL_GetTick
 .text.HAL_Delay
                0x000000000800144c       0x48 Drivers/STM32F4xx_HAL_Driver/Src/stm32f4xx_hal.o
                0x000000000800144c                HAL_Delay
 .text.__NVIC_SetPriorityGrouping
                0x0000000008001494       0x48 Drivers/STM32F4xx_HAL_Driver/Src/stm32f4xx_hal_cortex.o
 .text.__NVIC_GetPriorityGrouping
                0x00000000080014dc       0x1c Drivers/STM32F4xx_HAL_Driver/Src/stm32f4xx_hal_cortex.o
 .text.__NVIC_EnableIRQ
                0x00000000080014f8       0x3c Drivers/STM32F4xx_HAL_Driver/Src/stm32f4xx_hal_cortex.o
 .text.__NVIC_SetPriority
                0x0000000008001534       0x54 Drivers/STM32F4xx_HAL_Driver/Src/stm32f4xx_hal_cortex.o
 .text.NVIC_EncodePriority
                0x0000000008001588       0x66 Drivers/STM32F4xx_HAL_Driver/Src/stm32f4xx_hal_cortex.o
 *fill*         0x00000000080015ee        0x2 
 .text.SysTick_Config
                0x00000000080015f0       0x44 Drivers/STM32F4xx_HAL_Driver/Src/stm32f4xx_hal_cortex.o
 .text.HAL_NVIC_SetPriorityGrouping
                0x0000000008001634       0x16 Drivers/STM32F4xx_HAL_Driver/Src/stm32f4xx_hal_cortex.o
                0x0000000008001634                HAL_NVIC_SetPriorityGrouping
 .text.HAL_NVIC_SetPriority
                0x000000000800164a       0x38 Drivers/STM32F4xx_HAL_Driver/Src/stm32f4xx_hal_cortex.o
                0x000000000800164a                HAL_NVIC_SetPriority
 .text.HAL_NVIC_EnableIRQ
                0x0000000008001682       0x1c Drivers/STM32F4xx_HAL_Driver/Src/stm32f4xx_hal_cortex.o
                0x0000000008001682                HAL_NVIC_EnableIRQ
 .text.HAL_SYSTICK_Config
                0x000000000800169e       0x18 Drivers/STM32F4xx_HAL_Driver/Src/stm32f4xx_hal_cortex.o
                0x000000000800169e                HAL_SYSTICK_Config
 *fill*         0x00000000080016b6        0x2 
 .text.HAL_DMA_Init
                0x00000000080016b8      0x15c Drivers/STM32F4xx_HAL_Driver/Src/stm32f4xx_hal_dma.o
                0x00000000080016b8                HAL_DMA_Init
 .text.HAL_DMA_Abort
                0x0000000008001814       0xe0 Drivers/STM32F4xx_HAL_Driver/Src/stm32f4xx_hal_dma.o
                0x0000000008001814                HAL_DMA_Abort
 .text.HAL_DMA_Abort_IT
                0x00000000080018f4       0x44 Drivers/STM32F4xx_HAL_Driver/Src/stm32f4xx_hal_dma.o
                0x00000000080018f4                HAL_DMA_Abort_IT
 .text.HAL_DMA_IRQHandler
                0x0000000008001938      0x314 Drivers/STM32F4xx_HAL_Driver/Src/stm32f4xx_hal_dma.o
                0x0000000008001938                HAL_DMA_IRQHandler
 .text.DMA_CalcBaseAndBitshift
                0x0000000008001c4c       0x6c Drivers/STM32F4xx_HAL_Driver/Src/stm32f4xx_hal_dma.o
 .text.DMA_CheckFifoParam
                0x0000000008001cb8       0xf8 Drivers/STM32F4xx_HAL_Driver/Src/stm32f4xx_hal_dma.o
 .text.HAL_GPIO_Init
                0x0000000008001db0      0x328 Drivers/STM32F4xx_HAL_Driver/Src/stm32f4xx_hal_gpio.o
                0x0000000008001db0                HAL_GPIO_Init
 .text.HAL_GPIO_ReadPin
                0x00000000080020d8       0x30 Drivers/STM32F4xx_HAL_Driver/Src/stm32f4xx_hal_gpio.o
                0x00000000080020d8                HAL_GPIO_ReadPin
 .text.HAL_GPIO_WritePin
                0x0000000008002108       0x32 Drivers/STM32F4xx_HAL_Driver/Src/stm32f4xx_hal_gpio.o
                0x0000000008002108                HAL_GPIO_WritePin
 *fill*         0x000000000800213a        0x2 
 .text.HAL_RCC_ClockConfig
                0x000000000800213c      0x1cc Drivers/STM32F4xx_HAL_Driver/Src/stm32f4xx_hal_rcc.o
                0x000000000800213c                HAL_RCC_ClockConfig
 .text.HAL_RCC_GetHCLKFreq
                0x0000000008002308       0x18 Drivers/STM32F4xx_HAL_Driver/Src/stm32f4xx_hal_rcc.o
                0x0000000008002308                HAL_RCC_GetHCLKFreq
 .text.HAL_RCC_GetPCLK1Freq
                0x0000000008002320       0x28 Drivers/STM32F4xx_HAL_Driver/Src/stm32f4xx_hal_rcc.o
                0x0000000008002320                HAL_RCC_GetPCLK1Freq
 .text.HAL_RCC_GetPCLK2Freq
                0x0000000008002348       0x28 Drivers/STM32F4xx_HAL_Driver/Src/stm32f4xx_hal_rcc.o
                0x0000000008002348                HAL_RCC_GetPCLK2Freq
 .text.HAL_RCCEx_PeriphCLKConfig
                0x0000000008002370      0x654 Drivers/STM32F4xx_HAL_Driver/Src/stm32f4xx_hal_rcc_ex.o
                0x0000000008002370                HAL_RCCEx_PeriphCLKConfig
 .text.HAL_RCC_GetSysClockFreq
                0x00000000080029c4      0x2b8 Drivers/STM32F4xx_HAL_Driver/Src/stm32f4xx_hal_rcc_ex.o
                0x00000000080029c4                HAL_RCC_GetSysClockFreq
 .text.HAL_RCC_OscConfig
                0x0000000008002c7c      0x53c Drivers/STM32F4xx_HAL_Driver/Src/stm32f4xx_hal_rcc_ex.o
                0x0000000008002c7c                HAL_RCC_OscConfig
 .text.HAL_SD_Init
                0x00000000080031b8       0x60 Drivers/STM32F4xx_HAL_Driver/Src/stm32f4xx_hal_sd.o
                0x00000000080031b8                HAL_SD_Init
 .text.HAL_SD_InitCard
                0x0000000008003218       0xfc Drivers/STM32F4xx_HAL_Driver/Src/stm32f4xx_hal_sd.o
                0x0000000008003218                HAL_SD_InitCard
 .text.HAL_SD_ReadBlocks
                0x0000000008003314      0x3bc Drivers/STM32F4xx_HAL_Driver/Src/stm32f4xx_hal_sd.o
                0x0000000008003314                HAL_SD_ReadBlocks
 .text.HAL_SD_WriteBlocks
                0x00000000080036d0      0x30c Drivers/STM32F4xx_HAL_Driver/Src/stm32f4xx_hal_sd.o
                0x00000000080036d0                HAL_SD_WriteBlocks
 .text.HAL_SD_IRQHandler
                0x00000000080039dc      0x2ec Drivers/STM32F4xx_HAL_Driver/Src/stm32f4xx_hal_sd.o
                0x00000000080039dc                HAL_SD_IRQHandler
 .text.HAL_SD_ErrorCallback
                0x0000000008003cc8       0x14 Drivers/STM32F4xx_HAL_Driver/Src/stm32f4xx_hal_sd.o
                0x0000000008003cc8                HAL_SD_ErrorCallback
 .text.HAL_SD_GetCardCSD
                0x0000000008003cdc      0x348 Drivers/STM32F4xx_HAL_Driver/Src/stm32f4xx_hal_sd.o
                0x0000000008003cdc                HAL_SD_GetCardCSD
 .text.HAL_SD_GetCardInfo
                0x0000000008004024       0x58 Drivers/STM32F4xx_HAL_Driver/Src/stm32f4xx_hal_sd.o
                0x0000000008004024                HAL_SD_GetCardInfo
 .text.HAL_SD_GetCardState
                0x000000000800407c       0x40 Drivers/STM32F4xx_HAL_Driver/Src/stm32f4xx_hal_sd.o
                0x000000000800407c                HAL_SD_GetCardState
 .text.SD_DMATxAbort
                0x00000000080040bc       0x6e Drivers/STM32F4xx_HAL_Driver/Src/stm32f4xx_hal_sd.o
 .text.SD_DMARxAbort
                0x000000000800412a       0x6e Drivers/STM32F4xx_HAL_Driver/Src/stm32f4xx_hal_sd.o
 .text.SD_InitCard
                0x0000000008004198      0x198 Drivers/STM32F4xx_HAL_Driver/Src/stm32f4xx_hal_sd.o
 .text.SD_PowerON
                0x0000000008004330      0x11c Drivers/STM32F4xx_HAL_Driver/Src/stm32f4xx_hal_sd.o
 .text.SD_SendStatus
                0x000000000800444c       0x50 Drivers/STM32F4xx_HAL_Driver/Src/stm32f4xx_hal_sd.o
 .text.SD_Read_IT
                0x000000000800449c       0xa2 Drivers/STM32F4xx_HAL_Driver/Src/stm32f4xx_hal_sd.o
 .text.SD_Write_IT
                0x000000000800453e       0xaa Drivers/STM32F4xx_HAL_Driver/Src/stm32f4xx_hal_sd.o
 .text.HAL_TIM_Base_Init
                0x00000000080045e8       0x9e Drivers/STM32F4xx_HAL_Driver/Src/stm32f4xx_hal_tim.o
                0x00000000080045e8                HAL_TIM_Base_Init
 .text.HAL_TIM_PWM_Init
                0x0000000008004686       0x9e Drivers/STM32F4xx_HAL_Driver/Src/stm32f4xx_hal_tim.o
                0x0000000008004686                HAL_TIM_PWM_Init
 .text.HAL_TIM_PWM_Start
                0x0000000008004724      0x190 Drivers/STM32F4xx_HAL_Driver/Src/stm32f4xx_hal_tim.o
                0x0000000008004724                HAL_TIM_PWM_Start
 .text.HAL_TIM_OnePulse_Init
                0x00000000080048b4       0xa0 Drivers/STM32F4xx_HAL_Driver/Src/stm32f4xx_hal_tim.o
                0x00000000080048b4                HAL_TIM_OnePulse_Init
 .text.HAL_TIM_OnePulse_MspInit
                0x0000000008004954       0x14 Drivers/STM32F4xx_HAL_Driver/Src/stm32f4xx_hal_tim.o
                0x0000000008004954                HAL_TIM_OnePulse_MspInit
 .text.HAL_TIM_IRQHandler
                0x0000000008004968      0x210 Drivers/STM32F4xx_HAL_Driver/Src/stm32f4xx_hal_tim.o
                0x0000000008004968                HAL_TIM_IRQHandler
 .text.HAL_TIM_PWM_ConfigChannel
                0x0000000008004b78      0x17c Drivers/STM32F4xx_HAL_Driver/Src/stm32f4xx_hal_tim.o
                0x0000000008004b78                HAL_TIM_PWM_ConfigChannel
 .text.HAL_TIM_ConfigClockSource
                0x0000000008004cf4      0x188 Drivers/STM32F4xx_HAL_Driver/Src/stm32f4xx_hal_tim.o
                0x0000000008004cf4                HAL_TIM_ConfigClockSource
 .text.HAL_TIM_PeriodElapsedCallback
                0x0000000008004e7c       0x14 Drivers/STM32F4xx_HAL_Driver/Src/stm32f4xx_hal_tim.o
                0x0000000008004e7c                HAL_TIM_PeriodElapsedCallback
 .text.HAL_TIM_OC_DelayElapsedCallback
                0x0000000008004e90       0x14 Drivers/STM32F4xx_HAL_Driver/Src/stm32f4xx_hal_tim.o
                0x0000000008004e90                HAL_TIM_OC_DelayElapsedCallback
 .text.HAL_TIM_IC_CaptureCallback
                0x0000000008004ea4       0x14 Drivers/STM32F4xx_HAL_Driver/Src/stm32f4xx_hal_tim.o
                0x0000000008004ea4                HAL_TIM_IC_CaptureCallback
 .text.HAL_TIM_PWM_PulseFinishedCallback
                0x0000000008004eb8       0x14 Drivers/STM32F4xx_HAL_Driver/Src/stm32f4xx_hal_tim.o
                0x0000000008004eb8                HAL_TIM_PWM_PulseFinishedCallback
 .text.HAL_TIM_TriggerCallback
                0x0000000008004ecc       0x14 Drivers/STM32F4xx_HAL_Driver/Src/stm32f4xx_hal_tim.o
                0x0000000008004ecc                HAL_TIM_TriggerCallback
 .text.TIM_Base_SetConfig
                0x0000000008004ee0      0x140 Drivers/STM32F4xx_HAL_Driver/Src/stm32f4xx_hal_tim.o
                0x0000000008004ee0                TIM_Base_SetConfig
 .text.TIM_OC1_SetConfig
                0x0000000008005020       0xe0 Drivers/STM32F4xx_HAL_Driver/Src/stm32f4xx_hal_tim.o
 .text.TIM_OC2_SetConfig
                0x0000000008005100       0xec Drivers/STM32F4xx_HAL_Driver/Src/stm32f4xx_hal_tim.o
                0x0000000008005100                TIM_OC2_SetConfig
 .text.TIM_OC3_SetConfig
                0x00000000080051ec       0xe8 Drivers/STM32F4xx_HAL_Driver/Src/stm32f4xx_hal_tim.o
 .text.TIM_OC4_SetConfig
                0x00000000080052d4       0xac Drivers/STM32F4xx_HAL_Driver/Src/stm32f4xx_hal_tim.o
 .text.TIM_TI1_ConfigInputStage
                0x0000000008005380       0x5e Drivers/STM32F4xx_HAL_Driver/Src/stm32f4xx_hal_tim.o
 .text.TIM_TI2_ConfigInputStage
                0x00000000080053de       0x60 Drivers/STM32F4xx_HAL_Driver/Src/stm32f4xx_hal_tim.o
 .text.TIM_ITRx_SetConfig
                0x000000000800543e       0x36 Drivers/STM32F4xx_HAL_Driver/Src/stm32f4xx_hal_tim.o
 .text.TIM_ETR_SetConfig
                0x0000000008005474       0x40 Drivers/STM32F4xx_HAL_Driver/Src/stm32f4xx_hal_tim.o
                0x0000000008005474                TIM_ETR_SetConfig
 .text.TIM_CCxChannelCmd
                0x00000000080054b4       0x4a Drivers/STM32F4xx_HAL_Driver/Src/stm32f4xx_hal_tim.o
                0x00000000080054b4                TIM_CCxChannelCmd
 *fill*         0x00000000080054fe        0x2 
 .text.HAL_TIMEx_MasterConfigSynchronization
                0x0000000008005500       0xf8 Drivers/STM32F4xx_HAL_Driver/Src/stm32f4xx_hal_tim_ex.o
                0x0000000008005500                HAL_TIMEx_MasterConfigSynchronization
 .text.HAL_TIMEx_ConfigBreakDeadTime
                0x00000000080055f8       0xa4 Drivers/STM32F4xx_HAL_Driver/Src/stm32f4xx_hal_tim_ex.o
                0x00000000080055f8                HAL_TIMEx_ConfigBreakDeadTime
 .text.HAL_TIMEx_CommutCallback
                0x000000000800569c       0x14 Drivers/STM32F4xx_HAL_Driver/Src/stm32f4xx_hal_tim_ex.o
                0x000000000800569c                HAL_TIMEx_CommutCallback
 .text.HAL_TIMEx_BreakCallback
                0x00000000080056b0       0x14 Drivers/STM32F4xx_HAL_Driver/Src/stm32f4xx_hal_tim_ex.o
                0x00000000080056b0                HAL_TIMEx_BreakCallback
 .text.HAL_UART_Init
                0x00000000080056c4       0x9a Drivers/STM32F4xx_HAL_Driver/Src/stm32f4xx_hal_uart.o
                0x00000000080056c4                HAL_UART_Init
 *fill*         0x000000000800575e        0x2 
 .text.HAL_UART_IRQHandler
                0x0000000008005760      0x358 Drivers/STM32F4xx_HAL_Driver/Src/stm32f4xx_hal_uart.o
                0x0000000008005760                HAL_UART_IRQHandler
 .text.HAL_UART_TxCpltCallback
                0x0000000008005ab8       0x14 Drivers/STM32F4xx_HAL_Driver/Src/stm32f4xx_hal_uart.o
                0x0000000008005ab8                HAL_UART_TxCpltCallback
 .text.HAL_UART_RxCpltCallback
                0x0000000008005acc       0x14 Drivers/STM32F4xx_HAL_Driver/Src/stm32f4xx_hal_uart.o
                0x0000000008005acc                HAL_UART_RxCpltCallback
 .text.HAL_UART_ErrorCallback
                0x0000000008005ae0       0x14 Drivers/STM32F4xx_HAL_Driver/Src/stm32f4xx_hal_uart.o
                0x0000000008005ae0                HAL_UART_ErrorCallback
 .text.HAL_UARTEx_RxEventCallback
                0x0000000008005af4       0x18 Drivers/STM32F4xx_HAL_Driver/Src/stm32f4xx_hal_uart.o
                0x0000000008005af4                HAL_UARTEx_RxEventCallback
 .text.UART_EndRxTransfer
                0x0000000008005b0c       0x5a Drivers/STM32F4xx_HAL_Driver/Src/stm32f4xx_hal_uart.o
 .text.UART_DMAAbortOnError
                0x0000000008005b66       0x28 Drivers/STM32F4xx_HAL_Driver/Src/stm32f4xx_hal_uart.o
 .text.UART_Transmit_IT
                0x0000000008005b8e       0xa0 Drivers/STM32F4xx_HAL_Driver/Src/stm32f4xx_hal_uart.o
 .text.UART_EndTransmit_IT
                0x0000000008005c2e       0x30 Drivers/STM32F4xx_HAL_Driver/Src/stm32f4xx_hal_uart.o
 .text.UART_Receive_IT
                0x0000000008005c5e      0x12e Drivers/STM32F4xx_HAL_Driver/Src/stm32f4xx_hal_uart.o
 .text.UART_SetConfig
                0x0000000008005d8c      0x390 Drivers/STM32F4xx_HAL_Driver/Src/stm32f4xx_hal_uart.o
 .text.SDIO_Init
                0x000000000800611c       0x56 Drivers/STM32F4xx_HAL_Driver/Src/stm32f4xx_ll_sdmmc.o
                0x000000000800611c                SDIO_Init
 .text.SDIO_ReadFIFO
                0x0000000008006172       0x1a Drivers/STM32F4xx_HAL_Driver/Src/stm32f4xx_ll_sdmmc.o
                0x0000000008006172                SDIO_ReadFIFO
 .text.SDIO_WriteFIFO
                0x000000000800618c       0x22 Drivers/STM32F4xx_HAL_Driver/Src/stm32f4xx_ll_sdmmc.o
                0x000000000800618c                SDIO_WriteFIFO
 .text.SDIO_PowerState_ON
                0x00000000080061ae       0x1e Drivers/STM32F4xx_HAL_Driver/Src/stm32f4xx_ll_sdmmc.o
                0x00000000080061ae                SDIO_PowerState_ON
 .text.SDIO_GetPowerState
                0x00000000080061cc       0x1c Drivers/STM32F4xx_HAL_Driver/Src/stm32f4xx_ll_sdmmc.o
                0x00000000080061cc                SDIO_GetPowerState
 .text.SDIO_SendCommand
                0x00000000080061e8       0x54 Drivers/STM32F4xx_HAL_Driver/Src/stm32f4xx_ll_sdmmc.o
                0x00000000080061e8                SDIO_SendCommand
 .text.SDIO_GetCommandResponse
                0x000000000800623c       0x1a Drivers/STM32F4xx_HAL_Driver/Src/stm32f4xx_ll_sdmmc.o
                0x000000000800623c                SDIO_GetCommandResponse
 .text.SDIO_GetResponse
                0x0000000008006256       0x26 Drivers/STM32F4xx_HAL_Driver/Src/stm32f4xx_ll_sdmmc.o
                0x0000000008006256                SDIO_GetResponse
 .text.SDIO_ConfigData
                0x000000000800627c       0x58 Drivers/STM32F4xx_HAL_Driver/Src/stm32f4xx_ll_sdmmc.o
                0x000000000800627c                SDIO_ConfigData
 .text.SDMMC_CmdBlockLength
                0x00000000080062d4       0x44 Drivers/STM32F4xx_HAL_Driver/Src/stm32f4xx_ll_sdmmc.o
                0x00000000080062d4                SDMMC_CmdBlockLength
 .text.SDMMC_CmdReadSingleBlock
                0x0000000008006318       0x44 Drivers/STM32F4xx_HAL_Driver/Src/stm32f4xx_ll_sdmmc.o
                0x0000000008006318                SDMMC_CmdReadSingleBlock
 .text.SDMMC_CmdReadMultiBlock
                0x000000000800635c       0x44 Drivers/STM32F4xx_HAL_Driver/Src/stm32f4xx_ll_sdmmc.o
                0x000000000800635c                SDMMC_CmdReadMultiBlock
 .text.SDMMC_CmdWriteSingleBlock
                0x00000000080063a0       0x44 Drivers/STM32F4xx_HAL_Driver/Src/stm32f4xx_ll_sdmmc.o
                0x00000000080063a0                SDMMC_CmdWriteSingleBlock
 .text.SDMMC_CmdWriteMultiBlock
                0x00000000080063e4       0x44 Drivers/STM32F4xx_HAL_Driver/Src/stm32f4xx_ll_sdmmc.o
                0x00000000080063e4                SDMMC_CmdWriteMultiBlock
 .text.SDMMC_CmdStopTransfer
                0x0000000008006428       0x44 Drivers/STM32F4xx_HAL_Driver/Src/stm32f4xx_ll_sdmmc.o
                0x0000000008006428                SDMMC_CmdStopTransfer
 .text.SDMMC_CmdSelDesel
                0x000000000800646c       0x46 Drivers/STM32F4xx_HAL_Driver/Src/stm32f4xx_ll_sdmmc.o
                0x000000000800646c                SDMMC_CmdSelDesel
 .text.SDMMC_CmdGoIdleState
                0x00000000080064b2       0x3c Drivers/STM32F4xx_HAL_Driver/Src/stm32f4xx_ll_sdmmc.o
                0x00000000080064b2                SDMMC_CmdGoIdleState
 .text.SDMMC_CmdOperCond
                0x00000000080064ee       0x3e Drivers/STM32F4xx_HAL_Driver/Src/stm32f4xx_ll_sdmmc.o
                0x00000000080064ee                SDMMC_CmdOperCond
 .text.SDMMC_CmdAppCommand
                0x000000000800652c       0x44 Drivers/STM32F4xx_HAL_Driver/Src/stm32f4xx_ll_sdmmc.o
                0x000000000800652c                SDMMC_CmdAppCommand
 .text.SDMMC_CmdAppOperCommand
                0x0000000008006570       0x46 Drivers/STM32F4xx_HAL_Driver/Src/stm32f4xx_ll_sdmmc.o
                0x0000000008006570                SDMMC_CmdAppOperCommand
 .text.SDMMC_CmdSendCID
                0x00000000080065b6       0x3c Drivers/STM32F4xx_HAL_Driver/Src/stm32f4xx_ll_sdmmc.o
                0x00000000080065b6                SDMMC_CmdSendCID
 .text.SDMMC_CmdSendCSD
                0x00000000080065f2       0x3e Drivers/STM32F4xx_HAL_Driver/Src/stm32f4xx_ll_sdmmc.o
                0x00000000080065f2                SDMMC_CmdSendCSD
 .text.SDMMC_CmdSetRelAdd
                0x0000000008006630       0x42 Drivers/STM32F4xx_HAL_Driver/Src/stm32f4xx_ll_sdmmc.o
                0x0000000008006630                SDMMC_CmdSetRelAdd
 .text.SDMMC_CmdSendStatus
                0x0000000008006672       0x44 Drivers/STM32F4xx_HAL_Driver/Src/stm32f4xx_ll_sdmmc.o
                0x0000000008006672                SDMMC_CmdSendStatus
 *fill*         0x00000000080066b6        0x2 
 .text.SDMMC_GetCmdError
                0x00000000080066b8       0x58 Drivers/STM32F4xx_HAL_Driver/Src/stm32f4xx_ll_sdmmc.o
 .text.SDMMC_GetCmdResp1
                0x0000000008006710      0x1dc Drivers/STM32F4xx_HAL_Driver/Src/stm32f4xx_ll_sdmmc.o
 .text.SDMMC_GetCmdResp2
                0x00000000080068ec       0x90 Drivers/STM32F4xx_HAL_Driver/Src/stm32f4xx_ll_sdmmc.o
 .text.SDMMC_GetCmdResp3
                0x000000000800697c       0x7c Drivers/STM32F4xx_HAL_Driver/Src/stm32f4xx_ll_sdmmc.o
 .text.SDMMC_GetCmdResp6
                0x00000000080069f8       0xec Drivers/STM32F4xx_HAL_Driver/Src/stm32f4xx_ll_sdmmc.o
 .text.SDMMC_GetCmdResp7
                0x0000000008006ae4       0x9c Drivers/STM32F4xx_HAL_Driver/Src/stm32f4xx_ll_sdmmc.o
 .text.MX_FATFS_Init
                0x0000000008006b80       0x24 FATFS/App/fatfs.o
                0x0000000008006b80                MX_FATFS_Init
 .text.get_fattime
                0x0000000008006ba4       0x10 FATFS/App/fatfs.o
                0x0000000008006ba4                get_fattime
 .text.BSP_SD_Init
                0x0000000008006bb4       0x30 FATFS/Target/bsp_driver_sd.o
                0x0000000008006bb4                BSP_SD_Init
 .text.BSP_SD_ReadBlocks
                0x0000000008006be4       0x3c FATFS/Target/bsp_driver_sd.o
                0x0000000008006be4                BSP_SD_ReadBlocks
 .text.BSP_SD_WriteBlocks
                0x0000000008006c20       0x3c FATFS/Target/bsp_driver_sd.o
                0x0000000008006c20                BSP_SD_WriteBlocks
 .text.BSP_SD_GetCardState
                0x0000000008006c5c       0x20 FATFS/Target/bsp_driver_sd.o
                0x0000000008006c5c                BSP_SD_GetCardState
 .text.BSP_SD_GetCardInfo
                0x0000000008006c7c       0x1c FATFS/Target/bsp_driver_sd.o
                0x0000000008006c7c                BSP_SD_GetCardInfo
 .text.HAL_SD_AbortCallback
                0x0000000008006c98       0x14 FATFS/Target/bsp_driver_sd.o
                0x0000000008006c98                HAL_SD_AbortCallback
 .text.HAL_SD_TxCpltCallback
                0x0000000008006cac       0x14 FATFS/Target/bsp_driver_sd.o
                0x0000000008006cac                HAL_SD_TxCpltCallback
 .text.HAL_SD_RxCpltCallback
                0x0000000008006cc0       0x14 FATFS/Target/bsp_driver_sd.o
                0x0000000008006cc0                HAL_SD_RxCpltCallback
 .text.BSP_SD_AbortCallback
                0x0000000008006cd4        0xe FATFS/Target/bsp_driver_sd.o
                0x0000000008006cd4                BSP_SD_AbortCallback
 .text.BSP_SD_WriteCpltCallback
                0x0000000008006ce2        0xe FATFS/Target/bsp_driver_sd.o
                0x0000000008006ce2                BSP_SD_WriteCpltCallback
 .text.BSP_SD_ReadCpltCallback
                0x0000000008006cf0        0xe FATFS/Target/bsp_driver_sd.o
                0x0000000008006cf0                BSP_SD_ReadCpltCallback
 .text.BSP_SD_IsDetected
                0x0000000008006cfe       0x24 FATFS/Target/bsp_driver_sd.o
                0x0000000008006cfe                BSP_SD_IsDetected
 *fill*         0x0000000008006d22        0x2 
 .text.BSP_PlatformIsDetected
                0x0000000008006d24       0x2c FATFS/Target/fatfs_platform.o
                0x0000000008006d24                BSP_PlatformIsDetected
 .text.SD_CheckStatus
                0x0000000008006d50       0x3c FATFS/Target/sd_diskio.o
 .text.SD_initialize
                0x0000000008006d8c       0x3c FATFS/Target/sd_diskio.o
                0x0000000008006d8c                SD_initialize
 .text.SD_status
                0x0000000008006dc8       0x1c FATFS/Target/sd_diskio.o
                0x0000000008006dc8                SD_status
 .text.SD_read  0x0000000008006de4       0x42 FATFS/Target/sd_diskio.o
                0x0000000008006de4                SD_read
 .text.SD_write
                0x0000000008006e26       0x42 FATFS/Target/sd_diskio.o
                0x0000000008006e26                SD_write
 .text.SD_ioctl
                0x0000000008006e68       0xb0 FATFS/Target/sd_diskio.o
                0x0000000008006e68                SD_ioctl
 .text.disk_status
                0x0000000008006f18       0x34 Middlewares/Third_Party/FatFs/src/diskio.o
                0x0000000008006f18                disk_status
 .text.disk_initialize
                0x0000000008006f4c       0x4c Middlewares/Third_Party/FatFs/src/diskio.o
                0x0000000008006f4c                disk_initialize
 .text.disk_read
                0x0000000008006f98       0x40 Middlewares/Third_Party/FatFs/src/diskio.o
                0x0000000008006f98                disk_read
 .text.disk_write
                0x0000000008006fd8       0x40 Middlewares/Third_Party/FatFs/src/diskio.o
                0x0000000008006fd8                disk_write
 .text.disk_ioctl
                0x0000000008007018       0x3c Middlewares/Third_Party/FatFs/src/diskio.o
                0x0000000008007018                disk_ioctl
 .text.ld_word  0x0000000008007054       0x30 Middlewares/Third_Party/FatFs/src/ff.o
 .text.ld_dword
                0x0000000008007084       0x46 Middlewares/Third_Party/FatFs/src/ff.o
 .text.st_word  0x00000000080070ca       0x36 Middlewares/Third_Party/FatFs/src/ff.o
 .text.st_dword
                0x0000000008007100       0x58 Middlewares/Third_Party/FatFs/src/ff.o
 .text.mem_cpy  0x0000000008007158       0x42 Middlewares/Third_Party/FatFs/src/ff.o
 .text.mem_set  0x000000000800719a       0x36 Middlewares/Third_Party/FatFs/src/ff.o
 .text.mem_cmp  0x00000000080071d0       0x4e Middlewares/Third_Party/FatFs/src/ff.o
 .text.chk_chr  0x000000000800721e       0x36 Middlewares/Third_Party/FatFs/src/ff.o
 .text.chk_lock
                0x0000000008007254       0xb8 Middlewares/Third_Party/FatFs/src/ff.o
 .text.enq_lock
                0x000000000800730c       0x44 Middlewares/Third_Party/FatFs/src/ff.o
 .text.inc_lock
                0x0000000008007350      0x11c Middlewares/Third_Party/FatFs/src/ff.o
 .text.dec_lock
                0x000000000800746c       0x78 Middlewares/Third_Party/FatFs/src/ff.o
 .text.clear_lock
                0x00000000080074e4       0x48 Middlewares/Third_Party/FatFs/src/ff.o
 .text.sync_window
                0x000000000800752c       0x88 Middlewares/Third_Party/FatFs/src/ff.o
 .text.move_window
                0x00000000080075b4       0x5a Middlewares/Third_Party/FatFs/src/ff.o
 *fill*         0x000000000800760e        0x2 
 .text.sync_fs  0x0000000008007610       0xdc Middlewares/Third_Party/FatFs/src/ff.o
 .text.clust2sect
                0x00000000080076ec       0x3e Middlewares/Third_Party/FatFs/src/ff.o
 .text.get_fat  0x000000000800772a      0x150 Middlewares/Third_Party/FatFs/src/ff.o
 .text.put_fat  0x000000000800787a      0x1d8 Middlewares/Third_Party/FatFs/src/ff.o
 .text.remove_chain
                0x0000000008007a52       0xca Middlewares/Third_Party/FatFs/src/ff.o
 .text.create_chain
                0x0000000008007b1c      0x130 Middlewares/Third_Party/FatFs/src/ff.o
 .text.clmt_clust
                0x0000000008007c4c       0x68 Middlewares/Third_Party/FatFs/src/ff.o
 .text.dir_sdi  0x0000000008007cb4       0xf6 Middlewares/Third_Party/FatFs/src/ff.o
 .text.dir_next
                0x0000000008007daa      0x18a Middlewares/Third_Party/FatFs/src/ff.o
 .text.dir_alloc
                0x0000000008007f34       0x8e Middlewares/Third_Party/FatFs/src/ff.o
 .text.ld_clust
                0x0000000008007fc2       0x3e Middlewares/Third_Party/FatFs/src/ff.o
 .text.st_clust
                0x0000000008008000       0x40 Middlewares/Third_Party/FatFs/src/ff.o
 .text.dir_find
                0x0000000008008040       0xaa Middlewares/Third_Party/FatFs/src/ff.o
 .text.dir_register
                0x00000000080080ea       0x64 Middlewares/Third_Party/FatFs/src/ff.o
 *fill*         0x000000000800814e        0x2 
 .text.create_name
                0x0000000008008150      0x128 Middlewares/Third_Party/FatFs/src/ff.o
 .text.follow_path
                0x0000000008008278       0xe2 Middlewares/Third_Party/FatFs/src/ff.o
 .text.get_ldnumber
                0x000000000800835a       0x88 Middlewares/Third_Party/FatFs/src/ff.o
 *fill*         0x00000000080083e2        0x2 
 .text.check_fs
                0x00000000080083e4       0xac Middlewares/Third_Party/FatFs/src/ff.o
 .text.find_volume
                0x0000000008008490      0x498 Middlewares/Third_Party/FatFs/src/ff.o
 .text.validate
                0x0000000008008928       0x6a Middlewares/Third_Party/FatFs/src/ff.o
 *fill*         0x0000000008008992        0x2 
 .text.f_mount  0x0000000008008994       0x8c Middlewares/Third_Party/FatFs/src/ff.o
                0x0000000008008994                f_mount
 .text.f_open   0x0000000008008a20      0x37c Middlewares/Third_Party/FatFs/src/ff.o
                0x0000000008008a20                f_open
 .text.f_write  0x0000000008008d9c      0x2ea Middlewares/Third_Party/FatFs/src/ff.o
                0x0000000008008d9c                f_write
 .text.f_sync   0x0000000008009086       0xfc Middlewares/Third_Party/FatFs/src/ff.o
                0x0000000008009086                f_sync
 .text.f_close  0x0000000008009182       0x54 Middlewares/Third_Party/FatFs/src/ff.o
                0x0000000008009182                f_close
 *fill*         0x00000000080091d6        0x2 
 .text.FATFS_LinkDriverEx
                0x00000000080091d8       0x98 Middlewares/Third_Party/FatFs/src/ff_gen_drv.o
                0x00000000080091d8                FATFS_LinkDriverEx
 .text.FATFS_LinkDriver
                0x0000000008009270       0x1e Middlewares/Third_Party/FatFs/src/ff_gen_drv.o
                0x0000000008009270                FATFS_LinkDriver
 *fill*         0x000000000800928e        0x2 
 .text.__libc_init_array
                0x0000000008009290       0x48 /Applications/STM32CubeIDE.app/Contents/Eclipse/plugins/com.st.stm32cube.ide.mcu.externaltools.gnu-tools-for-stm32.9-2020-q2-update.macos64_1.5.0.202011040924/tools/bin/../lib/gcc/arm-none-eabi/9.3.1/../../../../arm-none-eabi/lib/thumb/v7e-m+fp/hard/libc_nano.a(lib_a-init.o)
                0x0000000008009290                __libc_init_array
 .text.memset   0x00000000080092d8       0x10 /Applications/STM32CubeIDE.app/Contents/Eclipse/plugins/com.st.stm32cube.ide.mcu.externaltools.gnu-tools-for-stm32.9-2020-q2-update.macos64_1.5.0.202011040924/tools/bin/../lib/gcc/arm-none-eabi/9.3.1/../../../../arm-none-eabi/lib/thumb/v7e-m+fp/hard/libc_nano.a(lib_a-memset.o)
                0x00000000080092d8                memset
 *(.glue_7)
 .glue_7        0x00000000080092e8        0x0 linker stubs
 *(.glue_7t)
 .glue_7t       0x00000000080092e8        0x0 linker stubs
 *(.eh_frame)
 .eh_frame      0x00000000080092e8        0x0 /Applications/STM32CubeIDE.app/Contents/Eclipse/plugins/com.st.stm32cube.ide.mcu.externaltools.gnu-tools-for-stm32.9-2020-q2-update.macos64_1.5.0.202011040924/tools/bin/../lib/gcc/arm-none-eabi/9.3.1/thumb/v7e-m+fp/hard/crtbegin.o
 *(.init)
 .init          0x00000000080092e8        0x4 /Applications/STM32CubeIDE.app/Contents/Eclipse/plugins/com.st.stm32cube.ide.mcu.externaltools.gnu-tools-for-stm32.9-2020-q2-update.macos64_1.5.0.202011040924/tools/bin/../lib/gcc/arm-none-eabi/9.3.1/thumb/v7e-m+fp/hard/crti.o
                0x00000000080092e8                _init
 .init          0x00000000080092ec        0x8 /Applications/STM32CubeIDE.app/Contents/Eclipse/plugins/com.st.stm32cube.ide.mcu.externaltools.gnu-tools-for-stm32.9-2020-q2-update.macos64_1.5.0.202011040924/tools/bin/../lib/gcc/arm-none-eabi/9.3.1/thumb/v7e-m+fp/hard/crtn.o
 *(.fini)
 .fini          0x00000000080092f4        0x4 /Applications/STM32CubeIDE.app/Contents/Eclipse/plugins/com.st.stm32cube.ide.mcu.externaltools.gnu-tools-for-stm32.9-2020-q2-update.macos64_1.5.0.202011040924/tools/bin/../lib/gcc/arm-none-eabi/9.3.1/thumb/v7e-m+fp/hard/crti.o
                0x00000000080092f4                _fini
 .fini          0x00000000080092f8        0x8 /Applications/STM32CubeIDE.app/Contents/Eclipse/plugins/com.st.stm32cube.ide.mcu.externaltools.gnu-tools-for-stm32.9-2020-q2-update.macos64_1.5.0.202011040924/tools/bin/../lib/gcc/arm-none-eabi/9.3.1/thumb/v7e-m+fp/hard/crtn.o
                0x0000000008009300                . = ALIGN (0x4)
                0x0000000008009300                _etext = .

.vfp11_veneer   0x0000000008009300        0x0
 .vfp11_veneer  0x0000000008009300        0x0 linker stubs

.v4_bx          0x0000000008009300        0x0
 .v4_bx         0x0000000008009300        0x0 linker stubs

.iplt           0x0000000008009300        0x0
 .iplt          0x0000000008009300        0x0 /Applications/STM32CubeIDE.app/Contents/Eclipse/plugins/com.st.stm32cube.ide.mcu.externaltools.gnu-tools-for-stm32.9-2020-q2-update.macos64_1.5.0.202011040924/tools/bin/../lib/gcc/arm-none-eabi/9.3.1/thumb/v7e-m+fp/hard/crtbegin.o

.rodata         0x0000000008009300      0x110
                0x0000000008009300                . = ALIGN (0x4)
 *(.rodata)
 .rodata        0x0000000008009300       0x15 Core/Src/main.o
 *fill*         0x0000000008009315        0x3 
 .rodata        0x0000000008009318       0x44 Middlewares/Third_Party/FatFs/src/ff.o
 *(.rodata*)
 .rodata.AHBPrescTable
                0x000000000800935c       0x10 Core/Src/system_stm32f4xx.o
                0x000000000800935c                AHBPrescTable
 .rodata.APBPrescTable
                0x000000000800936c        0x8 Core/Src/system_stm32f4xx.o
                0x000000000800936c                APBPrescTable
 .rodata.flagBitshiftOffset.8676
                0x0000000008009374        0x8 Drivers/STM32F4xx_HAL_Driver/Src/stm32f4xx_hal_dma.o
 .rodata.SD_Driver
                0x000000000800937c       0x14 FATFS/Target/sd_diskio.o
                0x000000000800937c                SD_Driver
 .rodata.ExCvt  0x0000000008009390       0x80 Middlewares/Third_Party/FatFs/src/ff.o
                0x0000000008009410                . = ALIGN (0x4)

.ARM.extab      0x0000000008009410        0x0
                0x0000000008009410                . = ALIGN (0x4)
 *(.ARM.extab* .gnu.linkonce.armextab.*)
                0x0000000008009410                . = ALIGN (0x4)

.ARM            0x0000000008009410        0x8
                0x0000000008009410                . = ALIGN (0x4)
                0x0000000008009410                __exidx_start = .
 *(.ARM.exidx*)
 .ARM.exidx     0x0000000008009410        0x8 /Applications/STM32CubeIDE.app/Contents/Eclipse/plugins/com.st.stm32cube.ide.mcu.externaltools.gnu-tools-for-stm32.9-2020-q2-update.macos64_1.5.0.202011040924/tools/bin/../lib/gcc/arm-none-eabi/9.3.1/thumb/v7e-m+fp/hard/libgcc.a(_udivmoddi4.o)
                0x0000000008009418                __exidx_end = .
                0x0000000008009418                . = ALIGN (0x4)

.rel.dyn        0x0000000008009418        0x0
 .rel.iplt      0x0000000008009418        0x0 /Applications/STM32CubeIDE.app/Contents/Eclipse/plugins/com.st.stm32cube.ide.mcu.externaltools.gnu-tools-for-stm32.9-2020-q2-update.macos64_1.5.0.202011040924/tools/bin/../lib/gcc/arm-none-eabi/9.3.1/thumb/v7e-m+fp/hard/crtbegin.o

.preinit_array  0x0000000008009418        0x0
                0x0000000008009418                . = ALIGN (0x4)
                0x0000000008009418                PROVIDE (__preinit_array_start = .)
 *(.preinit_array*)
                0x0000000008009418                PROVIDE (__preinit_array_end = .)
                0x0000000008009418                . = ALIGN (0x4)

.init_array     0x0000000008009418        0x4
                0x0000000008009418                . = ALIGN (0x4)
                0x0000000008009418                PROVIDE (__init_array_start = .)
 *(SORT_BY_NAME(.init_array.*))
 *(.init_array*)
 .init_array    0x0000000008009418        0x4 /Applications/STM32CubeIDE.app/Contents/Eclipse/plugins/com.st.stm32cube.ide.mcu.externaltools.gnu-tools-for-stm32.9-2020-q2-update.macos64_1.5.0.202011040924/tools/bin/../lib/gcc/arm-none-eabi/9.3.1/thumb/v7e-m+fp/hard/crtbegin.o
                0x000000000800941c                PROVIDE (__init_array_end = .)
                0x000000000800941c                . = ALIGN (0x4)

.fini_array     0x000000000800941c        0x4
                0x000000000800941c                . = ALIGN (0x4)
                [!provide]                        PROVIDE (__fini_array_start = .)
 *(SORT_BY_NAME(.fini_array.*))
 *(.fini_array*)
 .fini_array    0x000000000800941c        0x4 /Applications/STM32CubeIDE.app/Contents/Eclipse/plugins/com.st.stm32cube.ide.mcu.externaltools.gnu-tools-for-stm32.9-2020-q2-update.macos64_1.5.0.202011040924/tools/bin/../lib/gcc/arm-none-eabi/9.3.1/thumb/v7e-m+fp/hard/crtbegin.o
                [!provide]                        PROVIDE (__fini_array_end = .)
                0x0000000008009420                . = ALIGN (0x4)
                0x0000000008009420                _sidata = LOADADDR (.data)

.data           0x0000000020000000        0xc load address 0x0000000008009420
                0x0000000020000000                . = ALIGN (0x4)
                0x0000000020000000                _sdata = .
 *(.data)
 *(.data*)
 .data.SystemCoreClock
                0x0000000020000000        0x4 Core/Src/system_stm32f4xx.o
                0x0000000020000000                SystemCoreClock
 .data.uwTickPrio
                0x0000000020000004        0x4 Drivers/STM32F4xx_HAL_Driver/Src/stm32f4xx_hal.o
                0x0000000020000004                uwTickPrio
 .data.uwTickFreq
                0x0000000020000008        0x1 Drivers/STM32F4xx_HAL_Driver/Src/stm32f4xx_hal.o
                0x0000000020000008                uwTickFreq
 .data.Stat     0x0000000020000009        0x1 FATFS/Target/sd_diskio.o
 *(.RamFunc)
 *(.RamFunc*)
                0x000000002000000c                . = ALIGN (0x4)
 *fill*         0x000000002000000a        0x2 
                0x000000002000000c                _edata = .

.igot.plt       0x000000002000000c        0x0 load address 0x000000000800942c
 .igot.plt      0x000000002000000c        0x0 /Applications/STM32CubeIDE.app/Contents/Eclipse/plugins/com.st.stm32cube.ide.mcu.externaltools.gnu-tools-for-stm32.9-2020-q2-update.macos64_1.5.0.202011040924/tools/bin/../lib/gcc/arm-none-eabi/9.3.1/thumb/v7e-m+fp/hard/crtbegin.o
                0x000000002000000c                . = ALIGN (0x4)

.bss            0x000000002000000c      0xbd0 load address 0x000000000800942c
                0x000000002000000c                _sbss = .
                0x000000002000000c                __bss_start__ = _sbss
 *(.bss)
 .bss           0x000000002000000c       0x1c /Applications/STM32CubeIDE.app/Contents/Eclipse/plugins/com.st.stm32cube.ide.mcu.externaltools.gnu-tools-for-stm32.9-2020-q2-update.macos64_1.5.0.202011040924/tools/bin/../lib/gcc/arm-none-eabi/9.3.1/thumb/v7e-m+fp/hard/crtbegin.o
 *(.bss*)
 .bss.FatFs     0x0000000020000028        0x4 Middlewares/Third_Party/FatFs/src/ff.o
 .bss.Fsid      0x000000002000002c        0x2 Middlewares/Third_Party/FatFs/src/ff.o
 *fill*         0x000000002000002e        0x2 
 .bss.Files     0x0000000020000030       0x20 Middlewares/Third_Party/FatFs/src/ff.o
 .bss.disk      0x0000000020000050        0xc Middlewares/Third_Party/FatFs/src/ff_gen_drv.o
                0x0000000020000050                disk
 *(COMMON)
 COMMON         0x000000002000005c      0x469 Core/Src/main.o
                0x000000002000005c                path
                0x0000000020000064                filesystem
                0x0000000020000294                testfil
                0x00000000200004c4                fres
 *fill*         0x00000000200004c5        0x3 
 COMMON         0x00000000200004c8      0x144 Core/Src/sdio.o
                0x00000000200004c8                hdma_sdio_rx
                0x0000000020000528                hdma_sdio_tx
                0x0000000020000588                hsd
 COMMON         0x000000002000060c      0x120 Core/Src/tim.o
                0x000000002000060c                htim10
                0x0000000020000654                htim1
                0x000000002000069c                htim9
                0x00000000200006e4                htim14
 COMMON         0x000000002000072c       0x44 Core/Src/usart.o
                0x000000002000072c                huart4
 COMMON         0x0000000020000770        0x4 Drivers/STM32F4xx_HAL_Driver/Src/stm32f4xx_hal.o
                0x0000000020000770                uwTick
 COMMON         0x0000000020000774      0x468 FATFS/App/fatfs.o
                0x0000000020000774                retSD
                0x0000000020000778                SDPath
                0x000000002000077c                SDFile
                0x00000000200009ac                SDFatFS
                0x0000000020000bdc                . = ALIGN (0x4)
                0x0000000020000bdc                _ebss = .
                0x0000000020000bdc                __bss_end__ = _ebss

._user_heap_stack
                0x0000000020000bdc      0x604 load address 0x000000000800942c
                0x0000000020000be0                . = ALIGN (0x8)
 *fill*         0x0000000020000bdc        0x4 
                [!provide]                        PROVIDE (end = .)
                [!provide]                        PROVIDE (_end = .)
                0x0000000020000de0                . = (. + _Min_Heap_Size)
 *fill*         0x0000000020000be0      0x200 
                0x00000000200011e0                . = (. + _Min_Stack_Size)
 *fill*         0x0000000020000de0      0x400 
                0x00000000200011e0                . = ALIGN (0x8)

/DISCARD/
 libc.a(*)
 libm.a(*)
 libgcc.a(*)

.ARM.attributes
                0x0000000000000000       0x30
 *(.ARM.attributes)
 .ARM.attributes
                0x0000000000000000       0x1e /Applications/STM32CubeIDE.app/Contents/Eclipse/plugins/com.st.stm32cube.ide.mcu.externaltools.gnu-tools-for-stm32.9-2020-q2-update.macos64_1.5.0.202011040924/tools/bin/../lib/gcc/arm-none-eabi/9.3.1/thumb/v7e-m+fp/hard/crti.o
 .ARM.attributes
                0x000000000000001e       0x34 /Applications/STM32CubeIDE.app/Contents/Eclipse/plugins/com.st.stm32cube.ide.mcu.externaltools.gnu-tools-for-stm32.9-2020-q2-update.macos64_1.5.0.202011040924/tools/bin/../lib/gcc/arm-none-eabi/9.3.1/thumb/v7e-m+fp/hard/crtbegin.o
 .ARM.attributes
                0x0000000000000052       0x34 Core/Src/dma.o
 .ARM.attributes
                0x0000000000000086       0x34 Core/Src/gpio.o
 .ARM.attributes
                0x00000000000000ba       0x34 Core/Src/main.o
 .ARM.attributes
                0x00000000000000ee       0x34 Core/Src/sdio.o
 .ARM.attributes
                0x0000000000000122       0x34 Core/Src/stm32f4xx_hal_msp.o
 .ARM.attributes
                0x0000000000000156       0x34 Core/Src/stm32f4xx_it.o
 .ARM.attributes
                0x000000000000018a       0x34 Core/Src/system_stm32f4xx.o
 .ARM.attributes
                0x00000000000001be       0x34 Core/Src/tim.o
 .ARM.attributes
                0x00000000000001f2       0x34 Core/Src/usart.o
 .ARM.attributes
                0x0000000000000226       0x21 Core/Startup/startup_stm32f446zetx.o
 .ARM.attributes
                0x0000000000000247       0x34 Drivers/STM32F4xx_HAL_Driver/Src/stm32f4xx_hal.o
 .ARM.attributes
                0x000000000000027b       0x34 Drivers/STM32F4xx_HAL_Driver/Src/stm32f4xx_hal_cortex.o
 .ARM.attributes
                0x00000000000002af       0x34 Drivers/STM32F4xx_HAL_Driver/Src/stm32f4xx_hal_dma.o
 .ARM.attributes
                0x00000000000002e3       0x34 Drivers/STM32F4xx_HAL_Driver/Src/stm32f4xx_hal_gpio.o
 .ARM.attributes
                0x0000000000000317       0x34 Drivers/STM32F4xx_HAL_Driver/Src/stm32f4xx_hal_rcc.o
 .ARM.attributes
                0x000000000000034b       0x34 Drivers/STM32F4xx_HAL_Driver/Src/stm32f4xx_hal_rcc_ex.o
 .ARM.attributes
                0x000000000000037f       0x34 Drivers/STM32F4xx_HAL_Driver/Src/stm32f4xx_hal_sd.o
 .ARM.attributes
                0x00000000000003b3       0x34 Drivers/STM32F4xx_HAL_Driver/Src/stm32f4xx_hal_tim.o
 .ARM.attributes
                0x00000000000003e7       0x34 Drivers/STM32F4xx_HAL_Driver/Src/stm32f4xx_hal_tim_ex.o
 .ARM.attributes
                0x000000000000041b       0x34 Drivers/STM32F4xx_HAL_Driver/Src/stm32f4xx_hal_uart.o
 .ARM.attributes
                0x000000000000044f       0x34 Drivers/STM32F4xx_HAL_Driver/Src/stm32f4xx_ll_sdmmc.o
 .ARM.attributes
                0x0000000000000483       0x34 FATFS/App/fatfs.o
 .ARM.attributes
                0x00000000000004b7       0x34 FATFS/Target/bsp_driver_sd.o
 .ARM.attributes
                0x00000000000004eb       0x34 FATFS/Target/fatfs_platform.o
 .ARM.attributes
                0x000000000000051f       0x34 FATFS/Target/sd_diskio.o
 .ARM.attributes
                0x0000000000000553       0x34 Middlewares/Third_Party/FatFs/src/diskio.o
 .ARM.attributes
                0x0000000000000587       0x34 Middlewares/Third_Party/FatFs/src/ff.o
 .ARM.attributes
                0x00000000000005bb       0x34 Middlewares/Third_Party/FatFs/src/ff_gen_drv.o
 .ARM.attributes
                0x00000000000005ef       0x34 /Applications/STM32CubeIDE.app/Contents/Eclipse/plugins/com.st.stm32cube.ide.mcu.externaltools.gnu-tools-for-stm32.9-2020-q2-update.macos64_1.5.0.202011040924/tools/bin/../lib/gcc/arm-none-eabi/9.3.1/../../../../arm-none-eabi/lib/thumb/v7e-m+fp/hard/libc_nano.a(lib_a-init.o)
 .ARM.attributes
                0x0000000000000623       0x34 /Applications/STM32CubeIDE.app/Contents/Eclipse/plugins/com.st.stm32cube.ide.mcu.externaltools.gnu-tools-for-stm32.9-2020-q2-update.macos64_1.5.0.202011040924/tools/bin/../lib/gcc/arm-none-eabi/9.3.1/../../../../arm-none-eabi/lib/thumb/v7e-m+fp/hard/libc_nano.a(lib_a-memset.o)
 .ARM.attributes
                0x0000000000000657       0x1e /Applications/STM32CubeIDE.app/Contents/Eclipse/plugins/com.st.stm32cube.ide.mcu.externaltools.gnu-tools-for-stm32.9-2020-q2-update.macos64_1.5.0.202011040924/tools/bin/../lib/gcc/arm-none-eabi/9.3.1/thumb/v7e-m+fp/hard/libgcc.a(_aeabi_uldivmod.o)
 .ARM.attributes
                0x0000000000000675       0x34 /Applications/STM32CubeIDE.app/Contents/Eclipse/plugins/com.st.stm32cube.ide.mcu.externaltools.gnu-tools-for-stm32.9-2020-q2-update.macos64_1.5.0.202011040924/tools/bin/../lib/gcc/arm-none-eabi/9.3.1/thumb/v7e-m+fp/hard/libgcc.a(_udivmoddi4.o)
 .ARM.attributes
                0x00000000000006a9       0x1e /Applications/STM32CubeIDE.app/Contents/Eclipse/plugins/com.st.stm32cube.ide.mcu.externaltools.gnu-tools-for-stm32.9-2020-q2-update.macos64_1.5.0.202011040924/tools/bin/../lib/gcc/arm-none-eabi/9.3.1/thumb/v7e-m+fp/hard/libgcc.a(_dvmd_tls.o)
 .ARM.attributes
                0x00000000000006c7       0x1e /Applications/STM32CubeIDE.app/Contents/Eclipse/plugins/com.st.stm32cube.ide.mcu.externaltools.gnu-tools-for-stm32.9-2020-q2-update.macos64_1.5.0.202011040924/tools/bin/../lib/gcc/arm-none-eabi/9.3.1/thumb/v7e-m+fp/hard/crtn.o
OUTPUT(BA_F446ZE.elf elf32-littlearm)
LOAD linker stubs
LOAD /Applications/STM32CubeIDE.app/Contents/Eclipse/plugins/com.st.stm32cube.ide.mcu.externaltools.gnu-tools-for-stm32.9-2020-q2-update.macos64_1.5.0.202011040924/tools/bin/../lib/gcc/arm-none-eabi/9.3.1/../../../../arm-none-eabi/lib/thumb/v7e-m+fp/hard/libc.a
LOAD /Applications/STM32CubeIDE.app/Contents/Eclipse/plugins/com.st.stm32cube.ide.mcu.externaltools.gnu-tools-for-stm32.9-2020-q2-update.macos64_1.5.0.202011040924/tools/bin/../lib/gcc/arm-none-eabi/9.3.1/../../../../arm-none-eabi/lib/thumb/v7e-m+fp/hard/libm.a
LOAD /Applications/STM32CubeIDE.app/Contents/Eclipse/plugins/com.st.stm32cube.ide.mcu.externaltools.gnu-tools-for-stm32.9-2020-q2-update.macos64_1.5.0.202011040924/tools/bin/../lib/gcc/arm-none-eabi/9.3.1/thumb/v7e-m+fp/hard/libgcc.a

.debug_info     0x0000000000000000    0x1a6b0
 .debug_info    0x0000000000000000      0x60f Core/Src/dma.o
 .debug_info    0x000000000000060f      0x5db Core/Src/gpio.o
 .debug_info    0x0000000000000bea     0x2166 Core/Src/main.o
 .debug_info    0x0000000000002d50      0xe2e Core/Src/sdio.o
 .debug_info    0x0000000000003b7e      0x3e9 Core/Src/stm32f4xx_hal_msp.o
 .debug_info    0x0000000000003f67      0xf12 Core/Src/stm32f4xx_it.o
 .debug_info    0x0000000000004e79      0x5dc Core/Src/system_stm32f4xx.o
 .debug_info    0x0000000000005455     0x10d8 Core/Src/tim.o
 .debug_info    0x000000000000652d      0xc9c Core/Src/usart.o
 .debug_info    0x00000000000071c9       0x22 Core/Startup/startup_stm32f446zetx.o
 .debug_info    0x00000000000071eb      0xa08 Drivers/STM32F4xx_HAL_Driver/Src/stm32f4xx_hal.o
 .debug_info    0x0000000000007bf3      0xef5 Drivers/STM32F4xx_HAL_Driver/Src/stm32f4xx_hal_cortex.o
 .debug_info    0x0000000000008ae8      0x9f1 Drivers/STM32F4xx_HAL_Driver/Src/stm32f4xx_hal_dma.o
 .debug_info    0x00000000000094d9      0x892 Drivers/STM32F4xx_HAL_Driver/Src/stm32f4xx_hal_gpio.o
 .debug_info    0x0000000000009d6b      0x9db Drivers/STM32F4xx_HAL_Driver/Src/stm32f4xx_hal_rcc.o
 .debug_info    0x000000000000a746      0xa86 Drivers/STM32F4xx_HAL_Driver/Src/stm32f4xx_hal_rcc_ex.o
 .debug_info    0x000000000000b1cc     0x1a66 Drivers/STM32F4xx_HAL_Driver/Src/stm32f4xx_hal_sd.o
 .debug_info    0x000000000000cc32     0x2a90 Drivers/STM32F4xx_HAL_Driver/Src/stm32f4xx_hal_tim.o
 .debug_info    0x000000000000f6c2     0x1522 Drivers/STM32F4xx_HAL_Driver/Src/stm32f4xx_hal_tim_ex.o
 .debug_info    0x0000000000010be4     0x1665 Drivers/STM32F4xx_HAL_Driver/Src/stm32f4xx_hal_uart.o
 .debug_info    0x0000000000012249     0x1249 Drivers/STM32F4xx_HAL_Driver/Src/stm32f4xx_ll_sdmmc.o
 .debug_info    0x0000000000013492      0xe86 FATFS/App/fatfs.o
 .debug_info    0x0000000000014318      0xae6 FATFS/Target/bsp_driver_sd.o
 .debug_info    0x0000000000014dfe      0x284 FATFS/Target/fatfs_platform.o
 .debug_info    0x0000000000015082      0xe04 FATFS/Target/sd_diskio.o
 .debug_info    0x0000000000015e86      0xdc5 Middlewares/Third_Party/FatFs/src/diskio.o
 .debug_info    0x0000000000016c4b     0x2d0f Middlewares/Third_Party/FatFs/src/ff.o
 .debug_info    0x000000000001995a      0xd56 Middlewares/Third_Party/FatFs/src/ff_gen_drv.o

.debug_abbrev   0x0000000000000000     0x38b1
 .debug_abbrev  0x0000000000000000      0x124 Core/Src/dma.o
 .debug_abbrev  0x0000000000000124      0x157 Core/Src/gpio.o
 .debug_abbrev  0x000000000000027b      0x294 Core/Src/main.o
 .debug_abbrev  0x000000000000050f      0x1f3 Core/Src/sdio.o
 .debug_abbrev  0x0000000000000702      0x126 Core/Src/stm32f4xx_hal_msp.o
 .debug_abbrev  0x0000000000000828      0x226 Core/Src/stm32f4xx_it.o
 .debug_abbrev  0x0000000000000a4e      0x145 Core/Src/system_stm32f4xx.o
 .debug_abbrev  0x0000000000000b93      0x270 Core/Src/tim.o
 .debug_abbrev  0x0000000000000e03      0x1cd Core/Src/usart.o
 .debug_abbrev  0x0000000000000fd0       0x12 Core/Startup/startup_stm32f446zetx.o
 .debug_abbrev  0x0000000000000fe2      0x1ed Drivers/STM32F4xx_HAL_Driver/Src/stm32f4xx_hal.o
 .debug_abbrev  0x00000000000011cf      0x33c Drivers/STM32F4xx_HAL_Driver/Src/stm32f4xx_hal_cortex.o
 .debug_abbrev  0x000000000000150b      0x259 Drivers/STM32F4xx_HAL_Driver/Src/stm32f4xx_hal_dma.o
 .debug_abbrev  0x0000000000001764      0x1f1 Drivers/STM32F4xx_HAL_Driver/Src/stm32f4xx_hal_gpio.o
 .debug_abbrev  0x0000000000001955      0x275 Drivers/STM32F4xx_HAL_Driver/Src/stm32f4xx_hal_rcc.o
 .debug_abbrev  0x0000000000001bca      0x1e2 Drivers/STM32F4xx_HAL_Driver/Src/stm32f4xx_hal_rcc_ex.o
 .debug_abbrev  0x0000000000001dac      0x26d Drivers/STM32F4xx_HAL_Driver/Src/stm32f4xx_hal_sd.o
 .debug_abbrev  0x0000000000002019      0x25e Drivers/STM32F4xx_HAL_Driver/Src/stm32f4xx_hal_tim.o
 .debug_abbrev  0x0000000000002277      0x266 Drivers/STM32F4xx_HAL_Driver/Src/stm32f4xx_hal_tim_ex.o
 .debug_abbrev  0x00000000000024dd      0x28b Drivers/STM32F4xx_HAL_Driver/Src/stm32f4xx_hal_uart.o
 .debug_abbrev  0x0000000000002768      0x1ec Drivers/STM32F4xx_HAL_Driver/Src/stm32f4xx_ll_sdmmc.o
 .debug_abbrev  0x0000000000002954      0x209 FATFS/App/fatfs.o
 .debug_abbrev  0x0000000000002b5d      0x277 FATFS/Target/bsp_driver_sd.o
 .debug_abbrev  0x0000000000002dd4      0x10b FATFS/Target/fatfs_platform.o
 .debug_abbrev  0x0000000000002edf      0x231 FATFS/Target/sd_diskio.o
 .debug_abbrev  0x0000000000003110      0x240 Middlewares/Third_Party/FatFs/src/diskio.o
 .debug_abbrev  0x0000000000003350      0x2f0 Middlewares/Third_Party/FatFs/src/ff.o
 .debug_abbrev  0x0000000000003640      0x271 Middlewares/Third_Party/FatFs/src/ff_gen_drv.o

.debug_aranges  0x0000000000000000     0x1408
 .debug_aranges
                0x0000000000000000       0x20 Core/Src/dma.o
 .debug_aranges
                0x0000000000000020       0x20 Core/Src/gpio.o
 .debug_aranges
                0x0000000000000040       0x30 Core/Src/main.o
 .debug_aranges
                0x0000000000000070       0x30 Core/Src/sdio.o
 .debug_aranges
                0x00000000000000a0       0x20 Core/Src/stm32f4xx_hal_msp.o
 .debug_aranges
                0x00000000000000c0       0x98 Core/Src/stm32f4xx_it.o
 .debug_aranges
                0x0000000000000158       0x28 Core/Src/system_stm32f4xx.o
 .debug_aranges
                0x0000000000000180       0x60 Core/Src/tim.o
 .debug_aranges
                0x00000000000001e0       0x30 Core/Src/usart.o
 .debug_aranges
                0x0000000000000210       0x28 Core/Startup/startup_stm32f446zetx.o
 .debug_aranges
                0x0000000000000238       0xf0 Drivers/STM32F4xx_HAL_Driver/Src/stm32f4xx_hal.o
 .debug_aranges
                0x0000000000000328      0x118 Drivers/STM32F4xx_HAL_Driver/Src/stm32f4xx_hal_cortex.o
 .debug_aranges
                0x0000000000000440       0x90 Drivers/STM32F4xx_HAL_Driver/Src/stm32f4xx_hal_dma.o
 .debug_aranges
                0x00000000000004d0       0x58 Drivers/STM32F4xx_HAL_Driver/Src/stm32f4xx_hal_gpio.o
 .debug_aranges
                0x0000000000000528       0x88 Drivers/STM32F4xx_HAL_Driver/Src/stm32f4xx_hal_rcc.o
 .debug_aranges
                0x00000000000005b0       0x78 Drivers/STM32F4xx_HAL_Driver/Src/stm32f4xx_hal_rcc_ex.o
 .debug_aranges
                0x0000000000000628      0x168 Drivers/STM32F4xx_HAL_Driver/Src/stm32f4xx_hal_sd.o
 .debug_aranges
                0x0000000000000790      0x3d0 Drivers/STM32F4xx_HAL_Driver/Src/stm32f4xx_hal_tim.o
 .debug_aranges
                0x0000000000000b60      0x168 Drivers/STM32F4xx_HAL_Driver/Src/stm32f4xx_hal_tim_ex.o
 .debug_aranges
                0x0000000000000cc8      0x200 Drivers/STM32F4xx_HAL_Driver/Src/stm32f4xx_hal_uart.o
 .debug_aranges
                0x0000000000000ec8      0x180 Drivers/STM32F4xx_HAL_Driver/Src/stm32f4xx_ll_sdmmc.o
 .debug_aranges
                0x0000000000001048       0x28 FATFS/App/fatfs.o
 .debug_aranges
                0x0000000000001070       0xa0 FATFS/Target/bsp_driver_sd.o
 .debug_aranges
                0x0000000000001110       0x20 FATFS/Target/fatfs_platform.o
 .debug_aranges
                0x0000000000001130       0x48 FATFS/Target/sd_diskio.o
 .debug_aranges
                0x0000000000001178       0x48 Middlewares/Third_Party/FatFs/src/diskio.o
 .debug_aranges
                0x00000000000011c0      0x208 Middlewares/Third_Party/FatFs/src/ff.o
 .debug_aranges
                0x00000000000013c8       0x40 Middlewares/Third_Party/FatFs/src/ff_gen_drv.o

.debug_ranges   0x0000000000000000     0x1280
 .debug_ranges  0x0000000000000000       0x10 Core/Src/dma.o
 .debug_ranges  0x0000000000000010       0x10 Core/Src/gpio.o
 .debug_ranges  0x0000000000000020       0x20 Core/Src/main.o
 .debug_ranges  0x0000000000000040       0x20 Core/Src/sdio.o
 .debug_ranges  0x0000000000000060       0x10 Core/Src/stm32f4xx_hal_msp.o
 .debug_ranges  0x0000000000000070       0x88 Core/Src/stm32f4xx_it.o
 .debug_ranges  0x00000000000000f8       0x18 Core/Src/system_stm32f4xx.o
 .debug_ranges  0x0000000000000110       0x50 Core/Src/tim.o
 .debug_ranges  0x0000000000000160       0x20 Core/Src/usart.o
 .debug_ranges  0x0000000000000180       0x20 Core/Startup/startup_stm32f446zetx.o
 .debug_ranges  0x00000000000001a0       0xe0 Drivers/STM32F4xx_HAL_Driver/Src/stm32f4xx_hal.o
 .debug_ranges  0x0000000000000280      0x108 Drivers/STM32F4xx_HAL_Driver/Src/stm32f4xx_hal_cortex.o
 .debug_ranges  0x0000000000000388       0x80 Drivers/STM32F4xx_HAL_Driver/Src/stm32f4xx_hal_dma.o
 .debug_ranges  0x0000000000000408       0x48 Drivers/STM32F4xx_HAL_Driver/Src/stm32f4xx_hal_gpio.o
 .debug_ranges  0x0000000000000450       0x78 Drivers/STM32F4xx_HAL_Driver/Src/stm32f4xx_hal_rcc.o
 .debug_ranges  0x00000000000004c8       0x68 Drivers/STM32F4xx_HAL_Driver/Src/stm32f4xx_hal_rcc_ex.o
 .debug_ranges  0x0000000000000530      0x158 Drivers/STM32F4xx_HAL_Driver/Src/stm32f4xx_hal_sd.o
 .debug_ranges  0x0000000000000688      0x3c0 Drivers/STM32F4xx_HAL_Driver/Src/stm32f4xx_hal_tim.o
 .debug_ranges  0x0000000000000a48      0x158 Drivers/STM32F4xx_HAL_Driver/Src/stm32f4xx_hal_tim_ex.o
 .debug_ranges  0x0000000000000ba0      0x220 Drivers/STM32F4xx_HAL_Driver/Src/stm32f4xx_hal_uart.o
 .debug_ranges  0x0000000000000dc0      0x170 Drivers/STM32F4xx_HAL_Driver/Src/stm32f4xx_ll_sdmmc.o
 .debug_ranges  0x0000000000000f30       0x18 FATFS/App/fatfs.o
 .debug_ranges  0x0000000000000f48       0x90 FATFS/Target/bsp_driver_sd.o
 .debug_ranges  0x0000000000000fd8       0x10 FATFS/Target/fatfs_platform.o
 .debug_ranges  0x0000000000000fe8       0x38 FATFS/Target/sd_diskio.o
 .debug_ranges  0x0000000000001020       0x38 Middlewares/Third_Party/FatFs/src/diskio.o
 .debug_ranges  0x0000000000001058      0x1f8 Middlewares/Third_Party/FatFs/src/ff.o
 .debug_ranges  0x0000000000001250       0x30 Middlewares/Third_Party/FatFs/src/ff_gen_drv.o

.debug_macro    0x0000000000000000     0x4b81
 .debug_macro   0x0000000000000000      0x200 Core/Src/dma.o
 .debug_macro   0x0000000000000200      0x200 Core/Src/gpio.o
 .debug_macro   0x0000000000000400      0x376 Core/Src/main.o
 .debug_macro   0x0000000000000776       0x1c Core/Src/main.o
 .debug_macro   0x0000000000000792       0x34 Core/Src/main.o
 .debug_macro   0x00000000000007c6       0xe5 Core/Src/main.o
 .debug_macro   0x00000000000008ab       0x18 Core/Src/main.o
 .debug_macro   0x00000000000008c3       0x52 Core/Src/main.o
 .debug_macro   0x0000000000000915       0x3c Core/Src/main.o
 .debug_macro   0x0000000000000951       0x34 Core/Src/main.o
 .debug_macro   0x0000000000000985       0x16 Core/Src/main.o
 .debug_macro   0x000000000000099b       0x35 Core/Src/main.o
 .debug_macro   0x00000000000009d0       0x16 Core/Src/main.o
 .debug_macro   0x00000000000009e6       0x43 Core/Src/main.o
 .debug_macro   0x0000000000000a29       0x34 Core/Src/main.o
 .debug_macro   0x0000000000000a5d       0x10 Core/Src/main.o
 .debug_macro   0x0000000000000a6d       0x58 Core/Src/main.o
 .debug_macro   0x0000000000000ac5       0x71 Core/Src/main.o
 .debug_macro   0x0000000000000b36       0x1c Core/Src/main.o
 .debug_macro   0x0000000000000b52      0x12a Core/Src/main.o
 .debug_macro   0x0000000000000c7c      0x333 Core/Src/main.o
 .debug_macro   0x0000000000000faf       0x16 Core/Src/main.o
 .debug_macro   0x0000000000000fc5       0x29 Core/Src/main.o
 .debug_macro   0x0000000000000fee       0x12 Core/Src/main.o
 .debug_macro   0x0000000000001000       0xe2 Core/Src/main.o
 .debug_macro   0x00000000000010e2       0x8e Core/Src/main.o
 .debug_macro   0x0000000000001170      0x200 Core/Src/sdio.o
 .debug_macro   0x0000000000001370      0x1f6 Core/Src/stm32f4xx_hal_msp.o
 .debug_macro   0x0000000000001566      0x204 Core/Src/stm32f4xx_it.o
 .debug_macro   0x000000000000176a      0x1ed Core/Src/system_stm32f4xx.o
 .debug_macro   0x0000000000001957      0x200 Core/Src/tim.o
 .debug_macro   0x0000000000001b57      0x200 Core/Src/usart.o
 .debug_macro   0x0000000000001d57      0x247 Drivers/STM32F4xx_HAL_Driver/Src/stm32f4xx_hal.o
 .debug_macro   0x0000000000001f9e      0x1e7 Drivers/STM32F4xx_HAL_Driver/Src/stm32f4xx_hal_cortex.o
 .debug_macro   0x0000000000002185      0x1ed Drivers/STM32F4xx_HAL_Driver/Src/stm32f4xx_hal_dma.o
 .debug_macro   0x0000000000002372      0x1ed Drivers/STM32F4xx_HAL_Driver/Src/stm32f4xx_hal_gpio.o
 .debug_macro   0x000000000000255f      0x20b Drivers/STM32F4xx_HAL_Driver/Src/stm32f4xx_hal_rcc.o
 .debug_macro   0x000000000000276a      0x1e7 Drivers/STM32F4xx_HAL_Driver/Src/stm32f4xx_hal_rcc_ex.o
 .debug_macro   0x0000000000002951      0x1e8 Drivers/STM32F4xx_HAL_Driver/Src/stm32f4xx_hal_sd.o
 .debug_macro   0x0000000000002b39      0x1e8 Drivers/STM32F4xx_HAL_Driver/Src/stm32f4xx_hal_tim.o
 .debug_macro   0x0000000000002d21      0x1e7 Drivers/STM32F4xx_HAL_Driver/Src/stm32f4xx_hal_tim_ex.o
 .debug_macro   0x0000000000002f08      0x1e8 Drivers/STM32F4xx_HAL_Driver/Src/stm32f4xx_hal_uart.o
 .debug_macro   0x00000000000030f0      0x1e8 Drivers/STM32F4xx_HAL_Driver/Src/stm32f4xx_ll_sdmmc.o
 .debug_macro   0x00000000000032d8      0x333 FATFS/App/fatfs.o
 .debug_macro   0x000000000000360b      0x1ff FATFS/Target/bsp_driver_sd.o
 .debug_macro   0x000000000000380a      0x1f0 FATFS/Target/fatfs_platform.o
 .debug_macro   0x00000000000039fa      0x336 FATFS/Target/sd_diskio.o
 .debug_macro   0x0000000000003d30       0x16 FATFS/Target/sd_diskio.o
 .debug_macro   0x0000000000003d46       0x7c FATFS/Target/sd_diskio.o
 .debug_macro   0x0000000000003dc2      0x320 Middlewares/Third_Party/FatFs/src/diskio.o
 .debug_macro   0x00000000000040e2      0x727 Middlewares/Third_Party/FatFs/src/ff.o
 .debug_macro   0x0000000000004809       0x58 Middlewares/Third_Party/FatFs/src/ff.o
 .debug_macro   0x0000000000004861      0x320 Middlewares/Third_Party/FatFs/src/ff_gen_drv.o

.debug_line     0x0000000000000000    0x1a203
 .debug_line    0x0000000000000000      0x722 Core/Src/dma.o
 .debug_line    0x0000000000000722      0x7d0 Core/Src/gpio.o
 .debug_line    0x0000000000000ef2      0xa5c Core/Src/main.o
 .debug_line    0x000000000000194e      0x807 Core/Src/sdio.o
 .debug_line    0x0000000000002155      0x725 Core/Src/stm32f4xx_hal_msp.o
 .debug_line    0x000000000000287a      0x8da Core/Src/stm32f4xx_it.o
 .debug_line    0x0000000000003154      0x7ac Core/Src/system_stm32f4xx.o
 .debug_line    0x0000000000003900      0x963 Core/Src/tim.o
 .debug_line    0x0000000000004263      0x791 Core/Src/usart.o
 .debug_line    0x00000000000049f4       0x88 Core/Startup/startup_stm32f446zetx.o
 .debug_line    0x0000000000004a7c      0xa0c Drivers/STM32F4xx_HAL_Driver/Src/stm32f4xx_hal.o
 .debug_line    0x0000000000005488      0xcbb Drivers/STM32F4xx_HAL_Driver/Src/stm32f4xx_hal_cortex.o
 .debug_line    0x0000000000006143      0xf75 Drivers/STM32F4xx_HAL_Driver/Src/stm32f4xx_hal_dma.o
 .debug_line    0x00000000000070b8      0xb70 Drivers/STM32F4xx_HAL_Driver/Src/stm32f4xx_hal_gpio.o
 .debug_line    0x0000000000007c28      0xd92 Drivers/STM32F4xx_HAL_Driver/Src/stm32f4xx_hal_rcc.o
 .debug_line    0x00000000000089ba     0x1416 Drivers/STM32F4xx_HAL_Driver/Src/stm32f4xx_hal_rcc_ex.o
 .debug_line    0x0000000000009dd0     0x1e2d Drivers/STM32F4xx_HAL_Driver/Src/stm32f4xx_hal_sd.o
 .debug_line    0x000000000000bbfd     0x3638 Drivers/STM32F4xx_HAL_Driver/Src/stm32f4xx_hal_tim.o
 .debug_line    0x000000000000f235     0x19d9 Drivers/STM32F4xx_HAL_Driver/Src/stm32f4xx_hal_tim_ex.o
 .debug_line    0x0000000000010c0e     0x1ad2 Drivers/STM32F4xx_HAL_Driver/Src/stm32f4xx_hal_uart.o
 .debug_line    0x00000000000126e0      0xf77 Drivers/STM32F4xx_HAL_Driver/Src/stm32f4xx_ll_sdmmc.o
 .debug_line    0x0000000000013657      0x943 FATFS/App/fatfs.o
 .debug_line    0x0000000000013f9a      0x906 FATFS/Target/bsp_driver_sd.o
 .debug_line    0x00000000000148a0      0x73a FATFS/Target/fatfs_platform.o
 .debug_line    0x0000000000014fda      0xa27 FATFS/Target/sd_diskio.o
 .debug_line    0x0000000000015a01      0x9b4 Middlewares/Third_Party/FatFs/src/diskio.o
 .debug_line    0x00000000000163b5     0x347c Middlewares/Third_Party/FatFs/src/ff.o
 .debug_line    0x0000000000019831      0x9d2 Middlewares/Third_Party/FatFs/src/ff_gen_drv.o

.debug_str      0x0000000000000000    0xd6dce
 .debug_str     0x0000000000000000    0xcd7a7 Core/Src/dma.o
                                      0xcda6e (size before relaxing)
 .debug_str     0x00000000000cd7a7       0xbb Core/Src/gpio.o
                                      0xcd5df (size before relaxing)
 .debug_str     0x00000000000cd862     0x47a7 Core/Src/main.o
                                      0xd1f59 (size before relaxing)
 .debug_str     0x00000000000d2009       0x66 Core/Src/sdio.o
                                      0xcdfe1 (size before relaxing)
 .debug_str     0x00000000000d206f       0x2c Core/Src/stm32f4xx_hal_msp.o
                                      0xcd542 (size before relaxing)
 .debug_str     0x00000000000d209b      0x148 Core/Src/stm32f4xx_it.o
                                      0xcdec5 (size before relaxing)
 .debug_str     0x00000000000d21e3       0xc4 Core/Src/system_stm32f4xx.o
                                      0xcd0c6 (size before relaxing)
 .debug_str     0x00000000000d22a7      0x26f Core/Src/tim.o
                                      0xce2b1 (size before relaxing)
 .debug_str     0x00000000000d2516       0x51 Core/Src/usart.o
                                      0xcdf6d (size before relaxing)
 .debug_str     0x00000000000d2567       0x36 Core/Startup/startup_stm32f446zetx.o
                                         0x63 (size before relaxing)
 .debug_str     0x00000000000d259d      0x576 Drivers/STM32F4xx_HAL_Driver/Src/stm32f4xx_hal.o
                                      0xcdbd4 (size before relaxing)
 .debug_str     0x00000000000d2b13      0x399 Drivers/STM32F4xx_HAL_Driver/Src/stm32f4xx_hal_cortex.o
                                      0xcd99e (size before relaxing)
 .debug_str     0x00000000000d2eac      0x31d Drivers/STM32F4xx_HAL_Driver/Src/stm32f4xx_hal_dma.o
                                      0xcd4b6 (size before relaxing)
 .debug_str     0x00000000000d31c9      0x15f Drivers/STM32F4xx_HAL_Driver/Src/stm32f4xx_hal_gpio.o
                                      0xcd258 (size before relaxing)
 .debug_str     0x00000000000d3328      0x259 Drivers/STM32F4xx_HAL_Driver/Src/stm32f4xx_hal_rcc.o
                                      0xcd4b8 (size before relaxing)
 .debug_str     0x00000000000d3581      0x1b7 Drivers/STM32F4xx_HAL_Driver/Src/stm32f4xx_hal_rcc_ex.o
                                      0xcd515 (size before relaxing)
 .debug_str     0x00000000000d3738      0x6e1 Drivers/STM32F4xx_HAL_Driver/Src/stm32f4xx_hal_sd.o
                                      0xcdb8d (size before relaxing)
 .debug_str     0x00000000000d3e19      0xd5b Drivers/STM32F4xx_HAL_Driver/Src/stm32f4xx_hal_tim.o
                                      0xce3b4 (size before relaxing)
 .debug_str     0x00000000000d4b74      0x45a Drivers/STM32F4xx_HAL_Driver/Src/stm32f4xx_hal_tim_ex.o
                                      0xcdb65 (size before relaxing)
 .debug_str     0x00000000000d4fce      0x5d4 Drivers/STM32F4xx_HAL_Driver/Src/stm32f4xx_hal_uart.o
                                      0xcd9f0 (size before relaxing)
 .debug_str     0x00000000000d55a2      0x44a Drivers/STM32F4xx_HAL_Driver/Src/stm32f4xx_ll_sdmmc.o
                                      0xcd519 (size before relaxing)
 .debug_str     0x00000000000d59ec       0x2f FATFS/App/fatfs.o
                                      0xd0f8f (size before relaxing)
 .debug_str     0x00000000000d5a1b      0x164 FATFS/Target/bsp_driver_sd.o
                                      0xcd6a0 (size before relaxing)
 .debug_str     0x00000000000d5b7f       0x38 FATFS/Target/fatfs_platform.o
                                      0xccfef (size before relaxing)
 .debug_str     0x00000000000d5bb7       0xa0 FATFS/Target/sd_diskio.o
                                      0xd0f7c (size before relaxing)
 .debug_str     0x00000000000d5c57       0x57 Middlewares/Third_Party/FatFs/src/diskio.o
                                      0xd0ebb (size before relaxing)
 .debug_str     0x00000000000d5cae     0x107e Middlewares/Third_Party/FatFs/src/ff.o
                                      0xd20e0 (size before relaxing)
 .debug_str     0x00000000000d6d2c       0xa2 Middlewares/Third_Party/FatFs/src/ff_gen_drv.o
                                      0xd0f0c (size before relaxing)

.comment        0x0000000000000000       0x53
 .comment       0x0000000000000000       0x53 Core/Src/dma.o
                                         0x54 (size before relaxing)
 .comment       0x0000000000000053       0x54 Core/Src/gpio.o
 .comment       0x0000000000000053       0x54 Core/Src/main.o
 .comment       0x0000000000000053       0x54 Core/Src/sdio.o
 .comment       0x0000000000000053       0x54 Core/Src/stm32f4xx_hal_msp.o
 .comment       0x0000000000000053       0x54 Core/Src/stm32f4xx_it.o
 .comment       0x0000000000000053       0x54 Core/Src/system_stm32f4xx.o
 .comment       0x0000000000000053       0x54 Core/Src/tim.o
 .comment       0x0000000000000053       0x54 Core/Src/usart.o
 .comment       0x0000000000000053       0x54 Drivers/STM32F4xx_HAL_Driver/Src/stm32f4xx_hal.o
 .comment       0x0000000000000053       0x54 Drivers/STM32F4xx_HAL_Driver/Src/stm32f4xx_hal_cortex.o
 .comment       0x0000000000000053       0x54 Drivers/STM32F4xx_HAL_Driver/Src/stm32f4xx_hal_dma.o
 .comment       0x0000000000000053       0x54 Drivers/STM32F4xx_HAL_Driver/Src/stm32f4xx_hal_gpio.o
 .comment       0x0000000000000053       0x54 Drivers/STM32F4xx_HAL_Driver/Src/stm32f4xx_hal_rcc.o
 .comment       0x0000000000000053       0x54 Drivers/STM32F4xx_HAL_Driver/Src/stm32f4xx_hal_rcc_ex.o
 .comment       0x0000000000000053       0x54 Drivers/STM32F4xx_HAL_Driver/Src/stm32f4xx_hal_sd.o
 .comment       0x0000000000000053       0x54 Drivers/STM32F4xx_HAL_Driver/Src/stm32f4xx_hal_tim.o
 .comment       0x0000000000000053       0x54 Drivers/STM32F4xx_HAL_Driver/Src/stm32f4xx_hal_tim_ex.o
 .comment       0x0000000000000053       0x54 Drivers/STM32F4xx_HAL_Driver/Src/stm32f4xx_hal_uart.o
 .comment       0x0000000000000053       0x54 Drivers/STM32F4xx_HAL_Driver/Src/stm32f4xx_ll_sdmmc.o
 .comment       0x0000000000000053       0x54 FATFS/App/fatfs.o
 .comment       0x0000000000000053       0x54 FATFS/Target/bsp_driver_sd.o
 .comment       0x0000000000000053       0x54 FATFS/Target/fatfs_platform.o
 .comment       0x0000000000000053       0x54 FATFS/Target/sd_diskio.o
 .comment       0x0000000000000053       0x54 Middlewares/Third_Party/FatFs/src/diskio.o
 .comment       0x0000000000000053       0x54 Middlewares/Third_Party/FatFs/src/ff.o
 .comment       0x0000000000000053       0x54 Middlewares/Third_Party/FatFs/src/ff_gen_drv.o

.debug_frame    0x0000000000000000     0x5284
 .debug_frame   0x0000000000000000       0x34 Core/Src/dma.o
 .debug_frame   0x0000000000000034       0x38 Core/Src/gpio.o
 .debug_frame   0x000000000000006c       0x78 Core/Src/main.o
 .debug_frame   0x00000000000000e4       0x78 Core/Src/sdio.o
 .debug_frame   0x000000000000015c       0x38 Core/Src/stm32f4xx_hal_msp.o
 .debug_frame   0x0000000000000194      0x1e4 Core/Src/stm32f4xx_it.o
 .debug_frame   0x0000000000000378       0x58 Core/Src/system_stm32f4xx.o
 .debug_frame   0x00000000000003d0      0x14c Core/Src/tim.o
 .debug_frame   0x000000000000051c       0x74 Core/Src/usart.o
 .debug_frame   0x0000000000000590      0x374 Drivers/STM32F4xx_HAL_Driver/Src/stm32f4xx_hal.o
 .debug_frame   0x0000000000000904      0x498 Drivers/STM32F4xx_HAL_Driver/Src/stm32f4xx_hal_cortex.o
 .debug_frame   0x0000000000000d9c      0x250 Drivers/STM32F4xx_HAL_Driver/Src/stm32f4xx_hal_dma.o
 .debug_frame   0x0000000000000fec      0x14c Drivers/STM32F4xx_HAL_Driver/Src/stm32f4xx_hal_gpio.o
 .debug_frame   0x0000000000001138      0x1ec Drivers/STM32F4xx_HAL_Driver/Src/stm32f4xx_hal_rcc.o
 .debug_frame   0x0000000000001324      0x1e4 Drivers/STM32F4xx_HAL_Driver/Src/stm32f4xx_hal_rcc_ex.o
 .debug_frame   0x0000000000001508      0x650 Drivers/STM32F4xx_HAL_Driver/Src/stm32f4xx_hal_sd.o
 .debug_frame   0x0000000000001b58     0x11bc Drivers/STM32F4xx_HAL_Driver/Src/stm32f4xx_hal_tim.o
 .debug_frame   0x0000000000002d14      0x638 Drivers/STM32F4xx_HAL_Driver/Src/stm32f4xx_hal_tim_ex.o
 .debug_frame   0x000000000000334c      0x924 Drivers/STM32F4xx_HAL_Driver/Src/stm32f4xx_hal_uart.o
 .debug_frame   0x0000000000003c70      0x6a8 Drivers/STM32F4xx_HAL_Driver/Src/stm32f4xx_ll_sdmmc.o
 .debug_frame   0x0000000000004318       0x4c FATFS/App/fatfs.o
 .debug_frame   0x0000000000004364      0x258 FATFS/Target/bsp_driver_sd.o
 .debug_frame   0x00000000000045bc       0x34 FATFS/Target/fatfs_platform.o
 .debug_frame   0x00000000000045f0       0xe8 FATFS/Target/sd_diskio.o
 .debug_frame   0x00000000000046d8       0xec Middlewares/Third_Party/FatFs/src/diskio.o
 .debug_frame   0x00000000000047c4      0x94c Middlewares/Third_Party/FatFs/src/ff.o
 .debug_frame   0x0000000000005110       0xc8 Middlewares/Third_Party/FatFs/src/ff_gen_drv.o
 .debug_frame   0x00000000000051d8       0x2c /Applications/STM32CubeIDE.app/Contents/Eclipse/plugins/com.st.stm32cube.ide.mcu.externaltools.gnu-tools-for-stm32.9-2020-q2-update.macos64_1.5.0.202011040924/tools/bin/../lib/gcc/arm-none-eabi/9.3.1/../../../../arm-none-eabi/lib/thumb/v7e-m+fp/hard/libc_nano.a(lib_a-init.o)
 .debug_frame   0x0000000000005204       0x20 /Applications/STM32CubeIDE.app/Contents/Eclipse/plugins/com.st.stm32cube.ide.mcu.externaltools.gnu-tools-for-stm32.9-2020-q2-update.macos64_1.5.0.202011040924/tools/bin/../lib/gcc/arm-none-eabi/9.3.1/../../../../arm-none-eabi/lib/thumb/v7e-m+fp/hard/libc_nano.a(lib_a-memset.o)
 .debug_frame   0x0000000000005224       0x2c /Applications/STM32CubeIDE.app/Contents/Eclipse/plugins/com.st.stm32cube.ide.mcu.externaltools.gnu-tools-for-stm32.9-2020-q2-update.macos64_1.5.0.202011040924/tools/bin/../lib/gcc/arm-none-eabi/9.3.1/thumb/v7e-m+fp/hard/libgcc.a(_aeabi_uldivmod.o)
 .debug_frame   0x0000000000005250       0x34 /Applications/STM32CubeIDE.app/Contents/Eclipse/plugins/com.st.stm32cube.ide.mcu.externaltools.gnu-tools-for-stm32.9-2020-q2-update.macos64_1.5.0.202011040924/tools/bin/../lib/gcc/arm-none-eabi/9.3.1/thumb/v7e-m+fp/hard/libgcc.a(_udivmoddi4.o)