Component: ARM Compiler 6.13.1 Tool: armlink [5d895400]

==============================================================================

Section Cross References

    startup_stm32f446xx.o(RESET) refers to startup_stm32f446xx.o(STACK) for __initial_sp
    startup_stm32f446xx.o(RESET) refers to startup_stm32f446xx.o(.text) for Reset_Handler
    startup_stm32f446xx.o(RESET) refers to stm32f4xx_it.o(.text.NMI_Handler) for NMI_Handler
    startup_stm32f446xx.o(RESET) refers to stm32f4xx_it.o(.text.HardFault_Handler) for HardFault_Handler
    startup_stm32f446xx.o(RESET) refers to stm32f4xx_it.o(.text.MemManage_Handler) for MemManage_Handler
    startup_stm32f446xx.o(RESET) refers to stm32f4xx_it.o(.text.BusFault_Handler) for BusFault_Handler
    startup_stm32f446xx.o(RESET) refers to stm32f4xx_it.o(.text.UsageFault_Handler) for UsageFault_Handler
    startup_stm32f446xx.o(RESET) refers to stm32f4xx_it.o(.text.DebugMon_Handler) for DebugMon_Handler
    startup_stm32f446xx.o(RESET) refers to stm32f4xx_it.o(.text.SysTick_Handler) for SysTick_Handler
    startup_stm32f446xx.o(RESET) refers to stm32f4xx_it.o(.text.EXTI1_IRQHandler) for EXTI1_IRQHandler
    startup_stm32f446xx.o(RESET) refers to stm32f4xx_it.o(.text.EXTI4_IRQHandler) for EXTI4_IRQHandler
    startup_stm32f446xx.o(RESET) refers to stm32f4xx_it.o(.text.TIM1_UP_TIM10_IRQHandler) for TIM1_UP_TIM10_IRQHandler
    startup_stm32f446xx.o(RESET) refers to stm32f4xx_it.o(.text.TIM1_TRG_COM_TIM11_IRQHandler) for TIM1_TRG_COM_TIM11_IRQHandler
    startup_stm32f446xx.o(RESET) refers to stm32f4xx_it.o(.text.USART1_IRQHandler) for USART1_IRQHandler
    startup_stm32f446xx.o(RESET) refers to stm32f4xx_it.o(.text.TIM8_UP_TIM13_IRQHandler) for TIM8_UP_TIM13_IRQHandler
    startup_stm32f446xx.o(RESET) refers to stm32f4xx_it.o(.text.TIM8_TRG_COM_TIM14_IRQHandler) for TIM8_TRG_COM_TIM14_IRQHandler
    startup_stm32f446xx.o(RESET) refers to stm32f4xx_it.o(.text.SDIO_IRQHandler) for SDIO_IRQHandler
    startup_stm32f446xx.o(RESET) refers to stm32f4xx_it.o(.text.DMA2_Stream3_IRQHandler) for DMA2_Stream3_IRQHandler
    startup_stm32f446xx.o(RESET) refers to stm32f4xx_it.o(.text.DMA2_Stream6_IRQHandler) for DMA2_Stream6_IRQHandler
    startup_stm32f446xx.o(.text) refers to system_stm32f4xx.o(.text.SystemInit) for SystemInit
    startup_stm32f446xx.o(.text) refers to entry.o(.ARM.Collect$$$$00000000) for __main
    main.o(.text.DMX_Init) refers to memcpya.o(.text) for __aeabi_memcpy
    main.o(.text.DMX_Init) refers to memseta.o(.text) for __aeabi_memclr
    main.o(.text.DMX_Init) refers to main.o(.text.DMX_Transmit) for DMX_Transmit
    main.o(.text.DMX_Init) refers to stm32f4xx_hal_gpio.o(.text.HAL_GPIO_WritePin) for HAL_GPIO_WritePin
    main.o(.ARM.exidx.text.DMX_Init) refers to main.o(.text.DMX_Init) for [Anonymous Symbol]
    main.o(.text.DMX_Transmit) refers to stm32f4xx_hal_gpio.o(.text.HAL_GPIO_WritePin) for HAL_GPIO_WritePin
    main.o(.text.DMX_Transmit) refers to tim.o(.bss.htim11) for htim11
    main.o(.text.DMX_Transmit) refers to stm32f4xx_hal_tim.o(.text.HAL_TIM_Base_Start_IT) for HAL_TIM_Base_Start_IT
    main.o(.ARM.exidx.text.DMX_Transmit) refers to main.o(.text.DMX_Transmit) for [Anonymous Symbol]
    main.o(.text.DMX_sendonechannel) refers to stm32f4xx_hal_gpio.o(.text.HAL_GPIO_WritePin) for HAL_GPIO_WritePin
    main.o(.text.DMX_sendonechannel) refers to main.o(.text.DMX_Transmit) for DMX_Transmit
    main.o(.ARM.exidx.text.DMX_sendonechannel) refers to main.o(.text.DMX_sendonechannel) for [Anonymous Symbol]
    main.o(.text.DMX_Receive) refers to stm32f4xx_hal_gpio.o(.text.HAL_GPIO_WritePin) for HAL_GPIO_WritePin
    main.o(.text.DMX_Receive) refers to stm32f4xx_hal_uart.o(.text.HAL_UART_Receive_IT) for HAL_UART_Receive_IT
    main.o(.ARM.exidx.text.DMX_Receive) refers to main.o(.text.DMX_Receive) for [Anonymous Symbol]
    main.o(.text.main) refers to stm32f4xx_hal.o(.text.HAL_Init) for HAL_Init
    main.o(.text.main) refers to main.o(.text.SystemClock_Config) for SystemClock_Config
    main.o(.text.main) refers to gpio.o(.text.MX_GPIO_Init) for MX_GPIO_Init
    main.o(.text.main) refers to dma.o(.text.MX_DMA_Init) for MX_DMA_Init
    main.o(.text.main) refers to tim.o(.text.MX_TIM10_Init) for MX_TIM10_Init
    main.o(.text.main) refers to sdio.o(.text.MX_SDIO_SD_Init) for MX_SDIO_SD_Init
    main.o(.text.main) refers to tim.o(.text.MX_TIM11_Init) for MX_TIM11_Init
    main.o(.text.main) refers to tim.o(.text.MX_TIM13_Init) for MX_TIM13_Init
    main.o(.text.main) refers to fatfs.o(.text.MX_FATFS_Init) for MX_FATFS_Init
    main.o(.text.main) refers to usart.o(.text.MX_USART1_UART_Init) for MX_USART1_UART_Init
    main.o(.text.main) refers to tim.o(.text.MX_TIM14_Init) for MX_TIM14_Init
    main.o(.text.main) refers to main.o(.bss.Univers) for Univers
    main.o(.text.main) refers to usart.o(.bss.huart1) for huart1
    main.o(.text.main) refers to main.o(.text.DMX_Init) for DMX_Init
[...]
    ../clib/microlib/init/entry.s            0x00000000   Number         0  entry8b.o ABSOLUTE
    ../clib/microlib/init/entry.s            0x00000000   Number         0  entry9a.o ABSOLUTE
    ../clib/microlib/init/entry.s            0x00000000   Number         0  entry9b.o ABSOLUTE
    ../clib/microlib/init/entry.s            0x00000000   Number         0  entry10a.o ABSOLUTE
    ../clib/microlib/init/entry.s            0x00000000   Number         0  entry10b.o ABSOLUTE
    ../clib/microlib/init/entry.s            0x00000000   Number         0  entry11a.o ABSOLUTE
    ../clib/microlib/init/entry.s            0x00000000   Number         0  entry11b.o ABSOLUTE
    ../clib/microlib/longlong.c              0x00000000   Number         0  llshl.o ABSOLUTE
    ../clib/microlib/longlong.c              0x00000000   Number         0  llushr.o ABSOLUTE
    ../clib/microlib/string/memcpy.c         0x00000000   Number         0  memcpya.o ABSOLUTE
    ../clib/microlib/string/memcpy.c         0x00000000   Number         0  memcpyb.o ABSOLUTE
    ../clib/microlib/string/memset.c         0x00000000   Number         0  memseta.o ABSOLUTE
    bsp_driver_sd.c                          0x00000000   Number         0  bsp_driver_sd.o ABSOLUTE
    dc.s                                     0x00000000   Number         0  dc.o ABSOLUTE
    diskio.c                                 0x00000000   Number         0  diskio.o ABSOLUTE
    dma.c                                    0x00000000   Number         0  dma.o ABSOLUTE
    fatfs.c                                  0x00000000   Number         0  fatfs.o ABSOLUTE
    fatfs_platform.c                         0x00000000   Number         0  fatfs_platform.o ABSOLUTE
    ff.c                                     0x00000000   Number         0  ff.o ABSOLUTE
    ff_gen_drv.c                             0x00000000   Number         0  ff_gen_drv.o ABSOLUTE
    gpio.c                                   0x00000000   Number         0  gpio.o ABSOLUTE
    handlers.s                               0x00000000   Number         0  handlers.o ABSOLUTE
    init.s                                   0x00000000   Number         0  init.o ABSOLUTE
    main.c                                   0x00000000   Number         0  main.o ABSOLUTE
    sd_diskio.c                              0x00000000   Number         0  sd_diskio.o ABSOLUTE
    sdio.c                                   0x00000000   Number         0  sdio.o ABSOLUTE
    startup_stm32f446xx.s                    0x00000000   Number         0  startup_stm32f446xx.o ABSOLUTE
    stm32f4xx_hal.c                          0x00000000   Number         0  stm32f4xx_hal.o ABSOLUTE
    stm32f4xx_hal_cortex.c                   0x00000000   Number         0  stm32f4xx_hal_cortex.o ABSOLUTE
    stm32f4xx_hal_dma.c                      0x00000000   Number         0  stm32f4xx_hal_dma.o ABSOLUTE
    stm32f4xx_hal_dma_ex.c                   0x00000000   Number         0  stm32f4xx_hal_dma_ex.o ABSOLUTE
    stm32f4xx_hal_exti.c                     0x00000000   Number         0  stm32f4xx_hal_exti.o ABSOLUTE
    stm32f4xx_hal_flash.c                    0x00000000   Number         0  stm32f4xx_hal_flash.o ABSOLUTE
    stm32f4xx_hal_flash_ex.c                 0x00000000   Number         0  stm32f4xx_hal_flash_ex.o ABSOLUTE
    stm32f4xx_hal_flash_ramfunc.c            0x00000000   Number         0  stm32f4xx_hal_flash_ramfunc.o ABSOLUTE
    stm32f4xx_hal_gpio.c                     0x00000000   Number         0  stm32f4xx_hal_gpio.o ABSOLUTE
    stm32f4xx_hal_msp.c                      0x00000000   Number         0  stm32f4xx_hal_msp.o ABSOLUTE
    stm32f4xx_hal_pwr.c                      0x00000000   Number         0  stm32f4xx_hal_pwr.o ABSOLUTE
    stm32f4xx_hal_pwr_ex.c                   0x00000000   Number         0  stm32f4xx_hal_pwr_ex.o ABSOLUTE
    stm32f4xx_hal_rcc.c                      0x00000000   Number         0  stm32f4xx_hal_rcc.o ABSOLUTE
    stm32f4xx_hal_rcc_ex.c                   0x00000000   Number         0  stm32f4xx_hal_rcc_ex.o ABSOLUTE
    stm32f4xx_hal_sd.c                       0x00000000   Number         0  stm32f4xx_hal_sd.o ABSOLUTE
    stm32f4xx_hal_tim.c                      0x00000000   Number         0  stm32f4xx_hal_tim.o ABSOLUTE
    stm32f4xx_hal_tim_ex.c                   0x00000000   Number         0  stm32f4xx_hal_tim_ex.o ABSOLUTE
    stm32f4xx_hal_uart.c                     0x00000000   Number         0  stm32f4xx_hal_uart.o ABSOLUTE
    stm32f4xx_it.c                           0x00000000   Number         0  stm32f4xx_it.o ABSOLUTE
    stm32f4xx_ll_sdmmc.c                     0x00000000   Number         0  stm32f4xx_ll_sdmmc.o ABSOLUTE
    syscall.c                                0x00000000   Number         0  syscall.o ABSOLUTE
    system_stm32f4xx.c                       0x00000000   Number         0  system_stm32f4xx.o ABSOLUTE
    tim.c                                    0x00000000   Number         0  tim.o ABSOLUTE
    usart.c                                  0x00000000   Number         0  usart.o ABSOLUTE
    RESET                                    0x08000000   Section      452  startup_stm32f446xx.o(RESET)
    .ARM.Collect$$$$00000000                 0x080001c4   Section        0  entry.o(.ARM.Collect$$$$00000000)
    .ARM.Collect$$$$00000001                 0x080001c4   Section        4  entry2.o(.ARM.Collect$$$$00000001)
    .ARM.Collect$$$$00000004                 0x080001c8   Section        4  entry5.o(.ARM.Collect$$$$00000004)
    .ARM.Collect$$$$00000008                 0x080001cc   Section        0  entry7b.o(.ARM.Collect$$$$00000008)
    .ARM.Collect$$$$0000000A                 0x080001cc   Section        0  entry8b.o(.ARM.Collect$$$$0000000A)
    .ARM.Collect$$$$0000000B                 0x080001cc   Section        8  entry9a.o(.ARM.Collect$$$$0000000B)
    __lit__00000000                          0x080001d4   Data           4  entry2.o(.ARM.Collect$$$$00002712)
    .ARM.Collect$$$$0000000D                 0x080001d4   Section        0  entry10a.o(.ARM.Collect$$$$0000000D)
    .ARM.Collect$$$$0000000F                 0x080001d4   Section        0  entry11a.o(.ARM.Collect$$$$0000000F)
    .ARM.Collect$$$$00002712                 0x080001d4   Section        4  entry2.o(.ARM.Collect$$$$00002712)
    $v0                                      0x080001d8   Number         0  startup_stm32f446xx.o(.text)
    .text                                    0x080001d8   Section       36  startup_stm32f446xx.o(.text)
    .text                                    0x080001fc   Section        0  uldiv.o(.text)
    .text                                    0x0800025e   Section        0  memcpya.o(.text)
    .text                                    0x08000282   Section        0  memseta.o(.text)
    .text                                    0x080002a6   Section        0  llshl.o(.text)
    .text                                    0x080002c4   Section        0  llushr.o(.text)
    .text                                    0x080002e4   Section       36  init.o(.text)
    [Anonymous Symbol]                       0x08000308   Section        0  fatfs_platform.o(.text.BSP_PlatformIsDetected)
    [Anonymous Symbol]                       0x08000320   Section        0  bsp_driver_sd.o(.text.BSP_SD_AbortCallback)
    [Anonymous Symbol]                       0x08000322   Section        0  bsp_driver_sd.o(.text.BSP_SD_GetCardInfo)
    [Anonymous Symbol]                       0x08000330   Section        0  bsp_driver_sd.o(.text.BSP_SD_GetCardState)
    [Anonymous Symbol]                       0x08000346   Section        0  bsp_driver_sd.o(.text.BSP_SD_Init)
    [Anonymous Symbol]                       0x08000364   Section        0  bsp_driver_sd.o(.text.BSP_SD_IsDetected)
    [Anonymous Symbol]                       0x08000382   Section        0  bsp_driver_sd.o(.text.BSP_SD_ReadBlocks)
    [Anonymous Symbol]                       0x080003a8   Section        0  bsp_driver_sd.o(.text.BSP_SD_ReadCpltCallback)
    [Anonymous Symbol]                       0x080003aa   Section        0  bsp_driver_sd.o(.text.BSP_SD_WriteBlocks)
    [Anonymous Symbol]                       0x080003d0   Section        0  bsp_driver_sd.o(.text.BSP_SD_WriteCpltCallback)
    [Anonymous Symbol]                       0x080003d4   Section        0  stm32f4xx_it.o(.text.BusFault_Handler)
    [Anonymous Symbol]                       0x080003d6   Section        0  stm32f4xx_it.o(.text.DMA2_Stream3_IRQHandler)
    [Anonymous Symbol]                       0x080003e2   Section        0  stm32f4xx_it.o(.text.DMA2_Stream6_IRQHandler)
    [Anonymous Symbol]                       0x080003ee   Section        0  main.o(.text.DMX_Init)
    [Anonymous Symbol]                       0x0800046c   Section        0  main.o(.text.DMX_Playback)
    [Anonymous Symbol]                       0x08000590   Section        0  main.o(.text.DMX_Transmit)
    [Anonymous Symbol]                       0x080005e4   Section        0  stm32f4xx_it.o(.text.DebugMon_Handler)
    [Anonymous Symbol]                       0x080005e6   Section        0  stm32f4xx_it.o(.text.EXTI1_IRQHandler)
    [Anonymous Symbol]                       0x080005ec   Section        0  stm32f4xx_it.o(.text.EXTI4_IRQHandler)
    [Anonymous Symbol]                       0x080005f2   Section        0  main.o(.text.Error_Handler)
    [Anonymous Symbol]                       0x080005f4   Section        0  ff_gen_drv.o(.text.FATFS_LinkDriver)
    [Anonymous Symbol]                       0x080005fa   Section        0  ff_gen_drv.o(.text.FATFS_LinkDriverEx)
    [Anonymous Symbol]                       0x08000648   Section        0  stm32f4xx_hal_dma.o(.text.HAL_DMA_Abort_IT)
    [Anonymous Symbol]                       0x0800066c   Section        0  stm32f4xx_hal_dma.o(.text.HAL_DMA_IRQHandler)
    [Anonymous Symbol]                       0x080007e8   Section        0  stm32f4xx_hal_dma.o(.text.HAL_DMA_Init)
    [Anonymous Symbol]                       0x08000934   Section        0  stm32f4xx_hal.o(.text.HAL_Delay)
    [Anonymous Symbol]                       0x0800095c   Section        0  stm32f4xx_hal_gpio.o(.text.HAL_GPIO_EXTI_Callback)
    [Anonymous Symbol]                       0x0800095e   Section        0  stm32f4xx_hal_gpio.o(.text.HAL_GPIO_EXTI_IRQHandler)
    [Anonymous Symbol]                       0x08000974   Section        0  stm32f4xx_hal_gpio.o(.text.HAL_GPIO_Init)
    [Anonymous Symbol]                       0x08000b24   Section        0  stm32f4xx_hal_gpio.o(.text.HAL_GPIO_ReadPin)
    [Anonymous Symbol]                       0x08000b2e   Section        0  stm32f4xx_hal_gpio.o(.text.HAL_GPIO_TogglePin)
    [Anonymous Symbol]                       0x08000b3c   Section        0  stm32f4xx_hal_gpio.o(.text.HAL_GPIO_WritePin)
    [Anonymous Symbol]                       0x08000b46   Section        0  stm32f4xx_hal.o(.text.HAL_GetTick)
    [Anonymous Symbol]                       0x08000b52   Section        0  stm32f4xx_hal.o(.text.HAL_IncTick)
    [Anonymous Symbol]                       0x08000b6c   Section        0  stm32f4xx_hal.o(.text.HAL_Init)
    [Anonymous Symbol]                       0x08000ba2   Section        0  stm32f4xx_hal.o(.text.HAL_InitTick)
    [Anonymous Symbol]                       0x08000bf2   Section        0  stm32f4xx_hal_msp.o(.text.HAL_MspInit)
    [Anonymous Symbol]                       0x08000c2a   Section        0  stm32f4xx_hal_cortex.o(.text.HAL_NVIC_EnableIRQ)
    [Anonymous Symbol]                       0x08000c48   Section        0  stm32f4xx_hal_cortex.o(.text.HAL_NVIC_SetPriority)
    [Anonymous Symbol]                       0x08000c9e   Section        0  stm32f4xx_hal_cortex.o(.text.HAL_NVIC_SetPriorityGrouping)
    [Anonymous Symbol]                       0x08000cc0   Section        0  stm32f4xx_hal_pwr_ex.o(.text.HAL_PWREx_EnableOverDrive)
    [Anonymous Symbol]                       0x08000d38   Section        0  stm32f4xx_hal_rcc_ex.o(.text.HAL_RCCEx_PeriphCLKConfig)
    [Anonymous Symbol]                       0x0800114c   Section        0  stm32f4xx_hal_rcc.o(.text.HAL_RCC_ClockConfig)
    [Anonymous Symbol]                       0x080012a2   Section        0  stm32f4xx_hal_rcc.o(.text.HAL_RCC_GetPCLK1Freq)
    [Anonymous Symbol]                       0x080012c8   Section        0  stm32f4xx_hal_rcc.o(.text.HAL_RCC_GetPCLK2Freq)
    [Anonymous Symbol]                       0x080012f0   Section        0  stm32f4xx_hal_rcc_ex.o(.text.HAL_RCC_GetSysClockFreq)
    [Anonymous Symbol]                       0x0800138c   Section        0  stm32f4xx_hal_rcc_ex.o(.text.HAL_RCC_OscConfig)
    [Anonymous Symbol]                       0x080016b6   Section        0  bsp_driver_sd.o(.text.HAL_SD_AbortCallback)
    [Anonymous Symbol]                       0x080016ba   Section        0  stm32f4xx_hal_sd.o(.text.HAL_SD_ErrorCallback)
    [Anonymous Symbol]                       0x080016bc   Section        0  stm32f4xx_hal_sd.o(.text.HAL_SD_GetCardCSD)
    [Anonymous Symbol]                       0x0800183e   Section        0  stm32f4xx_hal_sd.o(.text.HAL_SD_GetCardInfo)
    [Anonymous Symbol]                       0x08001862   Section        0  stm32f4xx_hal_sd.o(.text.HAL_SD_GetCardState)
    [Anonymous Symbol]                       0x0800188c   Section        0  stm32f4xx_hal_sd.o(.text.HAL_SD_IRQHandler)
    [Anonymous Symbol]                       0x08001aa0   Section        0  stm32f4xx_hal_sd.o(.text.HAL_SD_Init)
    [Anonymous Symbol]                       0x08001ae0   Section        0  stm32f4xx_hal_sd.o(.text.HAL_SD_InitCard)
    [Anonymous Symbol]                       0x08001cc0   Section        0  sdio.o(.text.HAL_SD_MspInit)
    [Anonymous Symbol]                       0x08001e54   Section        0  stm32f4xx_hal_sd.o(.text.HAL_SD_ReadBlocks)
    [Anonymous Symbol]                       0x08002078   Section        0  bsp_driver_sd.o(.text.HAL_SD_RxCpltCallback)
    [Anonymous Symbol]                       0x0800207c   Section        0  bsp_driver_sd.o(.text.HAL_SD_TxCpltCallback)
    [Anonymous Symbol]                       0x08002080   Section        0  stm32f4xx_hal_sd.o(.text.HAL_SD_WriteBlocks)
    [Anonymous Symbol]                       0x08002276   Section        0  stm32f4xx_hal_cortex.o(.text.HAL_SYSTICK_Config)
    [Anonymous Symbol]                       0x080022a2   Section        0  stm32f4xx_hal_tim_ex.o(.text.HAL_TIMEx_BreakCallback)
    [Anonymous Symbol]                       0x080022a4   Section        0  stm32f4xx_hal_tim_ex.o(.text.HAL_TIMEx_CommutCallback)
    [Anonymous Symbol]                       0x080022a6   Section        0  stm32f4xx_hal_tim.o(.text.HAL_TIM_Base_Init)
    [Anonymous Symbol]                       0x080022da   Section        0  tim.o(.text.HAL_TIM_Base_MspInit)
    [Anonymous Symbol]                       0x080023b0   Section        0  stm32f4xx_hal_tim.o(.text.HAL_TIM_Base_Start_IT)
    [Anonymous Symbol]                       0x080023d0   Section        0  stm32f4xx_hal_tim.o(.text.HAL_TIM_Base_Stop_IT)
    [Anonymous Symbol]                       0x080023fa   Section        0  stm32f4xx_hal_tim.o(.text.HAL_TIM_IC_CaptureCallback)
    [Anonymous Symbol]                       0x080023fc   Section        0  stm32f4xx_hal_tim.o(.text.HAL_TIM_IRQHandler)
    [Anonymous Symbol]                       0x08002566   Section        0  stm32f4xx_hal_tim.o(.text.HAL_TIM_OC_DelayElapsedCallback)
    [Anonymous Symbol]                       0x08002568   Section        0  stm32f4xx_hal_tim.o(.text.HAL_TIM_PWM_PulseFinishedCallback)
    [Anonymous Symbol]                       0x0800256a   Section        0  main.o(.text.HAL_TIM_PeriodElapsedCallback)
    [Anonymous Symbol]                       0x08002604   Section        0  stm32f4xx_hal_tim.o(.text.HAL_TIM_TriggerCallback)
    [Anonymous Symbol]                       0x08002606   Section        0  stm32f4xx_hal_uart.o(.text.HAL_UART_Init)
    [Anonymous Symbol]                       0x08002662   Section        0  usart.o(.text.HAL_UART_MspInit)
    [Anonymous Symbol]                       0x08002718   Section        0  stm32f4xx_hal_uart.o(.text.HAL_UART_Receive_IT)
    [Anonymous Symbol]                       0x08002766   Section        0  main.o(.text.HAL_UART_RxCpltCallback)
    [Anonymous Symbol]                       0x0800279c   Section        0  stm32f4xx_hal_uart.o(.text.HAL_UART_Transmit_IT)
    [Anonymous Symbol]                       0x080027da   Section        0  main.o(.text.HAL_UART_TxCpltCallback)
    [Anonymous Symbol]                       0x0800281c   Section        0  stm32f4xx_it.o(.text.HardFault_Handler)
    [Anonymous Symbol]                       0x0800281e   Section        0  dma.o(.text.MX_DMA_Init)
    [Anonymous Symbol]                       0x08002866   Section        0  fatfs.o(.text.MX_FATFS_Init)
    [Anonymous Symbol]                       0x08002888   Section        0  gpio.o(.text.MX_GPIO_Init)
    [Anonymous Symbol]                       0x080029f8   Section        0  sdio.o(.text.MX_SDIO_SD_Init)
    [Anonymous Symbol]                       0x08002a16   Section        0  tim.o(.text.MX_TIM10_Init)
    [Anonymous Symbol]                       0x08002a4a   Section        0  tim.o(.text.MX_TIM11_Init)
    [Anonymous Symbol]                       0x08002a7e   Section        0  tim.o(.text.MX_TIM13_Init)
    [Anonymous Symbol]                       0x08002ab6   Section        0  tim.o(.text.MX_TIM14_Init)
    [Anonymous Symbol]                       0x08002aec   Section        0  usart.o(.text.MX_USART1_UART_Init)
    [Anonymous Symbol]                       0x08002b30   Section        0  stm32f4xx_it.o(.text.MemManage_Handler)
    [Anonymous Symbol]                       0x08002b32   Section        0  stm32f4xx_it.o(.text.NMI_Handler)
    [Anonymous Symbol]                       0x08002b34   Section        0  main.o(.text.Record_DMX_sec)
    [Anonymous Symbol]                       0x08002c66   Section        0  stm32f4xx_ll_sdmmc.o(.text.SDIO_ConfigData)
    [Anonymous Symbol]                       0x08002c8c   Section        0  stm32f4xx_ll_sdmmc.o(.text.SDIO_GetPowerState)
    [Anonymous Symbol]                       0x08002c94   Section        0  stm32f4xx_ll_sdmmc.o(.text.SDIO_GetResponse)
    [Anonymous Symbol]                       0x08002c9a   Section        0  stm32f4xx_it.o(.text.SDIO_IRQHandler)
    [Anonymous Symbol]                       0x08002ca6   Section        0  stm32f4xx_ll_sdmmc.o(.text.SDIO_Init)
    [Anonymous Symbol]                       0x08002cd2   Section        0  stm32f4xx_ll_sdmmc.o(.text.SDIO_PowerState_ON)
    [Anonymous Symbol]                       0x08002ce2   Section        0  stm32f4xx_ll_sdmmc.o(.text.SDIO_ReadFIFO)
    [Anonymous Symbol]                       0x08002ce8   Section        0  stm32f4xx_ll_sdmmc.o(.text.SDIO_WriteFIFO)
    [Anonymous Symbol]                       0x08002cf4   Section        0  stm32f4xx_ll_sdmmc.o(.text.SDMMC_CmdAppCommand)
    [Anonymous Symbol]                       0x08002d0c   Section        0  stm32f4xx_ll_sdmmc.o(.text.SDMMC_CmdAppOperCommand)
    [Anonymous Symbol]                       0x08002d26   Section        0  stm32f4xx_ll_sdmmc.o(.text.SDMMC_CmdBlockLength)
    [Anonymous Symbol]                       0x08002d40   Section        0  stm32f4xx_ll_sdmmc.o(.text.SDMMC_CmdGoIdleState)
    [Anonymous Symbol]                       0x08002d88   Section        0  stm32f4xx_ll_sdmmc.o(.text.SDMMC_CmdOperCond)
    [Anonymous Symbol]                       0x08002dfa   Section        0  stm32f4xx_ll_sdmmc.o(.text.SDMMC_CmdReadMultiBlock)
    [Anonymous Symbol]                       0x08002e12   Section        0  stm32f4xx_ll_sdmmc.o(.text.SDMMC_CmdReadSingleBlock)
    [Anonymous Symbol]                       0x08002e2a   Section        0  stm32f4xx_ll_sdmmc.o(.text.SDMMC_CmdSelDesel)
    [Anonymous Symbol]                       0x08002e42   Section        0  stm32f4xx_ll_sdmmc.o(.text.SDMMC_CmdSendCID)
    [Anonymous Symbol]                       0x08002e56   Section        0  stm32f4xx_ll_sdmmc.o(.text.SDMMC_CmdSendCSD)
    [Anonymous Symbol]                       0x08002e68   Section        0  stm32f4xx_ll_sdmmc.o(.text.SDMMC_CmdSendStatus)
    [Anonymous Symbol]                       0x08002e80   Section        0  stm32f4xx_ll_sdmmc.o(.text.SDMMC_CmdSetRelAdd)
    [Anonymous Symbol]                       0x08002f18   Section        0  stm32f4xx_ll_sdmmc.o(.text.SDMMC_CmdStopTransfer)
    [Anonymous Symbol]                       0x08002f36   Section        0  stm32f4xx_ll_sdmmc.o(.text.SDMMC_CmdWriteMultiBlock)
    [Anonymous Symbol]                       0x08002f4e   Section        0  stm32f4xx_ll_sdmmc.o(.text.SDMMC_CmdWriteSingleBlock)
    SDMMC_GetCmdResp1                        0x08002f69   Thumb Code   298  stm32f4xx_ll_sdmmc.o(.text.SDMMC_GetCmdResp1)
    [Anonymous Symbol]                       0x08002f68   Section        0  stm32f4xx_ll_sdmmc.o(.text.SDMMC_GetCmdResp1)
    SDMMC_GetCmdResp2                        0x08003095   Thumb Code    88  stm32f4xx_ll_sdmmc.o(.text.SDMMC_GetCmdResp2)
    [Anonymous Symbol]                       0x08003094   Section        0  stm32f4xx_ll_sdmmc.o(.text.SDMMC_GetCmdResp2)
    SDMMC_GetCmdResp3                        0x080030ed   Thumb Code    74  stm32f4xx_ll_sdmmc.o(.text.SDMMC_GetCmdResp3)
    [Anonymous Symbol]                       0x080030ec   Section        0  stm32f4xx_ll_sdmmc.o(.text.SDMMC_GetCmdResp3)
    SD_DMARxAbort                            0x08003137   Thumb Code    70  stm32f4xx_hal_sd.o(.text.SD_DMARxAbort)
    [Anonymous Symbol]                       0x08003136   Section        0  stm32f4xx_hal_sd.o(.text.SD_DMARxAbort)
    SD_DMATxAbort                            0x0800317d   Thumb Code    70  stm32f4xx_hal_sd.o(.text.SD_DMATxAbort)
    [Anonymous Symbol]                       0x0800317c   Section        0  stm32f4xx_hal_sd.o(.text.SD_DMATxAbort)
    [Anonymous Symbol]                       0x080031c2   Section        0  sd_diskio.o(.text.SD_initialize)
    [Anonymous Symbol]                       0x080031f0   Section        0  sd_diskio.o(.text.SD_ioctl)
    [Anonymous Symbol]                       0x08003244   Section        0  sd_diskio.o(.text.SD_read)
    [Anonymous Symbol]                       0x08003268   Section        0  sd_diskio.o(.text.SD_status)
    [Anonymous Symbol]                       0x08003288   Section        0  sd_diskio.o(.text.SD_write)
    Save_Byte_Rx                             0x080032ad   Thumb Code    80  stm32f4xx_it.o(.text.Save_Byte_Rx)
    [Anonymous Symbol]                       0x080032ac   Section        0  stm32f4xx_it.o(.text.Save_Byte_Rx)
    [Anonymous Symbol]                       0x080032fc   Section        0  stm32f4xx_it.o(.text.SysTick_Handler)
    [Anonymous Symbol]                       0x08003300   Section        0  main.o(.text.SystemClock_Config)
    [Anonymous Symbol]                       0x080033aa   Section        0  system_stm32f4xx.o(.text.SystemInit)
    [Anonymous Symbol]                       0x080033c6   Section        0  stm32f4xx_it.o(.text.TIM1_TRG_COM_TIM11_IRQHandler)
    [Anonymous Symbol]                       0x080033d2   Section        0  stm32f4xx_it.o(.text.TIM1_UP_TIM10_IRQHandler)
    [Anonymous Symbol]                       0x080033de   Section        0  stm32f4xx_it.o(.text.TIM8_TRG_COM_TIM14_IRQHandler)
    [Anonymous Symbol]                       0x080033ea   Section        0  stm32f4xx_it.o(.text.TIM8_UP_TIM13_IRQHandler)
    [Anonymous Symbol]                       0x080033f6   Section        0  stm32f4xx_hal_tim.o(.text.TIM_Base_SetConfig)
    UART_SetConfig                           0x08003513   Thumb Code   238  stm32f4xx_hal_uart.o(.text.UART_SetConfig)
    [Anonymous Symbol]                       0x08003512   Section        0  stm32f4xx_hal_uart.o(.text.UART_SetConfig)
    [Anonymous Symbol]                       0x08003600   Section        0  stm32f4xx_it.o(.text.USART1_IRQHandler)
    [Anonymous Symbol]                       0x08003748   Section        0  stm32f4xx_it.o(.text.UsageFault_Handler)
    check_fs                                 0x0800374b   Thumb Code   122  ff.o(.text.check_fs)
    [Anonymous Symbol]                       0x0800374a   Section        0  ff.o(.text.check_fs)
    chk_lock                                 0x080037c5   Thumb Code   104  ff.o(.text.chk_lock)
    [Anonymous Symbol]                       0x080037c4   Section        0  ff.o(.text.chk_lock)
    clmt_clust                               0x0800382d   Thumb Code    56  ff.o(.text.clmt_clust)
    [Anonymous Symbol]                       0x0800382c   Section        0  ff.o(.text.clmt_clust)
    create_chain                             0x08003865   Thumb Code   196  ff.o(.text.create_chain)
    [Anonymous Symbol]                       0x08003864   Section        0  ff.o(.text.create_chain)
    dir_next                                 0x08003929   Thumb Code   346  ff.o(.text.dir_next)
    [Anonymous Symbol]                       0x08003928   Section        0  ff.o(.text.dir_next)
    dir_register                             0x08003a85   Thumb Code    98  ff.o(.text.dir_register)
    [Anonymous Symbol]                       0x08003a84   Section        0  ff.o(.text.dir_register)
    dir_sdi                                  0x08003ae9   Thumb Code   116  ff.o(.text.dir_sdi)
    [Anonymous Symbol]                       0x08003ae8   Section        0  ff.o(.text.dir_sdi)
    [Anonymous Symbol]                       0x08003b5c   Section        0  diskio.o(.text.disk_initialize)
    [Anonymous Symbol]                       0x08003b7e   Section        0  diskio.o(.text.disk_ioctl)
    [Anonymous Symbol]                       0x08003b94   Section        0  diskio.o(.text.disk_read)
    [Anonymous Symbol]                       0x08003bb4   Section        0  diskio.o(.text.disk_status)
    [Anonymous Symbol]                       0x08003bca   Section        0  diskio.o(.text.disk_write)
    [Anonymous Symbol]                       0x08003bea   Section        0  ff.o(.text.f_close)
    [Anonymous Symbol]                       0x08003c40   Section        0  ff.o(.text.f_lseek)
    [Anonymous Symbol]                       0x08003ec4   Section        0  ff.o(.text.f_mount)
    [Anonymous Symbol]                       0x08003f38   Section        0  ff.o(.text.f_open)
    [Anonymous Symbol]                       0x080041bc   Section        0  ff.o(.text.f_read)
    [Anonymous Symbol]                       0x08004378   Section        0  ff.o(.text.f_sync)
    [Anonymous Symbol]                       0x08004414   Section        0  ff.o(.text.f_write)
    find_volume                              0x080045f9   Thumb Code   724  ff.o(.text.find_volume)
    [Anonymous Symbol]                       0x080045f8   Section        0  ff.o(.text.find_volume)
    follow_path                              0x080048cd   Thumb Code   492  ff.o(.text.follow_path)
    [Anonymous Symbol]                       0x080048cc   Section        0  ff.o(.text.follow_path)
    get_fat                                  0x08004ab9   Thumb Code   252  ff.o(.text.get_fat)
    [Anonymous Symbol]                       0x08004ab8   Section        0  ff.o(.text.get_fat)
    [Anonymous Symbol]                       0x08004bb4   Section        0  fatfs.o(.text.get_fattime)
    get_ldnumber                             0x08004bb9   Thumb Code    66  ff.o(.text.get_ldnumber)
    [Anonymous Symbol]                       0x08004bb8   Section        0  ff.o(.text.get_ldnumber)
    inc_lock                                 0x08004bfd   Thumb Code   126  ff.o(.text.inc_lock)
    [Anonymous Symbol]                       0x08004bfc   Section        0  ff.o(.text.inc_lock)
    [Anonymous Symbol]                       0x08004c7c   Section        0  main.o(.text.main)
    move_window                              0x08004d59   Thumb Code    54  ff.o(.text.move_window)
    [Anonymous Symbol]                       0x08004d58   Section        0  ff.o(.text.move_window)
    [Anonymous Symbol]                       0x08004d90   Section        0  main.o(.text.notify)
    put_fat                                  0x08004dbd   Thumb Code   292  ff.o(.text.put_fat)
    [Anonymous Symbol]                       0x08004dbc   Section        0  ff.o(.text.put_fat)
    remove_chain                             0x08004ee1   Thumb Code   118  ff.o(.text.remove_chain)
    [Anonymous Symbol]                       0x08004ee0   Section        0  ff.o(.text.remove_chain)
    sync_fs                                  0x08004f57   Thumb Code   116  ff.o(.text.sync_fs)
    [Anonymous Symbol]                       0x08004f56   Section        0  ff.o(.text.sync_fs)
    sync_window                              0x08004fcd   Thumb Code   108  ff.o(.text.sync_window)
    [Anonymous Symbol]                       0x08004fcc   Section        0  ff.o(.text.sync_window)
    validate                                 0x08005039   Thumb Code    48  ff.o(.text.validate)
    [Anonymous Symbol]                       0x08005038   Section        0  ff.o(.text.validate)
    i.__scatterload_copy                     0x08005068   Section       14  handlers.o(i.__scatterload_copy)
    i.__scatterload_null                     0x08005076   Section        2  handlers.o(i.__scatterload_null)
    i.__scatterload_zeroinit                 0x08005078   Section       14  handlers.o(i.__scatterload_zeroinit)
    ExCvt                                    0x0800509e   Data         128  ff.o(.rodata.ExCvt)
    [Anonymous Symbol]                       0x0800509e   Section        0  ff.o(.rodata.ExCvt)
    DMA_CalcBaseAndBitshift.flagBitshiftOffset 0x08005134   Data           8  stm32f4xx_hal_dma.o(.rodata.cst8)
    .L.str                                   0x0800513c   Data          12  ff.o(.rodata.str1.1)
    .L.str.3                                 0x0800513c   Data          15  ff.o(.rodata.str1.1)
    [Anonymous Symbol]                       0x0800513c   Section        0  ff.o(.rodata.str1.1)
    .L.str.1                                 0x08005148   Data          20  ff.o(.rodata.str1.1)
    .L.str.2                                 0x0800514a   Data           1  ff.o(.rodata.str1.1)
    .L.str.2                                 0x0800515c   Data          20  ff.o(.rodata.str1.1)
    Stat                                     0x20000000   Data           1  sd_diskio.o(.data.Stat)
    [Anonymous Symbol]                       0x20000000   Section        0  sd_diskio.o(.data.Stat)
    FatFs                                    0x20000214   Data           4  ff.o(.bss.FatFs)
    [Anonymous Symbol]                       0x20000214   Section        0  ff.o(.bss.FatFs)
    Files                                    0x20000218   Data          80  ff.o(.bss.Files)
    [Anonymous Symbol]                       0x20000218   Section        0  ff.o(.bss.Files)
    Fsid                                     0x20000268   Data           2  ff.o(.bss.Fsid)
    [Anonymous Symbol]                       0x20000268   Section        0  ff.o(.bss.Fsid)
    m_seconds_passed                         0x200039bc   Data           2  main.o(.bss.m_seconds_passed)
    [Anonymous Symbol]                       0x200039bc   Section        0  main.o(.bss.m_seconds_passed)
    seconds_passed                           0x200039c0   Data           2  main.o(.bss.seconds_passed)
    [Anonymous Symbol]                       0x200039c0   Section        0  main.o(.bss.seconds_passed)
    STACK                                    0x200039c8   Section    16384  startup_stm32f446xx.o(STACK)

    Global Symbols

    Symbol Name                              Value     Ov Type        Size  Object(Section)

    BuildAttributes$$THM_ISAv4$E$P$D$K$B$S$7EM$VFPi3$EXTD16$VFPS$VFMA$PE$A:L22UL41UL21$X:L11$S22US41US21$IEEE1$IW$~IW$USESV6$~STKCKD$USESV7$~SHL$OSPACE$EBA8$MICROLIB$REQ8$PRES8$EABIv2 0x00000000   Number         0  anon$$obj.o ABSOLUTE
    __cpp_initialize__aeabi_                  - Undefined Weak Reference
    __cxa_finalize                            - Undefined Weak Reference
    __decompress                              - Undefined Weak Reference
    _clock_init                               - Undefined Weak Reference
    _microlib_exit                            - Undefined Weak Reference
    __Vectors_Size                           0x000001c4   Number         0  startup_stm32f446xx.o ABSOLUTE
    __Vectors                                0x08000000   Data           4  startup_stm32f446xx.o(RESET)
    __Vectors_End                            0x080001c4   Data           0  startup_stm32f446xx.o(RESET)
    __main                                   0x080001c5   Thumb Code     0  entry.o(.ARM.Collect$$$$00000000)
    _main_stk                                0x080001c5   Thumb Code     0  entry2.o(.ARM.Collect$$$$00000001)
    _main_scatterload                        0x080001c9   Thumb Code     0  entry5.o(.ARM.Collect$$$$00000004)
    __main_after_scatterload                 0x080001cd   Thumb Code     0  entry5.o(.ARM.Collect$$$$00000004)
    _main_clock                              0x080001cd   Thumb Code     0  entry7b.o(.ARM.Collect$$$$00000008)
    _main_cpp_init                           0x080001cd   Thumb Code     0  entry8b.o(.ARM.Collect$$$$0000000A)
    _main_init                               0x080001cd   Thumb Code     0  entry9a.o(.ARM.Collect$$$$0000000B)
    __rt_final_cpp                           0x080001d5   Thumb Code     0  entry10a.o(.ARM.Collect$$$$0000000D)
    __rt_final_exit                          0x080001d5   Thumb Code     0  entry11a.o(.ARM.Collect$$$$0000000F)
    Reset_Handler                            0x080001d9   Thumb Code     8  startup_stm32f446xx.o(.text)
    SVC_Handler                              0x080001eb   Thumb Code     2  startup_stm32f446xx.o(.text)
    PendSV_Handler                           0x080001ef   Thumb Code     2  startup_stm32f446xx.o(.text)
    ADC_IRQHandler                           0x080001f3   Thumb Code     0  startup_stm32f446xx.o(.text)
    CAN1_RX0_IRQHandler                      0x080001f3   Thumb Code     0  startup_stm32f446xx.o(.text)
    CAN1_RX1_IRQHandler                      0x080001f3   Thumb Code     0  startup_stm32f446xx.o(.text)
    CAN1_SCE_IRQHandler                      0x080001f3   Thumb Code     0  startup_stm32f446xx.o(.text)
    CAN1_TX_IRQHandler                       0x080001f3   Thumb Code     0  startup_stm32f446xx.o(.text)
    CAN2_RX0_IRQHandler                      0x080001f3   Thumb Code     0  startup_stm32f446xx.o(.text)
    CAN2_RX1_IRQHandler                      0x080001f3   Thumb Code     0  startup_stm32f446xx.o(.text)
    CAN2_SCE_IRQHandler                      0x080001f3   Thumb Code     0  startup_stm32f446xx.o(.text)
    CAN2_TX_IRQHandler                       0x080001f3   Thumb Code     0  startup_stm32f446xx.o(.text)
    CEC_IRQHandler                           0x080001f3   Thumb Code     0  startup_stm32f446xx.o(.text)
    DCMI_IRQHandler                          0x080001f3   Thumb Code     0  startup_stm32f446xx.o(.text)
    DMA1_Stream0_IRQHandler                  0x080001f3   Thumb Code     0  startup_stm32f446xx.o(.text)
    DMA1_Stream1_IRQHandler                  0x080001f3   Thumb Code     0  startup_stm32f446xx.o(.text)
    DMA1_Stream2_IRQHandler                  0x080001f3   Thumb Code     0  startup_stm32f446xx.o(.text)
    DMA1_Stream3_IRQHandler                  0x080001f3   Thumb Code     0  startup_stm32f446xx.o(.text)
    DMA1_Stream4_IRQHandler                  0x080001f3   Thumb Code     0  startup_stm32f446xx.o(.text)
    DMA1_Stream5_IRQHandler                  0x080001f3   Thumb Code     0  startup_stm32f446xx.o(.text)
    DMA1_Stream6_IRQHandler                  0x080001f3   Thumb Code     0  startup_stm32f446xx.o(.text)
    DMA1_Stream7_IRQHandler                  0x080001f3   Thumb Code     0  startup_stm32f446xx.o(.text)
    DMA2_Stream0_IRQHandler                  0x080001f3   Thumb Code     0  startup_stm32f446xx.o(.text)
    DMA2_Stream1_IRQHandler                  0x080001f3   Thumb Code     0  startup_stm32f446xx.o(.text)
    DMA2_Stream2_IRQHandler                  0x080001f3   Thumb Code     0  startup_stm32f446xx.o(.text)
    DMA2_Stream4_IRQHandler                  0x080001f3   Thumb Code     0  startup_stm32f446xx.o(.text)
    DMA2_Stream5_IRQHandler                  0x080001f3   Thumb Code     0  startup_stm32f446xx.o(.text)
    DMA2_Stream7_IRQHandler                  0x080001f3   Thumb Code     0  startup_stm32f446xx.o(.text)
    EXTI0_IRQHandler                         0x080001f3   Thumb Code     0  startup_stm32f446xx.o(.text)
    EXTI15_10_IRQHandler                     0x080001f3   Thumb Code     0  startup_stm32f446xx.o(.text)
    EXTI2_IRQHandler                         0x080001f3   Thumb Code     0  startup_stm32f446xx.o(.text)
    EXTI3_IRQHandler                         0x080001f3   Thumb Code     0  startup_stm32f446xx.o(.text)
    EXTI9_5_IRQHandler                       0x080001f3   Thumb Code     0  startup_stm32f446xx.o(.text)
    FLASH_IRQHandler                         0x080001f3   Thumb Code     0  startup_stm32f446xx.o(.text)
    FMC_IRQHandler                           0x080001f3   Thumb Code     0  startup_stm32f446xx.o(.text)
    FMPI2C1_ER_IRQHandler                    0x080001f3   Thumb Code     0  startup_stm32f446xx.o(.text)
    FMPI2C1_EV_IRQHandler                    0x080001f3   Thumb Code     0  startup_stm32f446xx.o(.text)
    FPU_IRQHandler                           0x080001f3   Thumb Code     0  startup_stm32f446xx.o(.text)
    I2C1_ER_IRQHandler                       0x080001f3   Thumb Code     0  startup_stm32f446xx.o(.text)
    I2C1_EV_IRQHandler                       0x080001f3   Thumb Code     0  startup_stm32f446xx.o(.text)
    I2C2_ER_IRQHandler                       0x080001f3   Thumb Code     0  startup_stm32f446xx.o(.text)
    I2C2_EV_IRQHandler                       0x080001f3   Thumb Code     0  startup_stm32f446xx.o(.text)
    I2C3_ER_IRQHandler                       0x080001f3   Thumb Code     0  startup_stm32f446xx.o(.text)
    I2C3_EV_IRQHandler                       0x080001f3   Thumb Code     0  startup_stm32f446xx.o(.text)
    OTG_FS_IRQHandler                        0x080001f3   Thumb Code     0  startup_stm32f446xx.o(.text)
    OTG_FS_WKUP_IRQHandler                   0x080001f3   Thumb Code     0  startup_stm32f446xx.o(.text)
    OTG_HS_EP1_IN_IRQHandler                 0x080001f3   Thumb Code     0  startup_stm32f446xx.o(.text)
    OTG_HS_EP1_OUT_IRQHandler                0x080001f3   Thumb Code     0  startup_stm32f446xx.o(.text)
    OTG_HS_IRQHandler                        0x080001f3   Thumb Code     0  startup_stm32f446xx.o(.text)
    OTG_HS_WKUP_IRQHandler                   0x080001f3   Thumb Code     0  startup_stm32f446xx.o(.text)
    PVD_IRQHandler                           0x080001f3   Thumb Code     0  startup_stm32f446xx.o(.text)
    QUADSPI_IRQHandler                       0x080001f3   Thumb Code     0  startup_stm32f446xx.o(.text)
    RCC_IRQHandler                           0x080001f3   Thumb Code     0  startup_stm32f446xx.o(.text)
    RTC_Alarm_IRQHandler                     0x080001f3   Thumb Code     0  startup_stm32f446xx.o(.text)
    RTC_WKUP_IRQHandler                      0x080001f3   Thumb Code     0  startup_stm32f446xx.o(.text)
    SAI1_IRQHandler                          0x080001f3   Thumb Code     0  startup_stm32f446xx.o(.text)
    SAI2_IRQHandler                          0x080001f3   Thumb Code     0  startup_stm32f446xx.o(.text)
    SPDIF_RX_IRQHandler                      0x080001f3   Thumb Code     0  startup_stm32f446xx.o(.text)
    SPI1_IRQHandler                          0x080001f3   Thumb Code     0  startup_stm32f446xx.o(.text)
    SPI2_IRQHandler                          0x080001f3   Thumb Code     0  startup_stm32f446xx.o(.text)
    SPI3_IRQHandler                          0x080001f3   Thumb Code     0  startup_stm32f446xx.o(.text)
    SPI4_IRQHandler                          0x080001f3   Thumb Code     0  startup_stm32f446xx.o(.text)
    TAMP_STAMP_IRQHandler                    0x080001f3   Thumb Code     0  startup_stm32f446xx.o(.text)
    TIM1_BRK_TIM9_IRQHandler                 0x080001f3   Thumb Code     0  startup_stm32f446xx.o(.text)
    TIM1_CC_IRQHandler                       0x080001f3   Thumb Code     0  startup_stm32f446xx.o(.text)
    TIM2_IRQHandler                          0x080001f3   Thumb Code     0  startup_stm32f446xx.o(.text)
    TIM3_IRQHandler                          0x080001f3   Thumb Code     0  startup_stm32f446xx.o(.text)
    TIM4_IRQHandler                          0x080001f3   Thumb Code     0  startup_stm32f446xx.o(.text)
    TIM5_IRQHandler                          0x080001f3   Thumb Code     0  startup_stm32f446xx.o(.text)
    TIM6_DAC_IRQHandler                      0x080001f3   Thumb Code     0  startup_stm32f446xx.o(.text)
    TIM7_IRQHandler                          0x080001f3   Thumb Code     0  startup_stm32f446xx.o(.text)
    TIM8_BRK_TIM12_IRQHandler                0x080001f3   Thumb Code     0  startup_stm32f446xx.o(.text)
    TIM8_CC_IRQHandler                       0x080001f3   Thumb Code     0  startup_stm32f446xx.o(.text)
    UART4_IRQHandler                         0x080001f3   Thumb Code     0  startup_stm32f446xx.o(.text)
    UART5_IRQHandler                         0x080001f3   Thumb Code     0  startup_stm32f446xx.o(.text)
    USART2_IRQHandler                        0x080001f3   Thumb Code     0  startup_stm32f446xx.o(.text)
    USART3_IRQHandler                        0x080001f3   Thumb Code     0  startup_stm32f446xx.o(.text)
    USART6_IRQHandler                        0x080001f3   Thumb Code     0  startup_stm32f446xx.o(.text)
    WWDG_IRQHandler                          0x080001f3   Thumb Code     0  startup_stm32f446xx.o(.text)
    __aeabi_uldivmod                         0x080001fd   Thumb Code    98  uldiv.o(.text)
    __aeabi_memcpy                           0x0800025f   Thumb Code    36  memcpya.o(.text)
    __aeabi_memcpy4                          0x0800025f   Thumb Code     0  memcpya.o(.text)
    __aeabi_memcpy8                          0x0800025f   Thumb Code     0  memcpya.o(.text)
    __aeabi_memset                           0x08000283   Thumb Code    14  memseta.o(.text)
    __aeabi_memset4                          0x08000283   Thumb Code     0  memseta.o(.text)
    __aeabi_memset8                          0x08000283   Thumb Code     0  memseta.o(.text)
    __aeabi_memclr                           0x08000291   Thumb Code     4  memseta.o(.text)
    __aeabi_memclr4                          0x08000291   Thumb Code     0  memseta.o(.text)
    __aeabi_memclr8                          0x08000291   Thumb Code     0  memseta.o(.text)
    _memset$wrapper                          0x08000295   Thumb Code    18  memseta.o(.text)
    __aeabi_llsl                             0x080002a7   Thumb Code    30  llshl.o(.text)
    _ll_shift_l                              0x080002a7   Thumb Code     0  llshl.o(.text)
    __aeabi_llsr                             0x080002c5   Thumb Code    32  llushr.o(.text)
    _ll_ushift_r                             0x080002c5   Thumb Code     0  llushr.o(.text)
    __scatterload                            0x080002e5   Thumb Code    28  init.o(.text)
    __scatterload_rt2                        0x080002e5   Thumb Code     0  init.o(.text)
    BSP_PlatformIsDetected                   0x08000309   Thumb Code    24  fatfs_platform.o(.text.BSP_PlatformIsDetected)
    BSP_SD_AbortCallback                     0x08000321   Thumb Code     2  bsp_driver_sd.o(.text.BSP_SD_AbortCallback)
    BSP_SD_GetCardInfo                       0x08000323   Thumb Code    14  bsp_driver_sd.o(.text.BSP_SD_GetCardInfo)
    BSP_SD_GetCardState                      0x08000331   Thumb Code    22  bsp_driver_sd.o(.text.BSP_SD_GetCardState)
    BSP_SD_Init                              0x08000347   Thumb Code    30  bsp_driver_sd.o(.text.BSP_SD_Init)
    BSP_SD_IsDetected                        0x08000365   Thumb Code    30  bsp_driver_sd.o(.text.BSP_SD_IsDetected)
    BSP_SD_ReadBlocks                        0x08000383   Thumb Code    38  bsp_driver_sd.o(.text.BSP_SD_ReadBlocks)
    BSP_SD_ReadCpltCallback                  0x080003a9   Thumb Code     2  bsp_driver_sd.o(.text.BSP_SD_ReadCpltCallback)
    BSP_SD_WriteBlocks                       0x080003ab   Thumb Code    38  bsp_driver_sd.o(.text.BSP_SD_WriteBlocks)
    BSP_SD_WriteCpltCallback                 0x080003d1   Thumb Code     2  bsp_driver_sd.o(.text.BSP_SD_WriteCpltCallback)
    BusFault_Handler                         0x080003d5   Thumb Code     2  stm32f4xx_it.o(.text.BusFault_Handler)
    DMA2_Stream3_IRQHandler                  0x080003d7   Thumb Code    12  stm32f4xx_it.o(.text.DMA2_Stream3_IRQHandler)
    DMA2_Stream6_IRQHandler                  0x080003e3   Thumb Code    12  stm32f4xx_it.o(.text.DMA2_Stream6_IRQHandler)
    DMX_Init                                 0x080003ef   Thumb Code   124  main.o(.text.DMX_Init)
    DMX_Playback                             0x0800046d   Thumb Code   292  main.o(.text.DMX_Playback)
    DMX_Transmit                             0x08000591   Thumb Code    84  main.o(.text.DMX_Transmit)
    DebugMon_Handler                         0x080005e5   Thumb Code     2  stm32f4xx_it.o(.text.DebugMon_Handler)
    EXTI1_IRQHandler                         0x080005e7   Thumb Code     6  stm32f4xx_it.o(.text.EXTI1_IRQHandler)
    EXTI4_IRQHandler                         0x080005ed   Thumb Code     6  stm32f4xx_it.o(.text.EXTI4_IRQHandler)
    Error_Handler                            0x080005f3   Thumb Code     2  main.o(.text.Error_Handler)
    FATFS_LinkDriver                         0x080005f5   Thumb Code     6  ff_gen_drv.o(.text.FATFS_LinkDriver)
    FATFS_LinkDriverEx                       0x080005fb   Thumb Code    78  ff_gen_drv.o(.text.FATFS_LinkDriverEx)
    HAL_DMA_Abort_IT                         0x08000649   Thumb Code    36  stm32f4xx_hal_dma.o(.text.HAL_DMA_Abort_IT)
    HAL_DMA_IRQHandler                       0x0800066d   Thumb Code   380  stm32f4xx_hal_dma.o(.text.HAL_DMA_IRQHandler)
    HAL_DMA_Init                             0x080007e9   Thumb Code   330  stm32f4xx_hal_dma.o(.text.HAL_DMA_Init)
    HAL_Delay                                0x08000935   Thumb Code    40  stm32f4xx_hal.o(.text.HAL_Delay)
    HAL_GPIO_EXTI_Callback                   0x0800095d   Thumb Code     2  stm32f4xx_hal_gpio.o(.text.HAL_GPIO_EXTI_Callback)
    HAL_GPIO_EXTI_IRQHandler                 0x0800095f   Thumb Code    22  stm32f4xx_hal_gpio.o(.text.HAL_GPIO_EXTI_IRQHandler)
    HAL_GPIO_Init                            0x08000975   Thumb Code   432  stm32f4xx_hal_gpio.o(.text.HAL_GPIO_Init)
    HAL_GPIO_ReadPin                         0x08000b25   Thumb Code    10  stm32f4xx_hal_gpio.o(.text.HAL_GPIO_ReadPin)
    HAL_GPIO_TogglePin                       0x08000b2f   Thumb Code    14  stm32f4xx_hal_gpio.o(.text.HAL_GPIO_TogglePin)
    HAL_GPIO_WritePin                        0x08000b3d   Thumb Code    10  stm32f4xx_hal_gpio.o(.text.HAL_GPIO_WritePin)
    HAL_GetTick                              0x08000b47   Thumb Code    12  stm32f4xx_hal.o(.text.HAL_GetTick)
    HAL_IncTick                              0x08000b53   Thumb Code    26  stm32f4xx_hal.o(.text.HAL_IncTick)
    HAL_Init                                 0x08000b6d   Thumb Code    54  stm32f4xx_hal.o(.text.HAL_Init)
    HAL_InitTick                             0x08000ba3   Thumb Code    80  stm32f4xx_hal.o(.text.HAL_InitTick)
    HAL_MspInit                              0x08000bf3   Thumb Code    56  stm32f4xx_hal_msp.o(.text.HAL_MspInit)
    HAL_NVIC_EnableIRQ                       0x08000c2b   Thumb Code    30  stm32f4xx_hal_cortex.o(.text.HAL_NVIC_EnableIRQ)
    HAL_NVIC_SetPriority                     0x08000c49   Thumb Code    86  stm32f4xx_hal_cortex.o(.text.HAL_NVIC_SetPriority)
    HAL_NVIC_SetPriorityGrouping             0x08000c9f   Thumb Code    32  stm32f4xx_hal_cortex.o(.text.HAL_NVIC_SetPriorityGrouping)
    HAL_PWREx_EnableOverDrive                0x08000cc1   Thumb Code   120  stm32f4xx_hal_pwr_ex.o(.text.HAL_PWREx_EnableOverDrive)
    HAL_RCCEx_PeriphCLKConfig                0x08000d39   Thumb Code  1044  stm32f4xx_hal_rcc_ex.o(.text.HAL_RCCEx_PeriphCLKConfig)
    HAL_RCC_ClockConfig                      0x0800114d   Thumb Code   342  stm32f4xx_hal_rcc.o(.text.HAL_RCC_ClockConfig)
    HAL_RCC_GetPCLK1Freq                     0x080012a3   Thumb Code    38  stm32f4xx_hal_rcc.o(.text.HAL_RCC_GetPCLK1Freq)
    HAL_RCC_GetPCLK2Freq                     0x080012c9   Thumb Code    38  stm32f4xx_hal_rcc.o(.text.HAL_RCC_GetPCLK2Freq)
    HAL_RCC_GetSysClockFreq                  0x080012f1   Thumb Code   156  stm32f4xx_hal_rcc_ex.o(.text.HAL_RCC_GetSysClockFreq)
    HAL_RCC_OscConfig                        0x0800138d   Thumb Code   810  stm32f4xx_hal_rcc_ex.o(.text.HAL_RCC_OscConfig)
    HAL_SD_AbortCallback                     0x080016b7   Thumb Code     4  bsp_driver_sd.o(.text.HAL_SD_AbortCallback)
    HAL_SD_ErrorCallback                     0x080016bb   Thumb Code     2  stm32f4xx_hal_sd.o(.text.HAL_SD_ErrorCallback)
    HAL_SD_GetCardCSD                        0x080016bd   Thumb Code   386  stm32f4xx_hal_sd.o(.text.HAL_SD_GetCardCSD)
    HAL_SD_GetCardInfo                       0x0800183f   Thumb Code    36  stm32f4xx_hal_sd.o(.text.HAL_SD_GetCardInfo)
    HAL_SD_GetCardState                      0x08001863   Thumb Code    40  stm32f4xx_hal_sd.o(.text.HAL_SD_GetCardState)
    HAL_SD_IRQHandler                        0x0800188d   Thumb Code   532  stm32f4xx_hal_sd.o(.text.HAL_SD_IRQHandler)
    HAL_SD_Init                              0x08001aa1   Thumb Code    62  stm32f4xx_hal_sd.o(.text.HAL_SD_Init)
    HAL_SD_InitCard                          0x08001ae1   Thumb Code   480  stm32f4xx_hal_sd.o(.text.HAL_SD_InitCard)
    HAL_SD_MspInit                           0x08001cc1   Thumb Code   402  sdio.o(.text.HAL_SD_MspInit)
    HAL_SD_ReadBlocks                        0x08001e55   Thumb Code   548  stm32f4xx_hal_sd.o(.text.HAL_SD_ReadBlocks)
    HAL_SD_RxCpltCallback                    0x08002079   Thumb Code     4  bsp_driver_sd.o(.text.HAL_SD_RxCpltCallback)
    HAL_SD_TxCpltCallback                    0x0800207d   Thumb Code     4  bsp_driver_sd.o(.text.HAL_SD_TxCpltCallback)
    HAL_SD_WriteBlocks                       0x08002081   Thumb Code   502  stm32f4xx_hal_sd.o(.text.HAL_SD_WriteBlocks)
    HAL_SYSTICK_Config                       0x08002277   Thumb Code    44  stm32f4xx_hal_cortex.o(.text.HAL_SYSTICK_Config)
    HAL_TIMEx_BreakCallback                  0x080022a3   Thumb Code     2  stm32f4xx_hal_tim_ex.o(.text.HAL_TIMEx_BreakCallback)
    HAL_TIMEx_CommutCallback                 0x080022a5   Thumb Code     2  stm32f4xx_hal_tim_ex.o(.text.HAL_TIMEx_CommutCallback)
    HAL_TIM_Base_Init                        0x080022a7   Thumb Code    52  stm32f4xx_hal_tim.o(.text.HAL_TIM_Base_Init)
    HAL_TIM_Base_MspInit                     0x080022db   Thumb Code   214  tim.o(.text.HAL_TIM_Base_MspInit)
    HAL_TIM_Base_Start_IT                    0x080023b1   Thumb Code    32  stm32f4xx_hal_tim.o(.text.HAL_TIM_Base_Start_IT)
    HAL_TIM_Base_Stop_IT                     0x080023d1   Thumb Code    42  stm32f4xx_hal_tim.o(.text.HAL_TIM_Base_Stop_IT)
    HAL_TIM_IC_CaptureCallback               0x080023fb   Thumb Code     2  stm32f4xx_hal_tim.o(.text.HAL_TIM_IC_CaptureCallback)
    HAL_TIM_IRQHandler                       0x080023fd   Thumb Code   362  stm32f4xx_hal_tim.o(.text.HAL_TIM_IRQHandler)
    HAL_TIM_OC_DelayElapsedCallback          0x08002567   Thumb Code     2  stm32f4xx_hal_tim.o(.text.HAL_TIM_OC_DelayElapsedCallback)
    HAL_TIM_PWM_PulseFinishedCallback        0x08002569   Thumb Code     2  stm32f4xx_hal_tim.o(.text.HAL_TIM_PWM_PulseFinishedCallback)
    HAL_TIM_PeriodElapsedCallback            0x0800256b   Thumb Code   154  main.o(.text.HAL_TIM_PeriodElapsedCallback)
    HAL_TIM_TriggerCallback                  0x08002605   Thumb Code     2  stm32f4xx_hal_tim.o(.text.HAL_TIM_TriggerCallback)
    HAL_UART_Init                            0x08002607   Thumb Code    92  stm32f4xx_hal_uart.o(.text.HAL_UART_Init)
    HAL_UART_MspInit                         0x08002663   Thumb Code   182  usart.o(.text.HAL_UART_MspInit)
    HAL_UART_Receive_IT                      0x08002719   Thumb Code    78  stm32f4xx_hal_uart.o(.text.HAL_UART_Receive_IT)
    HAL_UART_RxCpltCallback                  0x08002767   Thumb Code    54  main.o(.text.HAL_UART_RxCpltCallback)
    HAL_UART_Transmit_IT                     0x0800279d   Thumb Code    62  stm32f4xx_hal_uart.o(.text.HAL_UART_Transmit_IT)
    HAL_UART_TxCpltCallback                  0x080027db   Thumb Code    64  main.o(.text.HAL_UART_TxCpltCallback)
    HardFault_Handler                        0x0800281d   Thumb Code     2  stm32f4xx_it.o(.text.HardFault_Handler)
    MX_DMA_Init                              0x0800281f   Thumb Code    72  dma.o(.text.MX_DMA_Init)
    MX_FATFS_Init                            0x08002867   Thumb Code    34  fatfs.o(.text.MX_FATFS_Init)
    MX_GPIO_Init                             0x08002889   Thumb Code   368  gpio.o(.text.MX_GPIO_Init)
    MX_SDIO_SD_Init                          0x080029f9   Thumb Code    30  sdio.o(.text.MX_SDIO_SD_Init)
    MX_TIM10_Init                            0x08002a17   Thumb Code    52  tim.o(.text.MX_TIM10_Init)
    MX_TIM11_Init                            0x08002a4b   Thumb Code    52  tim.o(.text.MX_TIM11_Init)
    MX_TIM13_Init                            0x08002a7f   Thumb Code    56  tim.o(.text.MX_TIM13_Init)
    MX_TIM14_Init                            0x08002ab7   Thumb Code    54  tim.o(.text.MX_TIM14_Init)
    MX_USART1_UART_Init                      0x08002aed   Thumb Code    68  usart.o(.text.MX_USART1_UART_Init)
    MemManage_Handler                        0x08002b31   Thumb Code     2  stm32f4xx_it.o(.text.MemManage_Handler)
    NMI_Handler                              0x08002b33   Thumb Code     2  stm32f4xx_it.o(.text.NMI_Handler)
    Record_DMX_sec                           0x08002b35   Thumb Code   306  main.o(.text.Record_DMX_sec)
    SDIO_ConfigData                          0x08002c67   Thumb Code    38  stm32f4xx_ll_sdmmc.o(.text.SDIO_ConfigData)
    SDIO_GetPowerState                       0x08002c8d   Thumb Code     8  stm32f4xx_ll_sdmmc.o(.text.SDIO_GetPowerState)
    SDIO_GetResponse                         0x08002c95   Thumb Code     6  stm32f4xx_ll_sdmmc.o(.text.SDIO_GetResponse)
    SDIO_IRQHandler                          0x08002c9b   Thumb Code    12  stm32f4xx_it.o(.text.SDIO_IRQHandler)
    SDIO_Init                                0x08002ca7   Thumb Code    44  stm32f4xx_ll_sdmmc.o(.text.SDIO_Init)
    SDIO_PowerState_ON                       0x08002cd3   Thumb Code    16  stm32f4xx_ll_sdmmc.o(.text.SDIO_PowerState_ON)
    SDIO_ReadFIFO                            0x08002ce3   Thumb Code     6  stm32f4xx_ll_sdmmc.o(.text.SDIO_ReadFIFO)
    SDIO_WriteFIFO                           0x08002ce9   Thumb Code    12  stm32f4xx_ll_sdmmc.o(.text.SDIO_WriteFIFO)
    SDMMC_CmdAppCommand                      0x08002cf5   Thumb Code    24  stm32f4xx_ll_sdmmc.o(.text.SDMMC_CmdAppCommand)
    SDMMC_CmdAppOperCommand                  0x08002d0d   Thumb Code    26  stm32f4xx_ll_sdmmc.o(.text.SDMMC_CmdAppOperCommand)
    SDMMC_CmdBlockLength                     0x08002d27   Thumb Code    24  stm32f4xx_ll_sdmmc.o(.text.SDMMC_CmdBlockLength)
    SDMMC_CmdGoIdleState                     0x08002d41   Thumb Code    72  stm32f4xx_ll_sdmmc.o(.text.SDMMC_CmdGoIdleState)
    SDMMC_CmdOperCond                        0x08002d89   Thumb Code   114  stm32f4xx_ll_sdmmc.o(.text.SDMMC_CmdOperCond)
    SDMMC_CmdReadMultiBlock                  0x08002dfb   Thumb Code    24  stm32f4xx_ll_sdmmc.o(.text.SDMMC_CmdReadMultiBlock)
    SDMMC_CmdReadSingleBlock                 0x08002e13   Thumb Code    24  stm32f4xx_ll_sdmmc.o(.text.SDMMC_CmdReadSingleBlock)
    SDMMC_CmdSelDesel                        0x08002e2b   Thumb Code    24  stm32f4xx_ll_sdmmc.o(.text.SDMMC_CmdSelDesel)
    SDMMC_CmdSendCID                         0x08002e43   Thumb Code    20  stm32f4xx_ll_sdmmc.o(.text.SDMMC_CmdSendCID)
    SDMMC_CmdSendCSD                         0x08002e57   Thumb Code    18  stm32f4xx_ll_sdmmc.o(.text.SDMMC_CmdSendCSD)
    SDMMC_CmdSendStatus                      0x08002e69   Thumb Code    24  stm32f4xx_ll_sdmmc.o(.text.SDMMC_CmdSendStatus)
    SDMMC_CmdSetRelAdd                       0x08002e81   Thumb Code   152  stm32f4xx_ll_sdmmc.o(.text.SDMMC_CmdSetRelAdd)
    SDMMC_CmdStopTransfer                    0x08002f19   Thumb Code    30  stm32f4xx_ll_sdmmc.o(.text.SDMMC_CmdStopTransfer)
    SDMMC_CmdWriteMultiBlock                 0x08002f37   Thumb Code    24  stm32f4xx_ll_sdmmc.o(.text.SDMMC_CmdWriteMultiBlock)
    SDMMC_CmdWriteSingleBlock                0x08002f4f   Thumb Code    24  stm32f4xx_ll_sdmmc.o(.text.SDMMC_CmdWriteSingleBlock)
    SD_initialize                            0x080031c3   Thumb Code    44  sd_diskio.o(.text.SD_initialize)
    SD_ioctl                                 0x080031f1   Thumb Code    82  sd_diskio.o(.text.SD_ioctl)
    SD_read                                  0x08003245   Thumb Code    36  sd_diskio.o(.text.SD_read)
    SD_status                                0x08003269   Thumb Code    32  sd_diskio.o(.text.SD_status)
    SD_write                                 0x08003289   Thumb Code    36  sd_diskio.o(.text.SD_write)
    SysTick_Handler                          0x080032fd   Thumb Code     4  stm32f4xx_it.o(.text.SysTick_Handler)
    SystemClock_Config                       0x08003301   Thumb Code   170  main.o(.text.SystemClock_Config)
    SystemInit                               0x080033ab   Thumb Code    28  system_stm32f4xx.o(.text.SystemInit)
    TIM1_TRG_COM_TIM11_IRQHandler            0x080033c7   Thumb Code    12  stm32f4xx_it.o(.text.TIM1_TRG_COM_TIM11_IRQHandler)
    TIM1_UP_TIM10_IRQHandler                 0x080033d3   Thumb Code    12  stm32f4xx_it.o(.text.TIM1_UP_TIM10_IRQHandler)
    TIM8_TRG_COM_TIM14_IRQHandler            0x080033df   Thumb Code    12  stm32f4xx_it.o(.text.TIM8_TRG_COM_TIM14_IRQHandler)
    TIM8_UP_TIM13_IRQHandler                 0x080033eb   Thumb Code    12  stm32f4xx_it.o(.text.TIM8_UP_TIM13_IRQHandler)
    TIM_Base_SetConfig                       0x080033f7   Thumb Code   284  stm32f4xx_hal_tim.o(.text.TIM_Base_SetConfig)
    USART1_IRQHandler                        0x08003601   Thumb Code   326  stm32f4xx_it.o(.text.USART1_IRQHandler)
    UsageFault_Handler                       0x08003749   Thumb Code     2  stm32f4xx_it.o(.text.UsageFault_Handler)
    disk_initialize                          0x08003b5d   Thumb Code    34  diskio.o(.text.disk_initialize)
    disk_ioctl                               0x08003b7f   Thumb Code    22  diskio.o(.text.disk_ioctl)
    disk_read                                0x08003b95   Thumb Code    32  diskio.o(.text.disk_read)
    disk_status                              0x08003bb5   Thumb Code    22  diskio.o(.text.disk_status)
    disk_write                               0x08003bcb   Thumb Code    32  diskio.o(.text.disk_write)
    f_close                                  0x08003beb   Thumb Code    84  ff.o(.text.f_close)
    f_lseek                                  0x08003c41   Thumb Code   644  ff.o(.text.f_lseek)
    f_mount                                  0x08003ec5   Thumb Code   114  ff.o(.text.f_mount)
    f_open                                   0x08003f39   Thumb Code   644  ff.o(.text.f_open)
    f_read                                   0x080041bd   Thumb Code   444  ff.o(.text.f_read)
    f_sync                                   0x08004379   Thumb Code   156  ff.o(.text.f_sync)
    f_write                                  0x08004415   Thumb Code   482  ff.o(.text.f_write)
    get_fattime                              0x08004bb5   Thumb Code     4  fatfs.o(.text.get_fattime)
    main                                     0x08004c7d   Thumb Code   220  main.o(.text.main)
    notify                                   0x08004d91   Thumb Code    44  main.o(.text.notify)
    __scatterload_copy                       0x08005069   Thumb Code    14  handlers.o(i.__scatterload_copy)
    __scatterload_null                       0x08005077   Thumb Code     2  handlers.o(i.__scatterload_null)
    __scatterload_zeroinit                   0x08005079   Thumb Code    14  handlers.o(i.__scatterload_zeroinit)
    AHBPrescTable                            0x08005086   Data          16  system_stm32f4xx.o(.rodata.AHBPrescTable)
    APBPrescTable                            0x08005096   Data           8  system_stm32f4xx.o(.rodata.APBPrescTable)
    SD_Driver                                0x08005120   Data          20  sd_diskio.o(.rodata.SD_Driver)
    Region$$Table$$Base                      0x0800514c   Number         0  anon$$obj.o(Region$$Table)
    Region$$Table$$Limit                     0x0800516c   Number         0  anon$$obj.o(Region$$Table)
    SystemCoreClock                          0x20000004   Data           4  system_stm32f4xx.o(.data.SystemCoreClock)
    uwTickFreq                               0x20000008   Data           1  stm32f4xx_hal.o(.data.uwTickFreq)
    uwTickPrio                               0x2000000c   Data           4  stm32f4xx_hal.o(.data.uwTickPrio)
    DMX_Buffer_IT                            0x20000010   Data         513  stm32f4xx_it.o(.bss.DMX_Buffer_IT)
    SDPath                                   0x2000026a   Data           4  fatfs.o(.bss.SDPath)
    Univers                                  0x20000270   Data        9352  main.o(.bss.Univers)
    disk                                     0x200026f8   Data          12  ff_gen_drv.o(.bss.disk)
    filesystem                               0x20002704   Data        4148  main.o(.bss.filesystem)
    hdma_sdio_rx                             0x20003738   Data          96  sdio.o(.bss.hdma_sdio_rx)
    hdma_sdio_tx                             0x20003798   Data          96  sdio.o(.bss.hdma_sdio_tx)
    hsd                                      0x200037f8   Data         132  sdio.o(.bss.hsd)
    htim10                                   0x2000387c   Data          64  tim.o(.bss.htim10)
    htim11                                   0x200038bc   Data          64  tim.o(.bss.htim11)
    htim13                                   0x200038fc   Data          64  tim.o(.bss.htim13)
    htim14                                   0x2000393c   Data          64  tim.o(.bss.htim14)
    huart1                                   0x2000397c   Data          64  usart.o(.bss.huart1)
    retSD                                    0x200039be   Data           1  fatfs.o(.bss.retSD)
    uwTick                                   0x200039c4   Data           4  stm32f4xx_hal.o(.bss.uwTick)
    __initial_sp                             0x200079c8   Data           0  startup_stm32f446xx.o(STACK)



==============================================================================

Memory Map of the image

  Image Entry point : 0x080001c5

  Load Region LR_IROM1 (Base: 0x08000000, Size: 0x00005180, Max: 0x00080000, ABSOLUTE)

    Execution Region ER_IROM1 (Exec base: 0x08000000, Load base: 0x08000000, Size: 0x0000516c, Max: 0x00080000, ABSOLUTE)

    Exec Addr    Load Addr    Size         Type   Attr      Idx    E Section Name        Object

    0x08000000   0x08000000   0x000001c4   Data   RO            3    RESET               startup_stm32f446xx.o
    0x080001c4   0x080001c4   0x00000000   Code   RO         1454  * .ARM.Collect$$$$00000000  mc_w.l(entry.o)
    0x080001c4   0x080001c4   0x00000004   Code   RO         1465    .ARM.Collect$$$$00000001  mc_w.l(entry2.o)
    0x080001c8   0x080001c8   0x00000004   Code   RO         1468    .ARM.Collect$$$$00000004  mc_w.l(entry5.o)
    0x080001cc   0x080001cc   0x00000000   Code   RO         1470    .ARM.Collect$$$$00000008  mc_w.l(entry7b.o)
    0x080001cc   0x080001cc   0x00000000   Code   RO         1472    .ARM.Collect$$$$0000000A  mc_w.l(entry8b.o)
    0x080001cc   0x080001cc   0x00000008   Code   RO         1473    .ARM.Collect$$$$0000000B  mc_w.l(entry9a.o)
    0x080001d4   0x080001d4   0x00000000   Code   RO         1475    .ARM.Collect$$$$0000000D  mc_w.l(entry10a.o)
    0x080001d4   0x080001d4   0x00000000   Code   RO         1477    .ARM.Collect$$$$0000000F  mc_w.l(entry11a.o)
    0x080001d4   0x080001d4   0x00000004   Code   RO         1466    .ARM.Collect$$$$00002712  mc_w.l(entry2.o)
    0x080001d8   0x080001d8   0x00000024   Code   RO            4    .text               startup_stm32f446xx.o
    0x080001fc   0x080001fc   0x00000062   Code   RO         1457    .text               mc_w.l(uldiv.o)
    0x0800025e   0x0800025e   0x00000024   Code   RO         1459    .text               mc_w.l(memcpya.o)
    0x08000282   0x08000282   0x00000024   Code   RO         1461    .text               mc_w.l(memseta.o)
    0x080002a6   0x080002a6   0x0000001e   Code   RO         1479    .text               mc_w.l(llshl.o)
    0x080002c4   0x080002c4   0x00000020   Code   RO         1481    .text               mc_w.l(llushr.o)
    0x080002e4   0x080002e4   0x00000024   Code   RO         1483    .text               mc_w.l(init.o)
    0x08000308   0x08000308   0x00000018   Code   RO          157    .text.BSP_PlatformIsDetected  fatfs_platform.o
    0x08000320   0x08000320   0x00000002   Code   RO          101    .text.BSP_SD_AbortCallback  bsp_driver_sd.o
    0x08000322   0x08000322   0x0000000e   Code   RO           97    .text.BSP_SD_GetCardInfo  bsp_driver_sd.o
    0x08000330   0x08000330   0x00000016   Code   RO           95    .text.BSP_SD_GetCardState  bsp_driver_sd.o
    0x08000346   0x08000346   0x0000001e   Code   RO           77    .text.BSP_SD_Init   bsp_driver_sd.o
    0x08000364   0x08000364   0x0000001e   Code   RO           79    .text.BSP_SD_IsDetected  bsp_driver_sd.o
    0x08000382   0x08000382   0x00000026   Code   RO           85    .text.BSP_SD_ReadBlocks  bsp_driver_sd.o
    0x080003a8   0x080003a8   0x00000002   Code   RO          109    .text.BSP_SD_ReadCpltCallback  bsp_driver_sd.o
    0x080003aa   0x080003aa   0x00000026   Code   RO           87    .text.BSP_SD_WriteBlocks  bsp_driver_sd.o
    0x080003d0   0x080003d0   0x00000002   Code   RO          105    .text.BSP_SD_WriteCpltCallback  bsp_driver_sd.o
    0x080003d2   0x080003d2   0x00000002   PAD
    0x080003d4   0x080003d4   0x00000002   Code   RO          232    .text.BusFault_Handler  stm32f4xx_it.o
    0x080003d6   0x080003d6   0x0000000c   Code   RO          256    .text.DMA2_Stream3_IRQHandler  stm32f4xx_it.o
    0x080003e2   0x080003e2   0x0000000c   Code   RO          258    .text.DMA2_Stream6_IRQHandler  stm32f4xx_it.o
    0x080003ee   0x080003ee   0x0000007c   Code   RO           11    .text.DMX_Init      main.o
    0x0800046a   0x0800046a   0x00000002   PAD
    0x0800046c   0x0800046c   0x00000124   Code   RO           25    .text.DMX_Playback  main.o
    0x08000590   0x08000590   0x00000054   Code   RO           13    .text.DMX_Transmit  main.o
    0x080005e4   0x080005e4   0x00000002   Code   RO          236    .text.DebugMon_Handler  stm32f4xx_it.o
    0x080005e6   0x080005e6   0x00000006   Code   RO          240    .text.EXTI1_IRQHandler  stm32f4xx_it.o
    0x080005ec   0x080005ec   0x00000006   Code   RO          242    .text.EXTI4_IRQHandler  stm32f4xx_it.o
    0x080005f2   0x080005f2   0x00000002   Code   RO           29    .text.Error_Handler  main.o
    0x080005f4   0x080005f4   0x00000006   Code   RO         1436    .text.FATFS_LinkDriver  ff_gen_drv.o
    0x080005fa   0x080005fa   0x0000004e   Code   RO         1434    .text.FATFS_LinkDriverEx  ff_gen_drv.o
    0x08000648   0x08000648   0x00000024   Code   RO          475    .text.HAL_DMA_Abort_IT  stm32f4xx_hal_dma.o
    0x0800066c   0x0800066c   0x0000017c   Code   RO          479    .text.HAL_DMA_IRQHandler  stm32f4xx_hal_dma.o
    0x080007e8   0x080007e8   0x0000014a   Code   RO          465    .text.HAL_DMA_Init  stm32f4xx_hal_dma.o
    0x08000932   0x08000932   0x00000002   PAD
    0x08000934   0x08000934   0x00000028   Code   RO          636    .text.HAL_Delay     stm32f4xx_hal.o
    0x0800095c   0x0800095c   0x00000002   Code   RO          439    .text.HAL_GPIO_EXTI_Callback  stm32f4xx_hal_gpio.o
    0x0800095e   0x0800095e   0x00000016   Code   RO          437    .text.HAL_GPIO_EXTI_IRQHandler  stm32f4xx_hal_gpio.o
    0x08000974   0x08000974   0x000001b0   Code   RO          425    .text.HAL_GPIO_Init  stm32f4xx_hal_gpio.o
    0x08000b24   0x08000b24   0x0000000a   Code   RO          429    .text.HAL_GPIO_ReadPin  stm32f4xx_hal_gpio.o
    0x08000b2e   0x08000b2e   0x0000000e   Code   RO          433    .text.HAL_GPIO_TogglePin  stm32f4xx_hal_gpio.o
    0x08000b3c   0x08000b3c   0x0000000a   Code   RO          431    .text.HAL_GPIO_WritePin  stm32f4xx_hal_gpio.o
    0x08000b46   0x08000b46   0x0000000c   Code   RO          628    .text.HAL_GetTick   stm32f4xx_hal.o
    0x08000b52   0x08000b52   0x0000001a   Code   RO          626    .text.HAL_IncTick   stm32f4xx_hal.o
    0x08000b6c   0x08000b6c   0x00000036   Code   RO          616    .text.HAL_Init      stm32f4xx_hal.o
    0x08000ba2   0x08000ba2   0x00000050   Code   RO          618    .text.HAL_InitTick  stm32f4xx_hal.o
    0x08000bf2   0x08000bf2   0x00000038   Code   RO          272    .text.HAL_MspInit   stm32f4xx_hal_msp.o
    0x08000c2a   0x08000c2a   0x0000001e   Code   RO          573    .text.HAL_NVIC_EnableIRQ  stm32f4xx_hal_cortex.o
    0x08000c48   0x08000c48   0x00000056   Code   RO          571    .text.HAL_NVIC_SetPriority  stm32f4xx_hal_cortex.o
    0x08000c9e   0x08000c9e   0x00000020   Code   RO          569    .text.HAL_NVIC_SetPriorityGrouping  stm32f4xx_hal_cortex.o
    0x08000cbe   0x08000cbe   0x00000002   PAD
    0x08000cc0   0x08000cc0   0x00000078   Code   RO          554    .text.HAL_PWREx_EnableOverDrive  stm32f4xx_hal_pwr_ex.o
    0x08000d38   0x08000d38   0x00000414   Code   RO          318    .text.HAL_RCCEx_PeriphCLKConfig  stm32f4xx_hal_rcc_ex.o
    0x0800114c   0x0800114c   0x00000156   Code   RO          285    .text.HAL_RCC_ClockConfig  stm32f4xx_hal_rcc.o
    0x080012a2   0x080012a2   0x00000026   Code   RO          297    .text.HAL_RCC_GetPCLK1Freq  stm32f4xx_hal_rcc.o
    0x080012c8   0x080012c8   0x00000026   Code   RO          299    .text.HAL_RCC_GetPCLK2Freq  stm32f4xx_hal_rcc.o
    0x080012ee   0x080012ee   0x00000002   PAD
    0x080012f0   0x080012f0   0x0000009c   Code   RO          334    .text.HAL_RCC_GetSysClockFreq  stm32f4xx_hal_rcc_ex.o
    0x0800138c   0x0800138c   0x0000032a   Code   RO          338    .text.HAL_RCC_OscConfig  stm32f4xx_hal_rcc_ex.o
    0x080016b6   0x080016b6   0x00000004   Code   RO           99    .text.HAL_SD_AbortCallback  bsp_driver_sd.o
    0x080016ba   0x080016ba   0x00000002   Code   RO          832    .text.HAL_SD_ErrorCallback  stm32f4xx_hal_sd.o
    0x080016bc   0x080016bc   0x00000182   Code   RO          850    .text.HAL_SD_GetCardCSD  stm32f4xx_hal_sd.o
    0x0800183e   0x0800183e   0x00000024   Code   RO          854    .text.HAL_SD_GetCardInfo  stm32f4xx_hal_sd.o
    0x08001862   0x08001862   0x00000028   Code   RO          858    .text.HAL_SD_GetCardState  stm32f4xx_hal_sd.o
    0x0800188a   0x0800188a   0x00000002   PAD
    0x0800188c   0x0800188c   0x00000214   Code   RO          830    .text.HAL_SD_IRQHandler  stm32f4xx_hal_sd.o
    0x08001aa0   0x08001aa0   0x0000003e   Code   RO          800    .text.HAL_SD_Init   stm32f4xx_hal_sd.o
    0x08001ade   0x08001ade   0x00000002   PAD
    0x08001ae0   0x08001ae0   0x000001e0   Code   RO          804    .text.HAL_SD_InitCard  stm32f4xx_hal_sd.o
    0x08001cc0   0x08001cc0   0x00000192   Code   RO          169    .text.HAL_SD_MspInit  sdio.o
    0x08001e52   0x08001e52   0x00000002   PAD
    0x08001e54   0x08001e54   0x00000224   Code   RO          810    .text.HAL_SD_ReadBlocks  stm32f4xx_hal_sd.o
    0x08002078   0x08002078   0x00000004   Code   RO          107    .text.HAL_SD_RxCpltCallback  bsp_driver_sd.o
    0x0800207c   0x0800207c   0x00000004   Code   RO          103    .text.HAL_SD_TxCpltCallback  bsp_driver_sd.o
    0x08002080   0x08002080   0x000001f6   Code   RO          812    .text.HAL_SD_WriteBlocks  stm32f4xx_hal_sd.o
    0x08002276   0x08002276   0x0000002c   Code   RO          581    .text.HAL_SYSTICK_Config  stm32f4xx_hal_cortex.o
    0x080022a2   0x080022a2   0x00000002   Code   RO         1172    .text.HAL_TIMEx_BreakCallback  stm32f4xx_hal_tim_ex.o
    0x080022a4   0x080022a4   0x00000002   Code   RO         1168    .text.HAL_TIMEx_CommutCallback  stm32f4xx_hal_tim_ex.o
    0x080022a6   0x080022a6   0x00000034   Code   RO          875    .text.HAL_TIM_Base_Init  stm32f4xx_hal_tim.o
    0x080022da   0x080022da   0x000000d6   Code   RO          193    .text.HAL_TIM_Base_MspInit  tim.o
    0x080023b0   0x080023b0   0x00000020   Code   RO          889    .text.HAL_TIM_Base_Start_IT  stm32f4xx_hal_tim.o
    0x080023d0   0x080023d0   0x0000002a   Code   RO          891    .text.HAL_TIM_Base_Stop_IT  stm32f4xx_hal_tim.o
    0x080023fa   0x080023fa   0x00000002   Code   RO         1011    .text.HAL_TIM_IC_CaptureCallback  stm32f4xx_hal_tim.o
    0x080023fc   0x080023fc   0x0000016a   Code   RO         1009    .text.HAL_TIM_IRQHandler  stm32f4xx_hal_tim.o
    0x08002566   0x08002566   0x00000002   Code   RO         1013    .text.HAL_TIM_OC_DelayElapsedCallback  stm32f4xx_hal_tim.o
    0x08002568   0x08002568   0x00000002   Code   RO         1015    .text.HAL_TIM_PWM_PulseFinishedCallback  stm32f4xx_hal_tim.o
    0x0800256a   0x0800256a   0x0000009a   Code   RO           33    .text.HAL_TIM_PeriodElapsedCallback  main.o
    0x08002604   0x08002604   0x00000002   Code   RO         1019    .text.HAL_TIM_TriggerCallback  stm32f4xx_hal_tim.o
    0x08002606   0x08002606   0x0000005c   Code   RO         1185    .text.HAL_UART_Init  stm32f4xx_hal_uart.o
    0x08002662   0x08002662   0x000000b6   Code   RO          212    .text.HAL_UART_MspInit  usart.o
    0x08002718   0x08002718   0x0000004e   Code   RO         1209    .text.HAL_UART_Receive_IT  stm32f4xx_hal_uart.o
    0x08002766   0x08002766   0x00000036   Code   RO           35    .text.HAL_UART_RxCpltCallback  main.o
    0x0800279c   0x0800279c   0x0000003e   Code   RO         1207    .text.HAL_UART_Transmit_IT  stm32f4xx_hal_uart.o
    0x080027da   0x080027da   0x00000040   Code   RO           37    .text.HAL_UART_TxCpltCallback  main.o
    0x0800281a   0x0800281a   0x00000002   PAD
    0x0800281c   0x0800281c   0x00000002   Code   RO          228    .text.HardFault_Handler  stm32f4xx_it.o
    0x0800281e   0x0800281e   0x00000048   Code   RO           67    .text.MX_DMA_Init   dma.o
    0x08002866   0x08002866   0x00000022   Code   RO          141    .text.MX_FATFS_Init  fatfs.o
    0x08002888   0x08002888   0x00000170   Code   RO           57    .text.MX_GPIO_Init  gpio.o
    0x080029f8   0x080029f8   0x0000001e   Code   RO          167    .text.MX_SDIO_SD_Init  sdio.o
    0x08002a16   0x08002a16   0x00000034   Code   RO          185    .text.MX_TIM10_Init  tim.o
    0x08002a4a   0x08002a4a   0x00000034   Code   RO          187    .text.MX_TIM11_Init  tim.o
    0x08002a7e   0x08002a7e   0x00000038   Code   RO          189    .text.MX_TIM13_Init  tim.o
    0x08002ab6   0x08002ab6   0x00000036   Code   RO          191    .text.MX_TIM14_Init  tim.o
    0x08002aec   0x08002aec   0x00000044   Code   RO          210    .text.MX_USART1_UART_Init  usart.o
    0x08002b30   0x08002b30   0x00000002   Code   RO          230    .text.MemManage_Handler  stm32f4xx_it.o
    0x08002b32   0x08002b32   0x00000002   Code   RO          226    .text.NMI_Handler   stm32f4xx_it.o
    0x08002b34   0x08002b34   0x00000132   Code   RO           27    .text.Record_DMX_sec  main.o
    0x08002c66   0x08002c66   0x00000026   Code   RO          727    .text.SDIO_ConfigData  stm32f4xx_ll_sdmmc.o
    0x08002c8c   0x08002c8c   0x00000008   Code   RO          719    .text.SDIO_GetPowerState  stm32f4xx_ll_sdmmc.o
    0x08002c94   0x08002c94   0x00000006   Code   RO          725    .text.SDIO_GetResponse  stm32f4xx_ll_sdmmc.o
    0x08002c9a   0x08002c9a   0x0000000c   Code   RO          254    .text.SDIO_IRQHandler  stm32f4xx_it.o
    0x08002ca6   0x08002ca6   0x0000002c   Code   RO          709    .text.SDIO_Init     stm32f4xx_ll_sdmmc.o
    0x08002cd2   0x08002cd2   0x00000010   Code   RO          715    .text.SDIO_PowerState_ON  stm32f4xx_ll_sdmmc.o
    0x08002ce2   0x08002ce2   0x00000006   Code   RO          711    .text.SDIO_ReadFIFO  stm32f4xx_ll_sdmmc.o
    0x08002ce8   0x08002ce8   0x0000000c   Code   RO          713    .text.SDIO_WriteFIFO  stm32f4xx_ll_sdmmc.o
    0x08002cf4   0x08002cf4   0x00000018   Code   RO          765    .text.SDMMC_CmdAppCommand  stm32f4xx_ll_sdmmc.o
    0x08002d0c   0x08002d0c   0x0000001a   Code   RO          767    .text.SDMMC_CmdAppOperCommand  stm32f4xx_ll_sdmmc.o
    0x08002d26   0x08002d26   0x00000018   Code   RO          735    .text.SDMMC_CmdBlockLength  stm32f4xx_ll_sdmmc.o
    0x08002d3e   0x08002d3e   0x00000002   PAD
    0x08002d40   0x08002d40   0x00000048   Code   RO          761    .text.SDMMC_CmdGoIdleState  stm32f4xx_ll_sdmmc.o
    0x08002d88   0x08002d88   0x00000072   Code   RO          763    .text.SDMMC_CmdOperCond  stm32f4xx_ll_sdmmc.o
    0x08002dfa   0x08002dfa   0x00000018   Code   RO          741    .text.SDMMC_CmdReadMultiBlock  stm32f4xx_ll_sdmmc.o
    0x08002e12   0x08002e12   0x00000018   Code   RO          739    .text.SDMMC_CmdReadSingleBlock  stm32f4xx_ll_sdmmc.o
    0x08002e2a   0x08002e2a   0x00000018   Code   RO          759    .text.SDMMC_CmdSelDesel  stm32f4xx_ll_sdmmc.o
    0x08002e42   0x08002e42   0x00000014   Code   RO          775    .text.SDMMC_CmdSendCID  stm32f4xx_ll_sdmmc.o
    0x08002e56   0x08002e56   0x00000012   Code   RO          779    .text.SDMMC_CmdSendCSD  stm32f4xx_ll_sdmmc.o
    0x08002e68   0x08002e68   0x00000018   Code   RO          783    .text.SDMMC_CmdSendStatus  stm32f4xx_ll_sdmmc.o
    0x08002e80   0x08002e80   0x00000098   Code   RO          781    .text.SDMMC_CmdSetRelAdd  stm32f4xx_ll_sdmmc.o
    0x08002f18   0x08002f18   0x0000001e   Code   RO          757    .text.SDMMC_CmdStopTransfer  stm32f4xx_ll_sdmmc.o
    0x08002f36   0x08002f36   0x00000018   Code   RO          745    .text.SDMMC_CmdWriteMultiBlock  stm32f4xx_ll_sdmmc.o
    0x08002f4e   0x08002f4e   0x00000018   Code   RO          743    .text.SDMMC_CmdWriteSingleBlock  stm32f4xx_ll_sdmmc.o
    0x08002f66   0x08002f66   0x00000002   PAD
    0x08002f68   0x08002f68   0x0000012a   Code   RO          737    .text.SDMMC_GetCmdResp1  stm32f4xx_ll_sdmmc.o
    0x08003092   0x08003092   0x00000002   PAD
    0x08003094   0x08003094   0x00000058   Code   RO          777    .text.SDMMC_GetCmdResp2  stm32f4xx_ll_sdmmc.o
    0x080030ec   0x080030ec   0x0000004a   Code   RO          769    .text.SDMMC_GetCmdResp3  stm32f4xx_ll_sdmmc.o
    0x08003136   0x08003136   0x00000046   Code   RO          840    .text.SD_DMARxAbort  stm32f4xx_hal_sd.o
    0x0800317c   0x0800317c   0x00000046   Code   RO          838    .text.SD_DMATxAbort  stm32f4xx_hal_sd.o
    0x080031c2   0x080031c2   0x0000002c   Code   RO          120    .text.SD_initialize  sd_diskio.o
    0x080031ee   0x080031ee   0x00000002   PAD
    0x080031f0   0x080031f0   0x00000052   Code   RO          128    .text.SD_ioctl      sd_diskio.o
    0x08003242   0x08003242   0x00000002   PAD
    0x08003244   0x08003244   0x00000024   Code   RO          124    .text.SD_read       sd_diskio.o
    0x08003268   0x08003268   0x00000020   Code   RO          122    .text.SD_status     sd_diskio.o
    0x08003288   0x08003288   0x00000024   Code   RO          126    .text.SD_write      sd_diskio.o
    0x080032ac   0x080032ac   0x00000050   Code   RO          260    .text.Save_Byte_Rx  stm32f4xx_it.o
    0x080032fc   0x080032fc   0x00000004   Code   RO          238    .text.SysTick_Handler  stm32f4xx_it.o
    0x08003300   0x08003300   0x000000aa   Code   RO           21    .text.SystemClock_Config  main.o
    0x080033aa   0x080033aa   0x0000001c   Code   RO         1296    .text.SystemInit    system_stm32f4xx.o
    0x080033c6   0x080033c6   0x0000000c   Code   RO          246    .text.TIM1_TRG_COM_TIM11_IRQHandler  stm32f4xx_it.o
    0x080033d2   0x080033d2   0x0000000c   Code   RO          244    .text.TIM1_UP_TIM10_IRQHandler  stm32f4xx_it.o
    0x080033de   0x080033de   0x0000000c   Code   RO          252    .text.TIM8_TRG_COM_TIM14_IRQHandler  stm32f4xx_it.o
    0x080033ea   0x080033ea   0x0000000c   Code   RO          250    .text.TIM8_UP_TIM13_IRQHandler  stm32f4xx_it.o
    0x080033f6   0x080033f6   0x0000011c   Code   RO          879    .text.TIM_Base_SetConfig  stm32f4xx_hal_tim.o
    0x08003512   0x08003512   0x000000ee   Code   RO         1189    .text.UART_SetConfig  stm32f4xx_hal_uart.o
    0x08003600   0x08003600   0x00000146   Code   RO          248    .text.USART1_IRQHandler  stm32f4xx_it.o
    0x08003746   0x08003746   0x00000002   PAD
    0x08003748   0x08003748   0x00000002   Code   RO          234    .text.UsageFault_Handler  stm32f4xx_it.o
    0x0800374a   0x0800374a   0x0000007a   Code   RO         1415    .text.check_fs      ff.o
    0x080037c4   0x080037c4   0x00000068   Code   RO         1343    .text.chk_lock      ff.o
    0x0800382c   0x0800382c   0x00000038   Code   RO         1359    .text.clmt_clust    ff.o
    0x08003864   0x08003864   0x000000c4   Code   RO         1363    .text.create_chain  ff.o
    0x08003928   0x08003928   0x0000015a   Code   RO         1385    .text.dir_next      ff.o
    0x08003a82   0x08003a82   0x00000002   PAD
    0x08003a84   0x08003a84   0x00000062   Code   RO         1345    .text.dir_register  ff.o
    0x08003ae6   0x08003ae6   0x00000002   PAD
    0x08003ae8   0x08003ae8   0x00000074   Code   RO         1375    .text.dir_sdi       ff.o
    0x08003b5c   0x08003b5c   0x00000022   Code   RO         1314    .text.disk_initialize  diskio.o
    0x08003b7e   0x08003b7e   0x00000016   Code   RO         1320    .text.disk_ioctl    diskio.o
    0x08003b94   0x08003b94   0x00000020   Code   RO         1316    .text.disk_read     diskio.o
    0x08003bb4   0x08003bb4   0x00000016   Code   RO         1312    .text.disk_status   diskio.o
    0x08003bca   0x08003bca   0x00000020   Code   RO         1318    .text.disk_write    diskio.o
    0x08003bea   0x08003bea   0x00000054   Code   RO         1369    .text.f_close       ff.o
    0x08003c3e   0x08003c3e   0x00000002   PAD
    0x08003c40   0x08003c40   0x00000284   Code   RO         1371    .text.f_lseek       ff.o
    0x08003ec4   0x08003ec4   0x00000072   Code   RO         1333    .text.f_mount       ff.o
    0x08003f36   0x08003f36   0x00000002   PAD
    0x08003f38   0x08003f38   0x00000284   Code   RO         1339    .text.f_open        ff.o
    0x080041bc   0x080041bc   0x000001bc   Code   RO         1355    .text.f_read        ff.o
    0x08004378   0x08004378   0x0000009c   Code   RO         1365    .text.f_sync        ff.o
    0x08004414   0x08004414   0x000001e2   Code   RO         1361    .text.f_write       ff.o
    0x080045f6   0x080045f6   0x00000002   PAD
    0x080045f8   0x080045f8   0x000002d4   Code   RO         1337    .text.find_volume   ff.o
    0x080048cc   0x080048cc   0x000001ec   Code   RO         1341    .text.follow_path   ff.o
    0x08004ab8   0x08004ab8   0x000000fc   Code   RO         1353    .text.get_fat       ff.o
    0x08004bb4   0x08004bb4   0x00000004   Code   RO          143    .text.get_fattime   fatfs.o
    0x08004bb8   0x08004bb8   0x00000042   Code   RO         1335    .text.get_ldnumber  ff.o
    0x08004bfa   0x08004bfa   0x00000002   PAD
    0x08004bfc   0x08004bfc   0x0000007e   Code   RO         1351    .text.inc_lock      ff.o
    0x08004c7a   0x08004c7a   0x00000002   PAD
    0x08004c7c   0x08004c7c   0x000000dc   Code   RO           19    .text.main          main.o
    0x08004d58   0x08004d58   0x00000036   Code   RO         1349    .text.move_window   ff.o
    0x08004d8e   0x08004d8e   0x00000002   PAD
    0x08004d90   0x08004d90   0x0000002c   Code   RO           23    .text.notify        main.o
    0x08004dbc   0x08004dbc   0x00000124   Code   RO         1417    .text.put_fat       ff.o
    0x08004ee0   0x08004ee0   0x00000076   Code   RO         1347    .text.remove_chain  ff.o
    0x08004f56   0x08004f56   0x00000074   Code   RO         1367    .text.sync_fs       ff.o
    0x08004fca   0x08004fca   0x00000002   PAD
    0x08004fcc   0x08004fcc   0x0000006c   Code   RO         1397    .text.sync_window   ff.o
    0x08005038   0x08005038   0x00000030   Code   RO         1357    .text.validate      ff.o
    0x08005068   0x08005068   0x0000000e   Code   RO         1487    i.__scatterload_copy  mc_w.l(handlers.o)
    0x08005076   0x08005076   0x00000002   Code   RO         1488    i.__scatterload_null  mc_w.l(handlers.o)
    0x08005078   0x08005078   0x0000000e   Code   RO         1489    i.__scatterload_zeroinit  mc_w.l(handlers.o)
    0x08005086   0x08005086   0x00000010   Data   RO         1301    .rodata.AHBPrescTable  system_stm32f4xx.o
    0x08005096   0x08005096   0x00000008   Data   RO         1302    .rodata.APBPrescTable  system_stm32f4xx.o
    0x0800509e   0x0800509e   0x00000080   Data   RO         1424    .rodata.ExCvt       ff.o
    0x0800511e   0x0800511e   0x00000002   PAD
    0x08005120   0x08005120   0x00000014   Data   RO          130    .rodata.SD_Driver   sd_diskio.o
    0x08005134   0x08005134   0x00000008   Data   RO          489    .rodata.cst8        stm32f4xx_hal_dma.o
    0x0800513c   0x0800513c   0x0000000f   Data   RO         1421    .rodata.str1.1      ff.o
    0x0800514b   0x0800514b   0x00000001   PAD
    0x0800514c   0x0800514c   0x00000020   Data   RO         1486    Region$$Table       anon$$obj.o


    Execution Region RW_IRAM1 (Exec base: 0x20000000, Load base: 0x08005170, Size: 0x000079c8, Max: 0x00020000, ABSOLUTE)

    Exec Addr    Load Addr    Size         Type   Attr      Idx    E Section Name        Object

    0x20000000   0x08005170   0x00000001   Data   RW          131    .data.Stat          sd_diskio.o
    0x20000001   0x08005171   0x00000003   PAD
    0x20000004   0x08005174   0x00000004   Data   RW         1300    .data.SystemCoreClock  system_stm32f4xx.o
    0x20000008   0x08005178   0x00000001   Data   RW          671    .data.uwTickFreq    stm32f4xx_hal.o
    0x20000009   0x08005179   0x00000003   PAD
    0x2000000c   0x0800517c   0x00000004   Data   RW          670    .data.uwTickPrio    stm32f4xx_hal.o
    0x20000010        -       0x00000201   Zero   RW          262    .bss.DMX_Buffer_IT  stm32f4xx_it.o
    0x20000211   0x08005180   0x00000003   PAD
    0x20000214        -       0x00000004   Zero   RW         1419    .bss.FatFs          ff.o
    0x20000218        -       0x00000050   Zero   RW         1422    .bss.Files          ff.o
    0x20000268        -       0x00000002   Zero   RW         1423    .bss.Fsid           ff.o
    0x2000026a        -       0x00000004   Zero   RW          145    .bss.SDPath         fatfs.o
    0x2000026e   0x08005180   0x00000002   PAD
    0x20000270        -       0x00002488   Zero   RW           39    .bss.Univers        main.o
    0x200026f8        -       0x0000000c   Zero   RW         1444    .bss.disk           ff_gen_drv.o
    0x20002704        -       0x00001034   Zero   RW           40    .bss.filesystem     main.o
    0x20003738        -       0x00000060   Zero   RW          174    .bss.hdma_sdio_rx   sdio.o
    0x20003798        -       0x00000060   Zero   RW          175    .bss.hdma_sdio_tx   sdio.o
    0x200037f8        -       0x00000084   Zero   RW          173    .bss.hsd            sdio.o
    0x2000387c        -       0x00000040   Zero   RW          197    .bss.htim10         tim.o
    0x200038bc        -       0x00000040   Zero   RW          198    .bss.htim11         tim.o
    0x200038fc        -       0x00000040   Zero   RW          199    .bss.htim13         tim.o
    0x2000393c        -       0x00000040   Zero   RW          200    .bss.htim14         tim.o
    0x2000397c        -       0x00000040   Zero   RW          216    .bss.huart1         usart.o
    0x200039bc        -       0x00000002   Zero   RW           42    .bss.m_seconds_passed  main.o
    0x200039be        -       0x00000001   Zero   RW          146    .bss.retSD          fatfs.o
    0x200039bf   0x08005180   0x00000001   PAD
    0x200039c0        -       0x00000002   Zero   RW           43    .bss.seconds_passed  main.o
    0x200039c2   0x08005180   0x00000002   PAD
    0x200039c4        -       0x00000004   Zero   RW          672    .bss.uwTick         stm32f4xx_hal.o
    0x200039c8        -       0x00004000   Zero   RW            1    STACK               startup_stm32f446xx.o


==============================================================================

Image component sizes


      Code (inc. data)   RO Data    RW Data    ZI Data      Debug   Object Name

       190          0          0          0          0       6439   bsp_driver_sd.o
       142          0          0          0          0       1731   diskio.o
        72          0          0          0          0       3478   dma.o
        38          0          0          0          5       1815   fatfs.o
        24          0          0          0          0       1173   fatfs_platform.o
      6002          0        143          0         86      46478   ff.o
        84          0          0          0         12       2783   ff_gen_drv.o
       368          0          0          0          0       4321   gpio.o
      1514         28          0          0      13504      13272   main.o
       230          4         20          1          0       3096   sd_diskio.o
       432          0          0          0        324       7490   sdio.o
        36          8        452          0      16384        840   startup_stm32f446xx.o
       212          0          0          5          4       7430   stm32f4xx_hal.o
       192          0          0          0          0       9945   stm32f4xx_hal_cortex.o
       746          4          8          0          0       8911   stm32f4xx_hal_dma.o
       490          0          0          0          0       4937   stm32f4xx_hal_gpio.o
        56          0          0          0          0       1530   stm32f4xx_hal_msp.o
       120          0          0          0          0       4467   stm32f4xx_hal_pwr_ex.o
       418          0          0          0          0       7223   stm32f4xx_hal_rcc.o
      2010          4          0          0          0      10084   stm32f4xx_hal_rcc_ex.o
      2728          0          0          0          0      22141   stm32f4xx_hal_sd.o
       780          0          0          0          0      42381   stm32f4xx_hal_tim.o
         4          0          0          0          0      15922   stm32f4xx_hal_tim_ex.o
       470          0          0          0          0      16277   stm32f4xx_hal_uart.o
       518          0          0          0        513       5957   stm32f4xx_it.o
      1214          0          0          0          0      15500   stm32f4xx_ll_sdmmc.o
        28          0         24          4          0       2654   system_stm32f4xx.o
       428          0          0          0        256       7057   tim.o
       250          0          0          0         64       6834   usart.o

    ----------------------------------------------------------------------
     19844         48        682         16      31160     282166   Object Totals
         0          0         32          0          0          0   (incl. Generated)
        48          0          3          6          8          0   (incl. Padding)

    ----------------------------------------------------------------------

      Code (inc. data)   RO Data    RW Data    ZI Data      Debug   Library Member Name

         0          0          0          0          0          0   entry.o
         0          0          0          0          0          0   entry10a.o
         0          0          0          0          0          0   entry11a.o
         8          4          0          0          0          0   entry2.o
         4          0          0          0          0          0   entry5.o
         0          0          0          0          0          0   entry7b.o
         0          0          0          0          0          0   entry8b.o
         8          4          0          0          0          0   entry9a.o
        30          0          0          0          0          0   handlers.o
        36          8          0          0          0         68   init.o
        30          0          0          0          0         68   llshl.o
        32          0          0          0          0         68   llushr.o
        36          0          0          0          0         68   memcpya.o
        36          0          0          0          0        108   memseta.o
        98          0          0          0          0         92   uldiv.o

    ----------------------------------------------------------------------
       318         16          0          0          0        472   Library Totals
         0          0          0          0          0          0   (incl. Padding)

    ----------------------------------------------------------------------

      Code (inc. data)   RO Data    RW Data    ZI Data      Debug   Library Name

       318         16          0          0          0        472   mc_w.l

    ----------------------------------------------------------------------
       318         16          0          0          0        472   Library Totals

    ----------------------------------------------------------------------

==============================================================================


      Code (inc. data)   RO Data    RW Data    ZI Data      Debug   

     20162         64        682         16      31160     282254   Grand Totals
     20162         64        682         16      31160     282254   ELF Image Totals
     20162         64        682         16          0          0   ROM Totals

==============================================================================

    Total RO  Size (Code + RO Data)                20844 (  20.36kB)
    Total RW  Size (RW Data + ZI Data)             31176 (  30.45kB)
    Total ROM Size (Code + RO Data + RW Data)      20860 (  20.37kB)

==============================================================================

