stm32f4xx_it.c:82:6:NMI_Handler	4	static
stm32f4xx_it.c:95:6:HardFault_Handler	4	static
stm32f4xx_it.c:110:6:MemManage_Handler	4	static
stm32f4xx_it.c:125:6:BusFault_Handler	4	static
stm32f4xx_it.c:140:6:UsageFault_Handler	4	static
stm32f4xx_it.c:155:6:SVC_Handler	4	static
stm32f4xx_it.c:168:6:DebugMon_Handler	4	static
stm32f4xx_it.c:181:6:PendSV_Handler	4	static
stm32f4xx_it.c:194:6:SysTick_Handler	8	static
stm32f4xx_it.c:216:6:TIM1_TRG_COM_TIM11_IRQHandler	8	static
stm32f4xx_it.c:231:6:TIM8_UP_TIM13_IRQHandler	8	static
stm32f4xx_it.c:245:6:TIM8_TRG_COM_TIM14_IRQHandler	8	static
stm32f4xx_it.c:259:6:SDIO_IRQHandler	8	static
stm32f4xx_it.c:273:6:UART4_IRQHandler	8	static
stm32f4xx_it.c:287:6:DMA2_Stream3_IRQHandler	8	static
stm32f4xx_it.c:301:6:DMA2_Stream6_IRQHandler	8	static
stm32f4xx_it.c:356:26:UART_EndTransmit_IT	16	static
stm32f4xx_it.c:381:26:UART_Transmit_IT	24	static
