stm32f4xx_it.c:84:6:NMI_Handler	4	static
stm32f4xx_it.c:97:6:HardFault_Handler	4	static
stm32f4xx_it.c:112:6:MemManage_Handler	4	static
stm32f4xx_it.c:127:6:BusFault_Handler	4	static
stm32f4xx_it.c:142:6:UsageFault_Handler	4	static
stm32f4xx_it.c:157:6:SVC_Handler	4	static
stm32f4xx_it.c:170:6:DebugMon_Handler	4	static
stm32f4xx_it.c:183:6:PendSV_Handler	4	static
stm32f4xx_it.c:196:6:SysTick_Handler	8	static
stm32f4xx_it.c:218:6:TIM1_BRK_TIM9_IRQHandler	8	static
stm32f4xx_it.c:233:6:TIM1_UP_TIM10_IRQHandler	8	static
stm32f4xx_it.c:248:6:TIM1_TRG_COM_TIM11_IRQHandler	8	static
stm32f4xx_it.c:263:6:TIM8_UP_TIM13_IRQHandler	8	static
stm32f4xx_it.c:277:6:TIM8_TRG_COM_TIM14_IRQHandler	8	static
stm32f4xx_it.c:291:6:SDIO_IRQHandler	8	static
stm32f4xx_it.c:305:6:UART4_IRQHandler	8	static
stm32f4xx_it.c:319:6:DMA2_Stream3_IRQHandler	8	static
stm32f4xx_it.c:333:6:DMA2_Stream6_IRQHandler	8	static
stm32f4xx_it.c:388:26:UART_EndTransmit_IT	16	static
stm32f4xx_it.c:413:26:UART_Transmit_IT	24	static
